I/CameraCapHdrMovie( 2425): queryCapability(), Query HDR movie supported capability return: 1
I/IppAlgoCapability( 2425): [CAMERA_PARAM] support preview ipp=none,hisi-anti-banding,hisi-video-stabilization-sw,hisi-color-effect,hw-omron-face-detect,hw-auto-scene-detect,hw-omron-face-smooth,hw-smart-ae,hw-alc-awb,auckland-target-tracking,hw-hdr-movie-ae,hw-face-mirror
I/IppAlgoCapability( 2425): [CAMERA_PARAM] support picture ipp=none,hisi-color-effect
I/CameraCapPreview( 2425): [CAMERA_PARAM] set preview size to 640x480
I/CameraCapPreview( 2425): [CAMERA_PARAM] set preview format to [yuv420sp]
I/CameraCapAntibanding( 2425): [CAMERA_PARAM] set antibanding to [auto]
I/CameraCapSnapshot( 2425): [CAMERA_PARAM] AlcAwb set picture size to 4160x3120
I/CameraCapFocus( 2425): [CAMERA_PARAM] set focus mode to [auto]
I/CameraCapFocusAreas( 2425): [CAMERA_PARAM] set focus area to [(0,0,0,0,0)]
I/CameraCapContrast( 2425): [CAMERA_PARAM] set contrast to [100]
I/CameraCapMetering( 2425): [CAMERA_PARAM] set metering mode to [average]
I/CameraCapMeteringArea( 2425): [CAMERA_PARAM] set metering area to [(0,0,0,0,0)]
I/IppAlgoCapability( 2425): HWA remove KEY_HDR_MOVIE_AE to preview.
I/IppAlgoCapability( 2425): HWA value of key KEY_SCENE_MODE is not NULL, it is auto
I/IppAlgoCapability( 2425): HWA remove KEY_HW_AUTO_SCENE_DETECT to preview.
I/IppAlgoCapability( 2425): HWA back sensor, not video, nor hdr, auto, or panorama, disable smart ae
I/IppAlgoCapability( 2425): HWA TargetTracking: algo mode=NULL
I/IppAlgoCapability( 2425): value of hw-face-detection IS NULL, remove KEY_HW_OMRON_FACE_DETECTION from preview list
I/IppAlgoCapability( 2425): value of hw-face-beauty IS NULL
I/IppAlgoCapability( 2425): value of hw-face-beauty-preview-only is NULL.
I/HwaInterfaceImpl( 2425): [HWA] enter getSensorName()
I/HwaInterfaceImpl( 2425): [HWA] HwaInterfaceImpl getSensorName success, sensor_name= imx214_sunny
I/IppAlgoCapability( 2425): AlcAwb switch_3a gotten from config file is 1.
I/IppAlgoCapability( 2425): AlcAwb : KEY_WHITE_BALANCE=auto, awbLock=false,  mAlcState=0,hdrmoviestate =0
I/IppAlgoCapability( 2425): AlcAwb is added to ipp algo list
I/IppAlgoCapability( 2425): [CAMERA_PARAM] actived preview ipp=hisi-anti-banding,hw-alc-awb
I/        ( 2425): [CAMERA]enter ispv3_awb_set_mode, mode 0, bgain 0x0, grgain 0x0, rgain 0x0
I/        ( 2425): [CAMERA]enter ispv3_set_effect, effect 0
I/        ( 2425): [CAMERA]ispv3_set_flash_mode, 1250, flash mode : 2. (0:ON, 1:TORCH, 2:OFF, 3:AUTO)
I/        ( 2425): [CAMERA]enter k3_isp_try_fmt, 679, stream = 1.
I/        ( 2425): [CAMERA]k3_isp_try_fmt, pixel_format[842094158], NV12[842094158],NV21[825382478], YUYV[1448695129], video mode 0
I/        ( 2425): [CAMERA]sensor_set_framesizes flag=1, width=4160, height=3120, index=3.
I/        ( 2425): 
I/CameraCapZSL( 2425): enter commitParameter() set_zsl_mode 0
I/        ( 2425): [CAMERA]k3_isp_set_zsl_mode, set zsl mode 0
I/        ( 2425): [CAMERA]ispv3_fps_set_frame_rate, fps->denominator:0, fps->numerator:1
I/        ( 2425): [CAMERA]ispv3_fps_set_frame_rate, auto fps mode
I/CameraCapFrontMirror( 2425): [CAMERA_PARAM] env->mFrontMirror = 0
W/        ( 2425): [CAMERA]k3_set_zoom line 166 preview not running, state 0
I/        ( 2425): [CAMERA]enter ispv3_set_brightness, brightness 2
I/        ( 2425): [CAMERA]enter ispv3_set_saturation, saturation 2
I/        ( 2425): [CAMERA]enter ispv3_set_contrast, contrast 2
I/IppCore ( 2425): [CAMERA_EVENT] onAlgoChanged() type = [0]
I/IppCore ( 2425): [CAMERA_EVENT] onAlgoChanged() type = [1]
I/CameraHardwareCore( 2425): [CAMERA_EVENT] stop Preview
I/PostBufferThread( 2425): close camera, there are 0 frames in PostBufferThread!
I/CameraHardwareCore( 2425): [CAMERA_EVENT] cancel snapshot
I/CameraPreviewCore( 2425): [CAMERA_EVENT] release preview resource
I/        ( 2425): [CAMERA]enter k3_buffer_init_queue
I/        ( 2425): [CAMERA]enter k3_buffer_init
I/CameraClient( 2425): Destroying camera 0
I/CameraPreviewCore( 2425): [CAMERA_EVENT] CameraPreviewCore destructed
I/PostBufferThread( 2425): [HWA] exit of mExit is true 2
I/JpegEncoderThread( 2425): enter freeOutBuffers ()
I/JpegEncoderThread( 2425): [CAMERA_EVENT] thread [JpegEncoderThread] destructed
I/SnapshotCore( 2425): [CAMERA_EVENT] thread [PostBufferThread] terminated
I/PostBufferThread( 2425): [HWA] thread [PostBufferThread] destructed
I/SnapshotCore( 2425): [CAMERA_EVENT] SnapshotCore destructed
I/IppCore ( 2425): [CAMERA_EVENT] IppCore destructed
I/SingleAutoFocusThread( 2425): [CAMERA_EVENT] thread [autofocus-thread] destructed
I/ContinuousAutoFocusThread( 2425): [CAMERA_EVENT] thread [continuous-autofocus-thread] destructed
I/CameraMsgQueue( 2425): stop msg queue thread now!
I/CameraMsgQueue( 2425): [CAMERA_EVENT] thread [MsgQueueThread] destructed
I/        ( 2425): [CAMERA]enter close_camera_dev
I/        ( 2425): [CAMERA]enter k3_camdrv_close
I/        ( 2425): [CAMERA]enter ispv3_metadata_clean
I/        ( 2425): [CAMERA]enter ispv3_metadata_clean, meta_process_state is done
I/        ( 2425): [CAMERA]exit ispv3_metadata_clean
I/        ( 2425): [CAMERA]enter ispv3_af_auto_focus: flag: 0, focus state:0, focus_mode:0, result:1
E/        ( 2425): [CAMERA]ispv3_auto_focus param error!
I/        ( 2425): [CAMERA]ispv3_deinit_focus
I/        ( 2425): [CAMERA]ispv3_deinit_flash, 1024.
I/        ( 2425): [CAMERA]k3_sensor_unload dlclose libcamera_sensor.so.
I/        ( 2425): [CAMERA]enter ispv3_isr_stop
I/        ( 2425): [CAMERA]read from pipe: Stop Thread.
I/        ( 2425): [CAMERA]exit thread
I/        ( 2425): [CAMERA]ispv3_base_release: instance freed
I/        ( 2425): 
I/        ( 2425): [CAMERA]thread:cam_logu_poll_thd exit
I/CameraHardwareCore( 2425): [CAMERA_EVENT] close camera device
I/HwAlgorithmicInformation( 2425): HwAlgorithmicInformation destruction
I/CameraHardwareCore( 2425): [CAMERA_EVENT] CameraHardwareCore destructed
I/PostMediaServerThread( 2425): need to call back 0 frame to app!
I/PostMediaServerThread( 2425): post media server thread start, threadLoop()
I/HwSystemManager( 3720): HoldService:preHoldShow start!
I/HwSystemManager( 3720): HoldService:The prePermissionType is: 1
I/CameraClient( 2425): Opening camera 1
I/CameraHardwareCore( 2425): CAMERA_HAL_VERSION: tag_K3V3C10B232_jazz_L09_150507,GIT_LOG:1fff8c7
I/        ( 2425): [CAMERA]enter open_camera_dev
I/CameraMsgQueue( 2425): [CAMERA_EVENT] thread [MsgQueueThread] started [thread id = 1673]
I/        ( 2425): [CAMERA]thread:cam_logu_poll_thd start
I/        ( 2425): [CAMERA]enter ispv3_base_init()
I/        ( 2425): [CAMERA]get_isp_node_name : model = hisi_config.
I/        ( 2425): 
I/        ( 2425): [CAMERA]get_isp_node_name : model = hisi_camera.
I/        ( 2425): 
I/        ( 2425): [CAMERA]get_isp_node_name: node_name=video0.
I/        ( 2425): 
I/        ( 2425): [CAMERA]ispv3_base_open : node = video0.
I/        ( 2425): 
I/        ( 2425): [CAMERA]get_isp_subdev_node_name : model = hisi_config.
I/        ( 2425): 
I/        ( 2425): [CAMERA]get_isp_subdev_node_name: node_name=v4l-subdev2.
I/        ( 2425): 
I/        ( 2425): [CAMERA]ispv3_subdev_open : node = v4l-subdev2.
I/        ( 2425): 
I/        ( 2425): [CAMERA]base: 0xe8400000, size: 0x100000
I/        ( 2425): [CAMERA]PTBA: 0x3f600000, PTVA: 0x40000000
I/        ( 2425): [CAMERA]enter ispv3_isr_start
I/        ( 2425): [CAMERA]enter k3_camdrv_open
I/        ( 2425): [CAMERA]new thread user_isr_proc
I/        ( 2425): [CAMERA]k3_sensor_get_name sensor name is ov5648_foxconn.
I/        ( 2425): 
I/        ( 2425): [CAMERA]k3_sensor_load dlopen libcamera_sensor.so ok.
I/        ( 2425): [CAMERA]k3_sensor_load sensor_init load ok
I/        ( 2425): [CAMERA]ov5648_get_product_name product name is mogolia.
I/        ( 2425): 
I/        ( 2425): [CAMERA] product name: mogolia
I/        ( 2425): 
I/        ( 2425): [CAMERA]k3_sensor_attach name=ov5648_foxconn
I/        ( 2425): [CAMERA]k3_vcm_attach no vcm.
I/        ( 2425): [CAMERA]k3_flash_attach no flash.
I/        ( 2425): [CAMERA]enter k3_buffer_init_queue
I/        ( 2425): [CAMERA]enter k3_buffer_init
I/        ( 2425): [CAMERA]enter k3_buffer_init_queue
I/        ( 2425): [CAMERA]enter k3_buffer_init
I/        ( 2425): [CAMERA]enter k3_buffer_init_queue
I/        ( 2425): [CAMERA]enter k3_buffer_init
I/        ( 2425): [CAMERA]enter k3_buffer_init_queue
I/        ( 2425): [CAMERA]enter k3_buffer_init
I/        ( 2425): [CAMERA]enter k3_buffer_init_queue
I/        ( 2425): [CAMERA]enter k3_buffer_init
I/        ( 2425): [CAMERA]enter k3_buffer_init_queue
I/        ( 2425): [CAMERA]enter k3_buffer_init
I/        ( 2425): [CAMERA]enter ispv3_ae_init
I/        ( 2425): [CAMERA]enter ispv3_metadata_prepare
I/        ( 2425): [CAMERA]exit ispv3_metadata_prepare
I/        ( 2425): [CAMERA]enter k3_isp_flow_init zsl_mode:0
I/        ( 2425): [CAMERA]k3isp_entity_load enter
I/        ( 2425): 
I/        ( 2425): [CAMERA]hwa_entity_get_awb_otp flow=1.
I/        ( 2425): [CAMERA]hwa_entity_get_product_name product name is mogolia.
I/        ( 2425): 
I/CameraHardwareCore( 2425): [CAMERA_EVENT] open camera device[1] OK
I/HwaInterfaceImpl( 2425): [HWA] enter initStaticMetadata()
I/HwAlgorithmicInformation( 2425): HwAlgorithmicInformation construction
I/HwAlgorithmicInformation( 2425): SMARTAE_HAL enter getDefAETargetFromDriver()
I/PPStrategy( 2425): CAMERA_HAL MODE PPStrategy status: PP=1, Davinci=1, Beauty=1, MultiDesnoise=1, Hdr=1, SuperZoom=1, Bestshot=1, Denoise=1, ColorEffect=1
I/SingleAutoFocusThread( 2425): [CAMERA_EVENT] thread [autofocus-thread] started [thread id = 1677]
I/ContinuousAutoFocusThread( 2425): [CAMERA_EVENT] thread [continuous-autofocus-thread] started [thread id = 1678]
I/PostBufferThread( 2425): [HWA] [getTotalMemory] total memory =3013MB
I/PostBufferThread( 2425): [HWA] thread [PostBufferThread] constructed
I/JpegEncoderThread( 2425): [CAMERA_EVENT] thread [JpegEncoderThread] started [thread id = 1679]
I/PostBufferThread( 2425): [HWA] thread [PostBufferThread] started [thread id = 1680]
E/CameraUtils( 2425): open file error /sys/kernel/debug/boardid/common/camera/faceIgnoreCount
E/IppThirdPartAlgo( 2425): load third part lib failed!
I/IppAlgoPopulator( 2425): register preview algo [hisi-anti-banding]
I/IppAlgoPopulator( 2425): register preview algo [hisi-video-stabilization-sw]
I/IppAlgoPopulator( 2425): register preview algo [hisi-color-effect]
I/IppAlgoPopulator( 2425): register preview algo [hw-omron-face-detect]
I/IppAlgoPopulator( 2425): register preview algo [hw-auto-scene-detect]
I/IppAlgoPopulator( 2425): register preview algo [hw-omron-face-smooth]
I/IppAlgoPopulator( 2425): register preview algo [hw-smart-ae]
I/IppAlgoPopulator( 2425): register preview algo [hw-alc-awb]
I/IppAlgoPopulator( 2425): register preview algo [auckland-target-tracking]
I/IppAlgoPopulator( 2425): register preview algo [hw-hdr-movie-ae]
I/IppAlgoPopulator( 2425): register preview algo [hw-face-mirror]
I/IppAlgoPopulator( 2425): register snapshot algo [hisi-color-effect]
E/        ( 2425): [CAMERA]k3_isp_enum_fmt stream 0 invalid parameters, index=4, max_index=4
I/CameraCapMisc( 2425): [CAMERA_PARAM] not back sensor, disable video stabilization
I/CameraCapFlashMode( 2425): HWA LCD flash supported: 0xd
E/        ( 2425): [CAMERA]k3_isp_enum_fmt stream 1 invalid parameters, index=4, max_index=4
I/HwaInterfaceImpl( 2425): [HWA] getProductName: get product name[mogolia] successfully!
E/        ( 2425): [CAMERA]sensor_enum_frame_intervals out of MAX FRAMERATE.
E/        ( 2425): 
E/        ( 2425): [CAMERA]k3_camdrv_enum_fps enum_frameintervals index 31 failed!
I/CameraCapSceneMode( 2425): HWA value is not 0, size is 19
I/CameraCapSceneMode( 2425): HWA scene: auto,action,portrait,landscape,night,night-portrait,theatre,beach,snow,fireworks,candlelight
E/        ( 2425): [CAMERA]ispv3_get_af_range af ctrl is NULL.
I/HwaInterfaceImpl( 2425): [HWA] getVcmRange(), get vcm range: [0, 0], return: -1
E/        ( 2425): [CAMERA]ispv3_get_af_range af ctrl is NULL.
I/HwaInterfaceImpl( 2425): [HWA] getVcmRange(), get vcm range: [0, 0], return: -1
I/CameraCapHdrMovie( 2425): queryCapability(), Query HDR movie supported capability return: 0
I/IppAlgoCapability( 2425): [CAMERA_PARAM] support preview ipp=none,hisi-anti-banding,hisi-video-stabilization-sw,hisi-color-effect,hw-omron-face-detect,hw-auto-scene-detect,hw-omron-face-smooth,hw-smart-ae,hw-alc-awb,auckland-target-tracking,hw-hdr-movie-ae,hw-face-mirror
I/IppAlgoCapability( 2425): [CAMERA_PARAM] support picture ipp=none,hisi-color-effect
I/CameraCapPreview( 2425): [CAMERA_PARAM] set preview size to 640x480
I/CameraCapPreview( 2425): [CAMERA_PARAM] set preview format to [yuv420sp]
I/CameraCapAntibanding( 2425): [CAMERA_PARAM] set antibanding to [auto]
W/CameraCapFlashMode( 2425): [CAMERA_PARAM] the hardware do not support flash
I/CameraCapSnapshot( 2425): [CAMERA_PARAM] AlcAwb set picture size to 2592x1952
I/CameraCapFocus( 2425): [CAMERA_PARAM] set focus mode to [auto]
I/CameraCapFocusAreas( 2425): [CAMERA_PARAM] set focus area to [(0,0,0,0,0)]
I/CameraCapContrast( 2425): [CAMERA_PARAM] set contrast to [100]
I/CameraCapMetering( 2425): [CAMERA_PARAM] set metering mode to [average]
I/CameraCapMeteringArea( 2425): [CAMERA_PARAM] set metering area to [(0,0,0,0,0)]
I/IppAlgoCapability( 2425): HWA remove KEY_HDR_MOVIE_AE to preview.
I/IppAlgoCapability( 2425): HWA value of key KEY_SCENE_MODE is not NULL, it is auto
I/IppAlgoCapability( 2425): HWA remove KEY_HW_AUTO_SCENE_DETECT to preview.
I/IppAlgoCapability( 2425): HWA front sensor, video, disable smart ae
I/IppAlgoCapability( 2425): value of hw-face-detection IS NULL, remove KEY_HW_OMRON_FACE_DETECTION from preview list
I/IppAlgoCapability( 2425): value of hw-face-beauty IS NULL
I/IppAlgoCapability( 2425): value of hw-face-beauty-preview-only is NULL.
I/HwaInterfaceImpl( 2425): [HWA] enter getSensorName()
I/HwaInterfaceImpl( 2425): [HWA] HwaInterfaceImpl getSensorName success, sensor_name= ov5648_foxconn
I/IppAlgoCapability( 2425): AlcAwb switch_3a gotten from config file is 1.
I/IppAlgoCapability( 2425): AlcAwb : KEY_WHITE_BALANCE=auto, awbLock=false,  mAlcState=0,hdrmoviestate =0
I/IppAlgoCapability( 2425): AlcAwb is added to ipp algo list
I/IppAlgoCapability( 2425): [CAMERA_PARAM] actived preview ipp=hisi-anti-banding,hw-alc-awb
I/        ( 2425): [CAMERA]enter ispv3_awb_set_mode, mode 0, bgain 0x0, grgain 0x0, rgain 0x0
I/        ( 2425): [CAMERA]enter ispv3_set_effect, effect 0
I/        ( 2425): [CAMERA]enter k3_isp_try_fmt, 679, stream = 1.
I/        ( 2425): [CAMERA]k3_isp_try_fmt, pixel_format[842094158], NV12[842094158],NV21[825382478], YUYV[1448695129], video mode 0
I/        ( 2425): [CAMERA]sensor_set_framesizes flag=1, width=2592, height=1952, index=1.
I/        ( 2425): 
I/CameraCapZSL( 2425): enter commitParameter() set_zsl_mode 0
I/        ( 2425): [CAMERA]k3_isp_set_zsl_mode, set zsl mode 0
I/        ( 2425): [CAMERA]ispv3_fps_set_frame_rate, fps->denominator:0, fps->numerator:1
I/        ( 2425): [CAMERA]ispv3_fps_set_frame_rate, auto fps mode
I/CameraCapFrontMirror( 2425): [CAMERA_PARAM] env->mFrontMirror = 0
W/        ( 2425): [CAMERA]k3_set_zoom line 166 preview not running, state 0
I/        ( 2425): [CAMERA]enter ispv3_set_brightness, brightness 2
I/        ( 2425): [CAMERA]enter ispv3_set_saturation, saturation 2
I/        ( 2425): [CAMERA]enter ispv3_set_contrast, contrast 2
I/IppCore ( 2425): [CAMERA_EVENT] onAlgoChanged() type = [0]
I/IppCore ( 2425): [CAMERA_EVENT] onAlgoChanged() type = [1]
I/CameraHardwareCore( 2425): [CAMERA_EVENT] stop Preview
I/PostBufferThread( 2425): close camera, there are 0 frames in PostBufferThread!
I/CameraHardwareCore( 2425): [CAMERA_EVENT] cancel snapshot
I/CameraPreviewCore( 2425): [CAMERA_EVENT] release preview resource
I/        ( 2425): [CAMERA]enter k3_buffer_init_queue
I/        ( 2425): [CAMERA]enter k3_buffer_init
I/CameraClient( 2425): Destroying camera 1
I/CameraPreviewCore( 2425): [CAMERA_EVENT] CameraPreviewCore destructed
I/PostBufferThread( 2425): [HWA] exit of mExit is true 2
I/JpegEncoderThread( 2425): enter freeOutBuffers ()
I/JpegEncoderThread( 2425): [CAMERA_EVENT] thread [JpegEncoderThread] destructed
I/SnapshotCore( 2425): [CAMERA_EVENT] thread [PostBufferThread] terminated
I/PostBufferThread( 2425): [HWA] thread [PostBufferThread] destructed
I/SnapshotCore( 2425): [CAMERA_EVENT] SnapshotCore destructed
I/IppCore ( 2425): [CAMERA_EVENT] IppCore destructed
I/SingleAutoFocusThread( 2425): [CAMERA_EVENT] thread [autofocus-thread] destructed
I/ContinuousAutoFocusThread( 2425): [CAMERA_EVENT] thread [continuous-autofocus-thread] destructed
I/CameraMsgQueue( 2425): stop msg queue thread now!
I/CameraMsgQueue( 2425): [CAMERA_EVENT] thread [MsgQueueThread] destructed
I/        ( 2425): [CAMERA]enter close_camera_dev
I/        ( 2425): [CAMERA]enter k3_camdrv_close
I/        ( 2425): [CAMERA]enter ispv3_metadata_clean
I/        ( 2425): [CAMERA]enter ispv3_metadata_clean, meta_process_state is done
I/        ( 2425): [CAMERA]exit ispv3_metadata_clean
I/        ( 2425): [CAMERA]k3_flash_detach no flash.
I/        ( 2425): [CAMERA]k3_vcm_detach no vcm.
I/        ( 2425): [CAMERA]k3_sensor_unload dlclose libcamera_sensor.so.
I/        ( 2425): [CAMERA]enter ispv3_isr_stop
I/        ( 2425): [CAMERA]read from pipe: Stop Thread.
I/        ( 2425): [CAMERA]exit thread
I/        ( 2425): [CAMERA]ispv3_base_release: instance freed
I/        ( 2425): 
I/        ( 2425): [CAMERA]thread:cam_logu_poll_thd exit
I/CameraHardwareCore( 2425): [CAMERA_EVENT] close camera device
I/HwAlgorithmicInformation( 2425): HwAlgorithmicInformation destruction
I/CameraHardwareCore( 2425): [CAMERA_EVENT] CameraHardwareCore destructed
I/PostMediaServerThread( 2425): need to call back 0 frame to app!
I/PostMediaServerThread( 2425): post media server thread start, threadLoop()
W/ResourceType( 3210): No known package when getting value for resource number 0xffffffff
I/LockScreenCallbackImpl( 3210): onTimeChanged
W/ResourceType( 3210): No known package when getting value for resource number 0xffffffff
W/ResourceType( 3210): No known package when getting value for resource number 0xffffffff
W/View    ( 3238): requestLayout() improperly called by com.android.systemui.statusbar.phone.IconMerger{433afb20 V.E..... ......I. 0,0-270,75 #7f0a0067 app:id/notificationIcons} during layout: running second layout pass
W/MonitorImpl( 3210): onReceive - onPreBrocastReceive return false
I/HwLauncher( 3488): ClockDynamicUpdater date changed!!!!!!
I/HwLauncher( 3488): DynamicIconData , getDrawableForDynamic begin, pkg = com.android.deskclock, picName = deskclock_bg
I/HwLauncher( 3488): DynamicIconData , getDrawableForDynamic end, pkg = com.android.deskclock, picName = deskclock_bg
I/HwLauncher( 3488): DynamicIconData , getDrawableForDynamic begin, pkg = com.android.deskclock, picName = deskclock_bg
I/HwLauncher( 3488): DynamicIconData , getDrawableForDynamic end, pkg = com.android.deskclock, picName = deskclock_bg
I/HwLauncher( 3488): Launcher.Utilities createIconBitmap sourceWidth = 180sourceHeight = 180
I/HwLauncher( 3488): ClockDynamicUpdater calender update folder at CalenderDynamicUpdater
I/HwLauncher( 3488): DynamicUpdater call updateFolder
I/HwLauncher( 3488): ClockDynamicUpdater Calender update and call updateFolder
I/HwLauncher( 3488): CalenderDynamicUpdater date changed!!!!!!
I/HwLauncher( 3488): CalenderDynamicUpdater Calender update and call updateFolder
E/Thermal-daemon( 2431): [pa_0] temp_new :38  temp_old :37
E/Thermal-daemon( 2431): Report temperature: [pa_0] temp :38  report_threshold:1
E/Thermal-daemon( 2431): [ap] temp_new :40  temp_old :39
E/Thermal-daemon( 2431): Report temperature: [ap] temp :40  report_threshold:1
I/PacketsControl( 3446): not 3G net type. do nothing.
I/HwSystemManager( 3720): HoldService:preHoldShow start!
I/HwSystemManager( 3720): HoldService:The prePermissionType is: 1
I/HwSystemManager( 3720): HoldService:preHoldShow start!
I/HwSystemManager( 3720): HoldService:The prePermissionType is: 1
I/HwSystemManager( 3720): HoldService:preHoldShow start!
I/HwSystemManager( 3720): HoldService:The prePermissionType is: 1
I/PacketsControl( 3446): not 3G net type. do nothing.
I/PacketsControl( 3446): not 3G net type. do nothing.
I/HwLauncher( 3488): Launcher.LauncherProvider  begin check permission at checkPermission 
W/System.err( 3488): java.lang.SecurityException: Permission Denial: reading com.huawei.android.launcher.LauncherProvider from pid=11956, uid=10079 requires com.huawei.android.launcher.permission.WRITE_SETTINGS: uid 10079 does not have com.huawei.android.launcher.permission.WRITE_SETTINGS.
W/System.err( 3488): 	at android.app.ContextImpl.enforce(ContextImpl.java:1775)
W/System.err( 3488): 	at android.app.ContextImpl.enforcePermission(ContextImpl.java:1787)
W/System.err( 3488): 	at android.content.ContextWrapper.enforcePermission(ContextWrapper.java:561)
W/System.err( 3488): 	at com.huawei.android.launcher.LauncherProvider.checkPermission(LauncherProvider.java:560)
W/System.err( 3488): 	at com.huawei.android.launcher.LauncherProvider.call(LauncherProvider.java:575)
W/System.err( 3488): 	at android.content.ContentProvider$Transport.call(ContentProvider.java:325)
W/System.err( 3488): 	at android.content.ContentProviderNative.onTransact(ContentProviderNative.java:284)
W/System.err( 3488): 	at android.os.Binder.execTransact(Binder.java:404)
W/System.err( 3488): 	at dalvik.system.NativeStart.run(Native Method)
E/DatabaseUtils( 3488): Writing exception to parcel
E/DatabaseUtils( 3488): java.lang.SecurityException: Permission Denial: reading com.huawei.android.launcher.LauncherProvider from pid=11956, uid=10079 requires com.huawei.android.launcher.permission.WRITE_SETTINGS: uid 10079 does not have com.huawei.android.launcher.permission.WRITE_SETTINGS.
E/DatabaseUtils( 3488): 	at android.app.ContextImpl.enforce(ContextImpl.java:1775)
E/DatabaseUtils( 3488): 	at android.app.ContextImpl.enforcePermission(ContextImpl.java:1787)
E/DatabaseUtils( 3488): 	at android.content.ContextWrapper.enforcePermission(ContextWrapper.java:561)
E/DatabaseUtils( 3488): 	at com.huawei.android.launcher.LauncherProvider.checkPermission(LauncherProvider.java:560)
E/DatabaseUtils( 3488): 	at com.huawei.android.launcher.LauncherProvider.call(LauncherProvider.java:575)
E/DatabaseUtils( 3488): 	at android.content.ContentProvider$Transport.call(ContentProvider.java:325)
E/DatabaseUtils( 3488): 	at android.content.ContentProviderNative.onTransact(ContentProviderNative.java:284)
E/DatabaseUtils( 3488): 	at android.os.Binder.execTransact(Binder.java:404)
E/DatabaseUtils( 3488): 	at dalvik.system.NativeStart.run(Native Method)
I/HwLauncher( 3488): Launcher.LauncherProvider  begin check permission at checkPermission 
W/System.err( 3488): java.lang.SecurityException: Permission Denial: reading com.huawei.android.launcher.LauncherProvider from pid=11956, uid=10079 requires com.huawei.android.launcher.permission.WRITE_SETTINGS: uid 10079 does not have com.huawei.android.launcher.permission.WRITE_SETTINGS.
W/System.err( 3488): 	at android.app.ContextImpl.enforce(ContextImpl.java:1775)
W/System.err( 3488): 	at android.app.ContextImpl.enforcePermission(ContextImpl.java:1787)
W/System.err( 3488): 	at android.content.ContextWrapper.enforcePermission(ContextWrapper.java:561)
W/System.err( 3488): 	at com.huawei.android.launcher.LauncherProvider.checkPermission(LauncherProvider.java:560)
W/System.err( 3488): 	at com.huawei.android.launcher.LauncherProvider.call(LauncherProvider.java:575)
W/System.err( 3488): 	at android.content.ContentProvider$Transport.call(ContentProvider.java:325)
W/System.err( 3488): 	at android.content.ContentProviderNative.onTransact(ContentProviderNative.java:284)
W/System.err( 3488): 	at android.os.Binder.execTransact(Binder.java:404)
W/System.err( 3488): 	at dalvik.system.NativeStart.run(Native Method)
E/DatabaseUtils( 3488): Writing exception to parcel
E/DatabaseUtils( 3488): java.lang.SecurityException: Permission Denial: reading com.huawei.android.launcher.LauncherProvider from pid=11956, uid=10079 requires com.huawei.android.launcher.permission.WRITE_SETTINGS: uid 10079 does not have com.huawei.android.launcher.permission.WRITE_SETTINGS.
E/DatabaseUtils( 3488): 	at android.app.ContextImpl.enforce(ContextImpl.java:1775)
E/DatabaseUtils( 3488): 	at android.app.ContextImpl.enforcePermission(ContextImpl.java:1787)
E/DatabaseUtils( 3488): 	at android.content.ContextWrapper.enforcePermission(ContextWrapper.java:561)
E/DatabaseUtils( 3488): 	at com.huawei.android.launcher.LauncherProvider.checkPermission(LauncherProvider.java:560)
E/DatabaseUtils( 3488): 	at com.huawei.android.launcher.LauncherProvider.call(LauncherProvider.java:575)
E/DatabaseUtils( 3488): 	at android.content.ContentProvider$Transport.call(ContentProvider.java:325)
E/DatabaseUtils( 3488): 	at android.content.ContentProviderNative.onTransact(ContentProviderNative.java:284)
E/DatabaseUtils( 3488): 	at android.os.Binder.execTransact(Binder.java:404)
E/DatabaseUtils( 3488): 	at dalvik.system.NativeStart.run(Native Method)
I/HwSystemManager( 3720): HoldService:preHoldShow start!
I/HwSystemManager( 3720): HoldService:The prePermissionType is: 1
I/HwSystemManager( 3720): HoldService:preHoldShow start!
I/HwSystemManager( 3720): HoldService:The prePermissionType is: 1
I/HwLauncher( 3488): Launcher.LauncherProvider  begin check permission at checkPermission 
W/System.err( 3488): java.lang.SecurityException: Permission Denial: reading com.huawei.android.launcher.LauncherProvider from pid=11956, uid=10079 requires com.huawei.android.launcher.permission.WRITE_SETTINGS: uid 10079 does not have com.huawei.android.launcher.permission.WRITE_SETTINGS.
W/System.err( 3488): 	at android.app.ContextImpl.enforce(ContextImpl.java:1775)
W/System.err( 3488): 	at android.app.ContextImpl.enforcePermission(ContextImpl.java:1787)
W/System.err( 3488): 	at android.content.ContextWrapper.enforcePermission(ContextWrapper.java:561)
W/System.err( 3488): 	at com.huawei.android.launcher.LauncherProvider.checkPermission(LauncherProvider.java:560)
W/System.err( 3488): 	at com.huawei.android.launcher.LauncherProvider.call(LauncherProvider.java:575)
W/System.err( 3488): 	at android.content.ContentProvider$Transport.call(ContentProvider.java:325)
W/System.err( 3488): 	at android.content.ContentProviderNative.onTransact(ContentProviderNative.java:284)
W/System.err( 3488): 	at android.os.Binder.execTransact(Binder.java:404)
W/System.err( 3488): 	at dalvik.system.NativeStart.run(Native Method)
E/DatabaseUtils( 3488): Writing exception to parcel
E/DatabaseUtils( 3488): java.lang.SecurityException: Permission Denial: reading com.huawei.android.launcher.LauncherProvider from pid=11956, uid=10079 requires com.huawei.android.launcher.permission.WRITE_SETTINGS: uid 10079 does not have com.huawei.android.launcher.permission.WRITE_SETTINGS.
E/DatabaseUtils( 3488): 	at android.app.ContextImpl.enforce(ContextImpl.java:1775)
E/DatabaseUtils( 3488): 	at android.app.ContextImpl.enforcePermission(ContextImpl.java:1787)
E/DatabaseUtils( 3488): 	at android.content.ContextWrapper.enforcePermission(ContextWrapper.java:561)
E/DatabaseUtils( 3488): 	at com.huawei.android.launcher.LauncherProvider.checkPermission(LauncherProvider.java:560)
E/DatabaseUtils( 3488): 	at com.huawei.android.launcher.LauncherProvider.call(LauncherProvider.java:575)
E/DatabaseUtils( 3488): 	at android.content.ContentProvider$Transport.call(ContentProvider.java:325)
E/DatabaseUtils( 3488): 	at android.content.ContentProviderNative.onTransact(ContentProviderNative.java:284)
E/DatabaseUtils( 3488): 	at android.os.Binder.execTransact(Binder.java:404)
E/DatabaseUtils( 3488): 	at dalvik.system.NativeStart.run(Native Method)
E/Thermal-daemon( 2431): [ap] temp_new :39  temp_old :40
E/Thermal-daemon( 2431): Report temperature: [ap] temp :39  report_threshold:1
E/Parcel  ( 3065): Reading a NULL string not supported here.
E/Thermal-daemon( 2431): [pa_0] temp_new :37  temp_old :38
E/Thermal-daemon( 2431): Report temperature: [pa_0] temp :37  report_threshold:1
I/HwLauncher( 3488): Launcher.LauncherProvider  begin check permission at checkPermission 
W/System.err( 3488): java.lang.SecurityException: Permission Denial: reading com.huawei.android.launcher.LauncherProvider from pid=11956, uid=10079 requires com.huawei.android.launcher.permission.WRITE_SETTINGS: uid 10079 does not have com.huawei.android.launcher.permission.WRITE_SETTINGS.
W/System.err( 3488): 	at android.app.ContextImpl.enforce(ContextImpl.java:1775)
W/System.err( 3488): 	at android.app.ContextImpl.enforcePermission(ContextImpl.java:1787)
W/System.err( 3488): 	at android.content.ContextWrapper.enforcePermission(ContextWrapper.java:561)
W/System.err( 3488): 	at com.huawei.android.launcher.LauncherProvider.checkPermission(LauncherProvider.java:560)
W/System.err( 3488): 	at com.huawei.android.launcher.LauncherProvider.call(LauncherProvider.java:575)
W/System.err( 3488): 	at android.content.ContentProvider$Transport.call(ContentProvider.java:325)
W/System.err( 3488): 	at android.content.ContentProviderNative.onTransact(ContentProviderNative.java:284)
W/System.err( 3488): 	at android.os.Binder.execTransact(Binder.java:404)
W/System.err( 3488): 	at dalvik.system.NativeStart.run(Native Method)
E/DatabaseUtils( 3488): Writing exception to parcel
E/DatabaseUtils( 3488): java.lang.SecurityException: Permission Denial: reading com.huawei.android.launcher.LauncherProvider from pid=11956, uid=10079 requires com.huawei.android.launcher.permission.WRITE_SETTINGS: uid 10079 does not have com.huawei.android.launcher.permission.WRITE_SETTINGS.
E/DatabaseUtils( 3488): 	at android.app.ContextImpl.enforce(ContextImpl.java:1775)
E/DatabaseUtils( 3488): 	at android.app.ContextImpl.enforcePermission(ContextImpl.java:1787)
E/DatabaseUtils( 3488): 	at android.content.ContextWrapper.enforcePermission(ContextWrapper.java:561)
E/DatabaseUtils( 3488): 	at com.huawei.android.launcher.LauncherProvider.checkPermission(LauncherProvider.java:560)
E/DatabaseUtils( 3488): 	at com.huawei.android.launcher.LauncherProvider.call(LauncherProvider.java:575)
E/DatabaseUtils( 3488): 	at android.content.ContentProvider$Transport.call(ContentProvider.java:325)
E/DatabaseUtils( 3488): 	at android.content.ContentProviderNative.onTransact(ContentProviderNative.java:284)
E/DatabaseUtils( 3488): 	at android.os.Binder.execTransact(Binder.java:404)
E/DatabaseUtils( 3488): 	at dalvik.system.NativeStart.run(Native Method)
I/HwSystemManager( 3720): HoldService:preHoldShow start!
I/HwSystemManager( 3720): HoldService:The prePermissionType is: 1
I/HwSystemManager( 3720): HoldService:preHoldShow start!
I/HwSystemManager( 3720): HoldService:The prePermissionType is: 1
E/Parcel  ( 3065): Reading a NULL string not supported here.
I/HwSystemManager( 3720): HoldService:preHoldShow start!
I/HwSystemManager( 3720): HoldService:The prePermissionType is: 1
I/HwSystemManager( 3720): HoldService:preHoldShow start!
I/HwSystemManager( 3720): HoldService:The prePermissionType is: 1
I/HwLockScreenImpl( 3210): onResume: 1
I/HwLockScreenImpl( 3210): Do not need screenshot
I/LockScreenCallbackImpl( 3210): refreshLockScreenInfo
I/LockScreenCallbackImpl( 3210): getSimState
I/LockScreenCallbackImpl( 3210): traverseCardStatus : mUpdateMonitor.getSimState(0)=READY
I/LockScreenCallbackImpl( 3210): getCurrentStatus simState=READY
I/LockScreenCallbackImpl( 3210): getTelephonyPlmn double card
I/LockScreenCallbackImpl( 3210): getTelephonySpn double card
I/LockScreenCallbackImpl( 3210): getSimState
I/LockScreenCallbackImpl( 3210): traverseCardStatus : mUpdateMonitor.getSimState(1)=READY
I/LockScreenCallbackImpl( 3210): getCurrentStatus simState=READY
I/LockScreenCallbackImpl( 3210): getTelephonyPlmn double card
I/LockScreenCallbackImpl( 3210): getTelephonySpn double card
W/View    ( 3238): requestLayout() improperly called by com.android.systemui.statusbar.phone.IconMerger{433afb20 V.E..... ........ 0,0-270,75 #7f0a0067 app:id/notificationIcons} during second layout pass: posting in next frame
E/AudioFlinger( 2425): setLppDtsGeq():invalid keyValue of dts geq.
W/ResourceType( 3210): No known package when getting value for resource number 0xffffffff
W/ResourceType( 3210): No known package when getting value for resource number 0xffffffff
W/ResourceType( 3210): No known package when getting value for resource number 0xffffffff
I/HwSystemManager( 3720): HoldService:preHoldShow start!
I/HwSystemManager( 3720): HoldService:The prePermissionType is: 1
I/PGFreezeAdapter( 3446): setAlarmsPending [false] -> [[com.tencent.news, com.sohu.newsclient, com.ifeng.news2, com.palmtrends.rmrb, com.netease.newsreader.activity, com.mx.browser, com.apc.browser, com.dolphin.browser.xf, com.baidu.browser.apps, com.tiantianmini.android.browser, com.skyfire.browser, org.mozilla.firefox, sogou.mobile.explorer, com.oupeng.mini.android, com.tiantian.android.player, com.qiyi.video, com.kascend.video, com.qvod.player, tv.pps.mobile, com.baidu.video, com.youku.phone, dopool.player, com.tudou.android, com.pplive.androidphone, com.duowan.mobile, com.tencent.research.drop, com.storm.smart, com.kandian.vodapp, com.lectek.android.sfreader, com.nd.android.pandareader, com.shuqi.controller, com.snda.cloudary, com.kiloo.subwaysurf, com.popcap.pvz2cthdbddk, com.taobao.taobao, com.youdao.dict, com.infinit.wostore.ui, com.meitu.mtxx.huawei, cn.wps.moffice, com.intsig.BizCardReader, com.neusoft.td.android.wo116114]]
I/AppsCleanUp( 3446): success pending alarm state:false
I/HwSystemManager( 3720): HoldService:preHoldShow start!
I/HwSystemManager( 3720): HoldService:The prePermissionType is: 1
W/StubController( 8818): calendar access!
E/Parcel  ( 3065): Reading a NULL string not supported here.
I/HwSystemManager( 3720): HoldService:preHoldShow start!
I/HwSystemManager( 3720): HoldService:The prePermissionType is: 1
I/HwSystemManager( 3720): HoldService:In holdservice, to get pending intent:Intent { act=com.huawei.notificationmanager.notification.allow.forAPK (has extras) }
I/HwSystemManager( 3720): HoldService:In holdservice, to get pending intent:Intent { act=com.huawei.notificationmanager.notification.refuse (has extras) }
I/HwSystemManager( 3720): HoldService:preHoldShow start!
I/HwSystemManager( 3720): HoldService:The prePermissionType is: 1
I/HwSystemManager( 3720): HoldService:preHoldShow start!
I/HwSystemManager( 3720): HoldService:The prePermissionType is: 1
I/HwLockScreenImpl( 3210): onTrigger startActivity intent=null
I/HwLauncher( 3488): Launcher onResume()
I/HwLauncher( 3488): Launcher doResumeWork()
E/Parcel  ( 3065): Reading a NULL string not supported here.
I/PhoneStatusBar( 3238): hw_status_bar_operators = true, setSystemUIVisibily(SHOW_OPERATOR = false)
W/MotionDetectionManager( 3488): startMotionAppsReco motionApps: 402 disabled
W/HwLauncher( 3488): Launcher.MotionManager failed to start TYPE_SHAKE_CHANGE_WALLPAPER
I/HwLauncher( 3488): Launcher.MotionManager startShakeMotion mIsShakeInHome=true
I/HwUpdateMonitor( 3210): unRegisterCallback com.android.huawei.hwlockscreen.utils.EventNotifyView$1@4331b370, callback size = 2
I/InfoCenterView( 3210): unRegisterCallback com.android.huawei.music.HwMusicView$2@46032240, callback size = 1
I/CameraLayout( 3210): onDetachedFromWindow
E/Parcel  ( 3065): Reading a NULL string not supported here.
I/HwMusicManager( 3210): unRegisterMusicObserver 
I/HwUpdateMonitor( 3210): unRegisterCallback com.android.huawei.hwlockscreen.infocenter.InfoCenterView$1@46b96708, callback size = 1
I/HwUpdateMonitor( 3210): unRegisterMonitor
W/MotionDetectionManager( 3488): startMotionAppsReco motionApps: 404 disabled
W/HwLauncher( 3488): Launcher.MotionManager failed to start TYPE_SHAKE_START_PRIVACY
I/HwLauncher( 3488): Launcher changeNaviBarStatus
W/HwLauncher( 3488): Launcher  updateMarginLayoutParamsForView:the target view is null.
I/HwLauncher( 3488): Launcher  onResume mIsToUninstallApp = false
E/Parcel  ( 3065): Reading a NULL string not supported here.
E/Parcel  ( 3065): Reading a NULL string not supported here.
I/LogCollectService( 3397): onStartCommand
W/ContextImpl( 3397): Implicit intents with startService are not safe: Intent { act=com.huawei.lcagent.RESUME_UPLOAD (has extras) } android.content.ContextWrapper.startService:494 com.huawei.lcagent.service.LogCollectService$LogCollectServiceHandler.handleResumeUploadLog:1547 com.huawei.lcagent.service.LogCollectService$LogCollectServiceHandler.handleMessage:1503 
E/Parcel  ( 3065): Reading a NULL string not supported here.
E/Parcel  ( 3065): Reading a NULL string not supported here.
E/Utils   (13121): lockCreate
E/Utils   (13121): release: release wake and wifi lock!
E/Parcel  ( 3065): Reading a NULL string not supported here.
E/Parcel  ( 3065): Reading a NULL string not supported here.
E/Parcel  ( 3065): Reading a NULL string not supported here.
I/HwSystemManager( 3720): HoldService:preHoldShow start!
I/HwSystemManager( 3720): HoldService:The prePermissionType is: 1
I/HwSystemManager( 3720): HoldService:preHoldShow start!
I/HwSystemManager( 3720): HoldService:The prePermissionType is: 1
I/K3V3CpuGovernorPolicy( 3446): close previously scene Hmp policy : 300 , 150
E/Parcel  ( 3065): Reading a NULL string not supported here.
E/Parcel  ( 3065): Reading a NULL string not supported here.
E/Parcel  ( 3065): Reading a NULL string not supported here.
I/HwLauncher( 3488): ClockDynamicUpdater date changed!!!!!!
I/HwLauncher( 3488): DynamicIconData , getDrawableForDynamic begin, pkg = com.android.deskclock, picName = deskclock_bg
I/HwLauncher( 3488): DynamicIconData , getDrawableForDynamic end, pkg = com.android.deskclock, picName = deskclock_bg
I/HwLauncher( 3488): DynamicIconData , getDrawableForDynamic begin, pkg = com.android.deskclock, picName = deskclock_bg
I/HwLauncher( 3488): DynamicIconData , getDrawableForDynamic end, pkg = com.android.deskclock, picName = deskclock_bg
I/HwLauncher( 3488): Launcher.Utilities createIconBitmap sourceWidth = 180sourceHeight = 180
E/Parcel  ( 3065): Reading a NULL string not supported here.
I/HwLauncher( 3488): ClockDynamicUpdater calender update folder at CalenderDynamicUpdater
I/HwLauncher( 3488): DynamicUpdater call updateFolder
I/HwLauncher( 3488): ClockDynamicUpdater Calender update and call updateFolder
I/HwLauncher( 3488): CalenderDynamicUpdater date changed!!!!!!
I/HwLauncher( 3488): CalenderDynamicUpdater Calender update and call updateFolder
W/View    ( 3238): requestLayout() improperly called by com.android.systemui.statusbar.phone.IconMerger{433afb20 V.E..... ......I. 0,0-270,75 #7f0a0067 app:id/notificationIcons} during layout: running second layout pass
W/View    ( 3238): requestLayout() improperly called by com.android.systemui.statusbar.phone.IconMerger{433afb20 V.E..... ........ 0,0-270,75 #7f0a0067 app:id/notificationIcons} during second layout pass: posting in next frame
W/View    ( 3238): requestLayout() improperly called by com.android.systemui.statusbar.phone.IconMerger{433afb20 V.E..... ......I. 0,0-270,75 #7f0a0067 app:id/notificationIcons} during layout: running second layout pass
W/View    ( 3238): requestLayout() improperly called by com.android.systemui.statusbar.phone.IconMerger{433afb20 V.E..... ........ 0,0-270,75 #7f0a0067 app:id/notificationIcons} during second layout pass: posting in next frame
E/Thermal-daemon( 2431): [pa_0] temp_new :38  temp_old :37
E/Thermal-daemon( 2431): Report temperature: [pa_0] temp :38  report_threshold:1
E/Thermal-daemon( 2431): [ap] temp_new :40  temp_old :39
E/Thermal-daemon( 2431): Report temperature: [ap] temp :40  report_threshold:1
W/View    ( 3238): requestLayout() improperly called by com.android.systemui.statusbar.phone.IconMerger{433afb20 V.E..... ......I. 0,0-270,75 #7f0a0067 app:id/notificationIcons} during layout: running second layout pass
E/android_hardware_fm.cpp( 2059): register_android_hardware_fm_fmradio
E/FM_HAL  ( 2059): [FM_HAL], fm_dynamic_lib is libbcmfm_if
E/FM_HAL  ( 2059): [FM_HAL], libname is libbcmfm_if
E/fm_if.c ( 2059): find the id:libbcmfm_if and begins to open the devices
E/android_hardware_fm.cpp( 2059): register_android_hardware_fm_fmradio, ret is 0
E/        ( 2059): ProtocolErrorLog wangkang test!!
I/HwSystemManager( 3720): HoldService:preHoldShow start!
I/HwSystemManager( 3720): HoldService:The prePermissionType is: 1
I/HwSystemManager( 3720): HoldService:preHoldShow start!
I/HwSystemManager( 3720): HoldService:The prePermissionType is: 1
I/CAPALiteReceiver( 3446): USER STATE: STATIONARY SUB STATE: UNKNOWN
I/HwLauncher( 3488): Launcher.LauncherProvider  begin check permission at checkPermission 
W/System.err( 3488): java.lang.SecurityException: Permission Denial: reading com.huawei.android.launcher.LauncherProvider from pid=11956, uid=10079 requires com.huawei.android.launcher.permission.WRITE_SETTINGS: uid 10079 does not have com.huawei.android.launcher.permission.WRITE_SETTINGS.
W/System.err( 3488): 	at android.app.ContextImpl.enforce(ContextImpl.java:1775)
W/System.err( 3488): 	at android.app.ContextImpl.enforcePermission(ContextImpl.java:1787)
W/System.err( 3488): 	at android.content.ContextWrapper.enforcePermission(ContextWrapper.java:561)
W/System.err( 3488): 	at com.huawei.android.launcher.LauncherProvider.checkPermission(LauncherProvider.java:560)
W/System.err( 3488): 	at com.huawei.android.launcher.LauncherProvider.call(LauncherProvider.java:575)
W/System.err( 3488): 	at android.content.ContentProvider$Transport.call(ContentProvider.java:325)
W/System.err( 3488): 	at android.content.ContentProviderNative.onTransact(ContentProviderNative.java:284)
W/System.err( 3488): 	at android.os.Binder.execTransact(Binder.java:404)
W/System.err( 3488): 	at dalvik.system.NativeStart.run(Native Method)
E/DatabaseUtils( 3488): Writing exception to parcel
E/DatabaseUtils( 3488): java.lang.SecurityException: Permission Denial: reading com.huawei.android.launcher.LauncherProvider from pid=11956, uid=10079 requires com.huawei.android.launcher.permission.WRITE_SETTINGS: uid 10079 does not have com.huawei.android.launcher.permission.WRITE_SETTINGS.
E/DatabaseUtils( 3488): 	at android.app.ContextImpl.enforce(ContextImpl.java:1775)
E/DatabaseUtils( 3488): 	at android.app.ContextImpl.enforcePermission(ContextImpl.java:1787)
E/DatabaseUtils( 3488): 	at android.content.ContextWrapper.enforcePermission(ContextWrapper.java:561)
E/DatabaseUtils( 3488): 	at com.huawei.android.launcher.LauncherProvider.checkPermission(LauncherProvider.java:560)
E/DatabaseUtils( 3488): 	at com.huawei.android.launcher.LauncherProvider.call(LauncherProvider.java:575)
E/DatabaseUtils( 3488): 	at android.content.ContentProvider$Transport.call(ContentProvider.java:325)
E/DatabaseUtils( 3488): 	at android.content.ContentProviderNative.onTransact(ContentProviderNative.java:284)
E/DatabaseUtils( 3488): 	at android.os.Binder.execTransact(Binder.java:404)
E/DatabaseUtils( 3488): 	at dalvik.system.NativeStart.run(Native Method)
W/View    ( 3238): requestLayout() improperly called by com.android.systemui.statusbar.phone.IconMerger{433afb20 V.E..... ......I. 0,0-270,75 #7f0a0067 app:id/notificationIcons} during layout: running second layout pass
W/View    ( 3238): requestLayout() improperly called by com.android.systemui.statusbar.phone.IconMerger{433afb20 V.E..... ........ 0,0-270,75 #7f0a0067 app:id/notificationIcons} during second layout pass: posting in next frame
W/View    ( 3238): requestLayout() improperly called by com.android.systemui.statusbar.phone.IconMerger{433afb20 V.E..... ......I. 0,0-270,75 #7f0a0067 app:id/notificationIcons} during second layout pass: posting in next frame
I/HwSystemManager( 3720): HoldService:preHoldShow start!
I/HwSystemManager( 3720): HoldService:The prePermissionType is: 1
E/android_hardware_fm.cpp( 2106): register_android_hardware_fm_fmradio
E/FM_HAL  ( 2106): [FM_HAL], fm_dynamic_lib is libbcmfm_if
E/FM_HAL  ( 2106): [FM_HAL], libname is libbcmfm_if
E/fm_if.c ( 2106): find the id:libbcmfm_if and begins to open the devices
E/android_hardware_fm.cpp( 2106): register_android_hardware_fm_fmradio, ret is 0
E/        ( 2106): ProtocolErrorLog wangkang test!!
E/Parcel  ( 3065): Reading a NULL string not supported here.
I/HwSystemManager( 3720): HoldService:preHoldShow start!
I/HwSystemManager( 3720): HoldService:The prePermissionType is: 1
I/HwSystemManager( 3720): HoldService:preHoldShow start!
I/HwSystemManager( 3720): HoldService:The prePermissionType is: 1
W/View    ( 3238): requestLayout() improperly called by com.android.systemui.statusbar.phone.IconMerger{433afb20 V.E..... ......I. 0,0-270,75 #7f0a0067 app:id/notificationIcons} during layout: running second layout pass
I/TpnsSecurity( 2116): JNI_OnLoad
E/android_hardware_fm.cpp( 2133): register_android_hardware_fm_fmradio
E/FM_HAL  ( 2133): [FM_HAL], fm_dynamic_lib is libbcmfm_if
E/FM_HAL  ( 2133): [FM_HAL], libname is libbcmfm_if
E/fm_if.c ( 2133): find the id:libbcmfm_if and begins to open the devices
E/android_hardware_fm.cpp( 2133): register_android_hardware_fm_fmradio, ret is 0
E/        ( 2133): ProtocolErrorLog wangkang test!!
E/Parcel  ( 3065): Reading a NULL string not supported here.
E/MscSpeechLog( 2149): init failed, please call this method in your main process!
I/dalvikvm( 2149): Could not find method android.view.Window.setStatusBarColor, referenced from method acore.tools.Tools.setStatusBarColor
W/dalvikvm( 2149): VFY: unable to resolve virtual method 19697: Landroid/view/Window;.setStatusBarColor (I)V
I/HwSystemManager( 3720): HoldService:preHoldShow start!
I/HwSystemManager( 3720): HoldService:The prePermissionType is: 1
I/TpnsSecurity( 2149): JNI_OnLoad
I/HwSystemManager( 3720): HoldService:preHoldShow start!
I/HwSystemManager( 3720): HoldService:The prePermissionType is: 1
I/HwSystemManager( 3720): HoldService:preHoldShow start!
I/HwSystemManager( 3720): HoldService:The prePermissionType is: 1
I/XINGE   ( 2116): [TpnsClient] Connect to Xinge Server succeed!
W/View    ( 3238): requestLayout() improperly called by com.android.systemui.statusbar.phone.IconMerger{433afb20 V.E..... ......I. 0,0-270,75 #7f0a0067 app:id/notificationIcons} during layout: running second layout pass
W/View    ( 3238): requestLayout() improperly called by com.android.systemui.statusbar.phone.IconMerger{433afb20 V.E..... ........ 0,0-270,75 #7f0a0067 app:id/notificationIcons} during second layout pass: posting in next frame
W/View    ( 3238): requestLayout() improperly called by com.android.systemui.statusbar.phone.IconMerger{433afb20 V.E..... ......I. 0,0-270,75 #7f0a0067 app:id/notificationIcons} during second layout pass: posting in next frame
W/View    ( 3238): requestLayout() improperly called by com.android.systemui.statusbar.phone.IconMerger{433afb20 V.E..... ......I. 0,0-270,75 #7f0a0067 app:id/notificationIcons} during layout: running second layout pass
I/HwLauncher( 3488): Launcher.LauncherProvider  begin check permission at checkPermission 
W/System.err( 3488): java.lang.SecurityException: Permission Denial: reading com.huawei.android.launcher.LauncherProvider from pid=11956, uid=10079 requires com.huawei.android.launcher.permission.WRITE_SETTINGS: uid 10079 does not have com.huawei.android.launcher.permission.WRITE_SETTINGS.
W/System.err( 3488): 	at android.app.ContextImpl.enforce(ContextImpl.java:1775)
W/System.err( 3488): 	at android.app.ContextImpl.enforcePermission(ContextImpl.java:1787)
W/System.err( 3488): 	at android.content.ContextWrapper.enforcePermission(ContextWrapper.java:561)
W/System.err( 3488): 	at com.huawei.android.launcher.LauncherProvider.checkPermission(LauncherProvider.java:560)
W/System.err( 3488): 	at com.huawei.android.launcher.LauncherProvider.call(LauncherProvider.java:575)
W/System.err( 3488): 	at android.content.ContentProvider$Transport.call(ContentProvider.java:325)
W/System.err( 3488): 	at android.content.ContentProviderNative.onTransact(ContentProviderNative.java:284)
W/System.err( 3488): 	at android.os.Binder.execTransact(Binder.java:404)
W/System.err( 3488): 	at dalvik.system.NativeStart.run(Native Method)
E/DatabaseUtils( 3488): Writing exception to parcel
E/DatabaseUtils( 3488): java.lang.SecurityException: Permission Denial: reading com.huawei.android.launcher.LauncherProvider from pid=11956, uid=10079 requires com.huawei.android.launcher.permission.WRITE_SETTINGS: uid 10079 does not have com.huawei.android.launcher.permission.WRITE_SETTINGS.
E/DatabaseUtils( 3488): 	at android.app.ContextImpl.enforce(ContextImpl.java:1775)
E/DatabaseUtils( 3488): 	at android.app.ContextImpl.enforcePermission(ContextImpl.java:1787)
E/DatabaseUtils( 3488): 	at android.content.ContextWrapper.enforcePermission(ContextWrapper.java:561)
E/DatabaseUtils( 3488): 	at com.huawei.android.launcher.LauncherProvider.checkPermission(LauncherProvider.java:560)
E/DatabaseUtils( 3488): 	at com.huawei.android.launcher.LauncherProvider.call(LauncherProvider.java:575)
E/DatabaseUtils( 3488): 	at android.content.ContentProvider$Transport.call(ContentProvider.java:325)
E/DatabaseUtils( 3488): 	at android.content.ContentProviderNative.onTransact(ContentProviderNative.java:284)
E/DatabaseUtils( 3488): 	at android.os.Binder.execTransact(Binder.java:404)
E/DatabaseUtils( 3488): 	at dalvik.system.NativeStart.run(Native Method)
