W/ResourceType( 3488): No known package when getting name for resource number 0x9c010200
W/ResourceType( 3488): No known package when getting name for resource number 0x9c010300
W/ResourceType( 3488): No known package when getting name for resource number 0x9c010001
W/ResourceType( 3488): No known package when getting name for resource number 0x9c010101
W/ResourceType( 3488): No known package when getting name for resource number 0x9c010201
W/ResourceType( 3488): No known package when getting name for resource number 0x9c010301
W/ResourceType( 3488): No known package when getting name for resource number 0x9c010002
W/ResourceType( 3488): No known package when getting name for resource number 0x9c010102
W/ResourceType( 3488): No known package when getting name for resource number 0x9c010202
W/ResourceType( 3488): No known package when getting name for resource number 0x9c010302
W/ResourceType( 3488): No known package when getting name for resource number 0x9c010003
W/ResourceType( 3488): No known package when getting name for resource number 0x9c010103
W/ResourceType( 3488): No known package when getting name for resource number 0x9b000000
W/ResourceType( 3488): No known package when getting name for resource number 0x9b010100
W/ResourceType( 3488): No known package when getting name for resource number 0x9b020200
W/ResourceType( 3488): No known package when getting name for resource number 0x9b030300
W/ResourceType( 3488): No known package when getting name for resource number 0x9b040400
W/ResourceType( 3488): No known package when getting name for resource number 0x9c020000
W/ResourceType( 3488): No known package when getting name for resource number 0x9c020100
W/ResourceType( 3488): No known package when getting name for resource number 0x9c020200
W/ResourceType( 3488): No known package when getting name for resource number 0x9c020300
W/ResourceType( 3488): No known package when getting name for resource number 0x9c020001
W/ResourceType( 3488): No known package when getting name for resource number 0x9c020101
W/ResourceType( 3488): No known package when getting name for resource number 0x9c020201
W/ResourceType( 3488): No known package when getting name for resource number 0x9c020301
W/ResourceType( 3488): No known package when getting name for resource number 0x9c020002
W/ResourceType( 3488): No known package when getting name for resource number 0x9c020202
W/ResourceType( 3488): No known package when getting name for resource number 0x9c020202
W/ResourceType( 3488): No known package when getting name for resource number 0x9c010000
W/ResourceType( 3488): No known package when getting name for resource number 0x9c010100
W/ResourceType( 3488): No known package when getting name for resource number 0x9c010200
W/ResourceType( 3488): No known package when getting name for resource number 0x9c010300
W/ResourceType( 3488): No known package when getting name for resource number 0x9c010001
W/ResourceType( 3488): No known package when getting name for resource number 0x9c010101
W/ResourceType( 3488): No known package when getting name for resource number 0x9c010201
W/ResourceType( 3488): No known package when getting name for resource number 0x9c010301
W/ResourceType( 3488): No known package when getting name for resource number 0x9c010002
W/ResourceType( 3488): No known package when getting name for resource number 0x9c010102
W/ResourceType( 3488): No known package when getting name for resource number 0x9c010202
W/ResourceType( 3488): No known package when getting name for resource number 0x9c010302
W/ResourceType( 3488): No known package when getting name for resource number 0x9c010003
W/ResourceType( 3488): No known package when getting name for resource number 0x9c010103
W/ResourceType( 3488): No known package when getting name for resource number 0x9b000000
W/ResourceType( 3488): No known package when getting name for resource number 0x9b010100
W/ResourceType( 3488): No known package when getting name for resource number 0x9b020200
W/ResourceType( 3488): No known package when getting name for resource number 0x9b030300
W/ResourceType( 3488): No known package when getting name for resource number 0x9b040400
W/ResourceType( 3488): No known package when getting name for resource number 0x9c020000
W/ResourceType( 3488): No known package when getting name for resource number 0x9c020100
W/ResourceType( 3488): No known package when getting name for resource number 0x9c020200
W/ResourceType( 3488): No known package when getting name for resource number 0x9c020300
W/ResourceType( 3488): No known package when getting name for resource number 0x9c020001
W/ResourceType( 3488): No known package when getting name for resource number 0x9c020101
W/ResourceType( 3488): No known package when getting name for resource number 0x9c020201
W/ResourceType( 3488): No known package when getting name for resource number 0x9c020301
W/ResourceType( 3488): No known package when getting name for resource number 0x9c020002
W/ResourceType( 3488): No known package when getting name for resource number 0x9c020202
W/ResourceType( 3488): No known package when getting name for resource number 0x9c020202
W/ResourceType( 3488): No known package when getting name for resource number 0x9c010000
W/ResourceType( 3488): No known package when getting name for resource number 0x9c010100
W/ResourceType( 3488): No known package when getting name for resource number 0x9c010200
W/ResourceType( 3488): No known package when getting name for resource number 0x9c010300
W/ResourceType( 3488): No known package when getting name for resource number 0x9c010001
W/ResourceType( 3488): No known package when getting name for resource number 0x9c010101
W/ResourceType( 3488): No known package when getting name for resource number 0x9c010201
W/ResourceType( 3488): No known package when getting name for resource number 0x9c010301
W/ResourceType( 3488): No known package when getting name for resource number 0x9c010002
W/ResourceType( 3488): No known package when getting name for resource number 0x9c010102
W/ResourceType( 3488): No known package when getting name for resource number 0x9c010202
W/ResourceType( 3488): No known package when getting name for resource number 0x9c010302
W/ResourceType( 3488): No known package when getting name for resource number 0x9c010003
W/ResourceType( 3488): No known package when getting name for resource number 0x9c010103
W/ResourceType( 3488): No known package when getting name for resource number 0x9b000000
W/ResourceType( 3488): No known package when getting name for resource number 0x9b010100
W/ResourceType( 3488): No known package when getting name for resource number 0x9b020200
W/ResourceType( 3488): No known package when getting name for resource number 0x9b030300
W/ResourceType( 3488): No known package when getting name for resource number 0x9b040400
W/ResourceType( 3488): No known package when getting name for resource number 0x9c020000
W/ResourceType( 3488): No known package when getting name for resource number 0x9c020100
W/ResourceType( 3488): No known package when getting name for resource number 0x9c020200
W/ResourceType( 3488): No known package when getting name for resource number 0x9c020300
W/ResourceType( 3488): No known package when getting name for resource number 0x9c020001
W/ResourceType( 3488): No known package when getting name for resource number 0x9c020101
W/ResourceType( 3488): No known package when getting name for resource number 0x9c020201
W/ResourceType( 3488): No known package when getting name for resource number 0x9c020301
W/ResourceType( 3488): No known package when getting name for resource number 0x9c020002
W/ResourceType( 3488): No known package when getting name for resource number 0x9c020202
W/ResourceType( 3488): No known package when getting name for resource number 0x9c020202
W/ResourceType( 3488): No known package when getting name for resource number 0x9c010000
W/ResourceType( 3488): No known package when getting name for resource number 0x9c010100
W/ResourceType( 3488): No known package when getting name for resource number 0x9c010200
W/ResourceType( 3488): No known package when getting name for resource number 0x9c010300
W/ResourceType( 3488): No known package when getting name for resource number 0x9c010001
W/ResourceType( 3488): No known package when getting name for resource number 0x9c010101
W/ResourceType( 3488): No known package when getting name for resource number 0x9c010201
W/ResourceType( 3488): No known package when getting name for resource number 0x9c010301
W/ResourceType( 3488): No known package when getting name for resource number 0x9c010002
W/ResourceType( 3488): No known package when getting name for resource number 0x9c010102
W/ResourceType( 3488): No known package when getting name for resource number 0x9c010202
W/ResourceType( 3488): No known package when getting name for resource number 0x9c010302
W/ResourceType( 3488): No known package when getting name for resource number 0x9c010003
W/ResourceType( 3488): No known package when getting name for resource number 0x9c010103
W/ResourceType( 3488): No known package when getting name for resource number 0x9b000000
W/ResourceType( 3488): No known package when getting name for resource number 0x9b010100
W/ResourceType( 3488): No known package when getting name for resource number 0x9b020200
W/ResourceType( 3488): No known package when getting name for resource number 0x9b030300
W/ResourceType( 3488): No known package when getting name for resource number 0x9b040400
W/ResourceType( 3488): No known package when getting name for resource number 0x9c020000
W/ResourceType( 3488): No known package when getting name for resource number 0x9c020100
W/ResourceType( 3488): No known package when getting name for resource number 0x9c020200
W/ResourceType( 3488): No known package when getting name for resource number 0x9c020300
W/ResourceType( 3488): No known package when getting name for resource number 0x9c020001
W/ResourceType( 3488): No known package when getting name for resource number 0x9c020101
W/ResourceType( 3488): No known package when getting name for resource number 0x9c020201
W/ResourceType( 3488): No known package when getting name for resource number 0x9c020301
W/ResourceType( 3488): No known package when getting name for resource number 0x9c020002
I/K3V3CpuGovernorPolicy( 3446): set scene Hmp policy : 300 , 150
W/ResourceType( 3488): No known package when getting name for resource number 0x9c020202
W/ResourceType( 3488): No known package when getting name for resource number 0x9c020202
W/ResourceType( 3488): No known package when getting name for resource number 0x9c010000
W/ResourceType( 3488): No known package when getting name for resource number 0x9c010100
W/ResourceType( 3488): No known package when getting name for resource number 0x9c010200
W/ResourceType( 3488): No known package when getting name for resource number 0x9c010300
W/ResourceType( 3488): No known package when getting name for resource number 0x9c010001
W/ResourceType( 3488): No known package when getting name for resource number 0x9c010101
W/ResourceType( 3488): No known package when getting name for resource number 0x9c010201
W/ResourceType( 3488): No known package when getting name for resource number 0x9c010301
W/ResourceType( 3488): No known package when getting name for resource number 0x9c010002
W/ResourceType( 3488): No known package when getting name for resource number 0x9c010102
W/ResourceType( 3488): No known package when getting name for resource number 0x9c010202
W/ResourceType( 3488): No known package when getting name for resource number 0x9c010302
W/ResourceType( 3488): No known package when getting name for resource number 0x9c010003
W/ResourceType( 3488): No known package when getting name for resource number 0x9c010103
I/HwLauncher( 3488): Launcher onPause()
W/HwLauncher( 3488): Launcher.MotionManager failed to stop TYPE_SHAKE_CHANGE_WALLPAPER
W/HwLauncher( 3488): Launcher.MotionManager failed to stop TYPE_SHAKE_START_PRIVACY
W/ResourceType( 3488): No known package when getting name for resource number 0x9b000000
W/ResourceType( 3488): No known package when getting name for resource number 0x9b010100
W/ResourceType( 3488): No known package when getting name for resource number 0x9b020200
W/ResourceType( 3488): No known package when getting name for resource number 0x9b030300
W/ResourceType( 3488): No known package when getting name for resource number 0x9b040400
W/ResourceType( 3488): No known package when getting name for resource number 0x9c020000
W/ResourceType( 3488): No known package when getting name for resource number 0x9c020100
W/ResourceType( 3488): No known package when getting name for resource number 0x9c020200
W/ResourceType( 3488): No known package when getting name for resource number 0x9c020300
W/ResourceType( 3488): No known package when getting name for resource number 0x9c020001
W/ResourceType( 3488): No known package when getting name for resource number 0x9c020101
W/ResourceType( 3488): No known package when getting name for resource number 0x9c020201
W/ResourceType( 3488): No known package when getting name for resource number 0x9c020301
W/ResourceType( 3488): No known package when getting name for resource number 0x9c020002
W/ResourceType( 3488): No known package when getting name for resource number 0x9c020202
W/ResourceType( 3488): No known package when getting name for resource number 0x9c020202
W/ResourceType( 3488): No known package when getting name for resource number 0x9c010000
W/ResourceType( 3488): No known package when getting name for resource number 0x9c010100
W/ResourceType( 3488): No known package when getting name for resource number 0x9c010200
W/ResourceType( 3488): No known package when getting name for resource number 0x9c010300
W/ResourceType( 3488): No known package when getting name for resource number 0x9c010001
W/ResourceType( 3488): No known package when getting name for resource number 0x9c010101
W/ResourceType( 3488): No known package when getting name for resource number 0x9c010201
W/ResourceType( 3488): No known package when getting name for resource number 0x9c010301
W/ResourceType( 3488): No known package when getting name for resource number 0x9c010002
W/ResourceType( 3488): No known package when getting name for resource number 0x9c010102
W/ResourceType( 3488): No known package when getting name for resource number 0x9c010202
W/ResourceType( 3488): No known package when getting name for resource number 0x9c010302
W/ResourceType( 3488): No known package when getting name for resource number 0x9c010003
W/ResourceType( 3488): No known package when getting name for resource number 0x9c010103
W/ResourceType( 3488): No known package when getting name for resource number 0x9b000000
W/ResourceType( 3488): No known package when getting name for resource number 0x9b010100
W/ResourceType( 3488): No known package when getting name for resource number 0x9b020200
W/ResourceType( 3488): No known package when getting name for resource number 0x9b030300
W/ResourceType( 3488): No known package when getting name for resource number 0x9b040400
W/ResourceType( 3488): No known package when getting name for resource number 0x9c020000
W/ResourceType( 3488): No known package when getting name for resource number 0x9c020100
W/ResourceType( 3488): No known package when getting name for resource number 0x9c020200
W/ResourceType( 3488): No known package when getting name for resource number 0x9c020300
W/ResourceType( 3488): No known package when getting name for resource number 0x9c020001
W/ResourceType( 3488): No known package when getting name for resource number 0x9c020101
W/ResourceType( 3488): No known package when getting name for resource number 0x9c020201
W/ResourceType( 3488): No known package when getting name for resource number 0x9c020301
W/ResourceType( 3488): No known package when getting name for resource number 0x9c020002
W/View    ( 3238): requestLayout() improperly called by com.android.systemui.statusbar.phone.IconMerger{433afb20 V.E..... ......I. 0,0-270,75 #7f0a0067 app:id/notificationIcons} during layout: running second layout pass
W/ResourceType( 3488): No known package when getting name for resource number 0x9c020202
W/ResourceType( 3488): No known package when getting name for resource number 0x9c020202
W/ResourceType( 3488): No known package when getting name for resource number 0x9c010000
W/ResourceType( 3488): No known package when getting name for resource number 0x9c010100
W/ResourceType( 3488): No known package when getting name for resource number 0x9c010200
W/ResourceType( 3488): No known package when getting name for resource number 0x9c010300
W/ResourceType( 3488): No known package when getting name for resource number 0x9c010001
W/ResourceType( 3488): No known package when getting name for resource number 0x9c010101
W/ResourceType( 3488): No known package when getting name for resource number 0x9c010201
W/ResourceType( 3488): No known package when getting name for resource number 0x9c010301
W/ResourceType( 3488): No known package when getting name for resource number 0x9c010002
W/ResourceType( 3488): No known package when getting name for resource number 0x9c010102
W/ResourceType( 3488): No known package when getting name for resource number 0x9c010202
W/ResourceType( 3488): No known package when getting name for resource number 0x9c010302
W/ResourceType( 3488): No known package when getting name for resource number 0x9c010003
W/ResourceType( 3488): No known package when getting name for resource number 0x9c010103
W/View    ( 3238): requestLayout() improperly called by com.android.systemui.statusbar.phone.IconMerger{433afb20 V.E..... ........ 0,0-270,75 #7f0a0067 app:id/notificationIcons} during second layout pass: posting in next frame
W/View    ( 3238): requestLayout() improperly called by com.android.systemui.statusbar.phone.IconMerger{433afb20 V.E..... ......I. 0,0-270,75 #7f0a0067 app:id/notificationIcons} during second layout pass: posting in next frame
W/ResourceType( 3488): No known package when getting name for resource number 0x9b000000
W/ResourceType( 3488): No known package when getting name for resource number 0x9b010100
W/ResourceType( 3488): No known package when getting name for resource number 0x9b020200
W/ResourceType( 3488): No known package when getting name for resource number 0x9b030300
W/ResourceType( 3488): No known package when getting name for resource number 0x9b040400
W/ResourceType( 3488): No known package when getting name for resource number 0x9c020000
W/ResourceType( 3488): No known package when getting name for resource number 0x9c020100
W/ResourceType( 3488): No known package when getting name for resource number 0x9c020200
W/ResourceType( 3488): No known package when getting name for resource number 0x9c020300
W/ResourceType( 3488): No known package when getting name for resource number 0x9c020001
W/ResourceType( 3488): No known package when getting name for resource number 0x9c020101
W/ResourceType( 3488): No known package when getting name for resource number 0x9c020201
W/ResourceType( 3488): No known package when getting name for resource number 0x9c020301
W/ResourceType( 3488): No known package when getting name for resource number 0x9c020002
W/ResourceType( 3488): No known package when getting name for resource number 0x9c020202
W/ResourceType( 3488): No known package when getting name for resource number 0x9c020202
W/ResourceType( 3488): No known package when getting name for resource number 0x9c010000
W/ResourceType( 3488): No known package when getting name for resource number 0x9c010100
W/ResourceType( 3488): No known package when getting name for resource number 0x9c010200
W/ResourceType( 3488): No known package when getting name for resource number 0x9c010300
W/ResourceType( 3488): No known package when getting name for resource number 0x9c010001
W/ResourceType( 3488): No known package when getting name for resource number 0x9c010101
W/ResourceType( 3488): No known package when getting name for resource number 0x9c010201
W/ResourceType( 3488): No known package when getting name for resource number 0x9c010301
W/ResourceType( 3488): No known package when getting name for resource number 0x9c010002
W/ResourceType( 3488): No known package when getting name for resource number 0x9c010102
W/ResourceType( 3488): No known package when getting name for resource number 0x9c010202
W/ResourceType( 3488): No known package when getting name for resource number 0x9c010302
W/ResourceType( 3488): No known package when getting name for resource number 0x9c010003
W/ResourceType( 3488): No known package when getting name for resource number 0x9c010103
I/PhoneStatusBar( 3238): hw_status_bar_operators = true, setSystemUIVisibily(SHOW_OPERATOR = false)
I/HwLauncher( 3488): Launcher onStop()
E/HwLauncher( 3488): Launcher dialog dismiss failed : java.lang.IllegalArgumentException: no dialog with id 1 was ever shown via Activity#showDialog
I/HwLauncher( 3488): Launcher dynamicIconsUnregister
I/HwLauncher( 3488): DynamicUpdater unregisterReceiver
I/HwLauncher( 3488): DynamicIcon onPause  isvisible = true   mAttachedToWindow:true    mWindowVisible:truecom.android.deskclock
I/HwLauncher( 3488): DynamicUpdater unregisterReceiver
I/HwLauncher( 3488): DynamicIcon onPause  isvisible = true   mAttachedToWindow:false    mWindowVisible:falsecom.android.calendar
I/HwLauncher( 3488): DynamicUpdater unregisterReceiver
I/HwLauncher( 3488): DynamicIcon onPause  isvisible = true   mAttachedToWindow:true    mWindowVisible:truecom.huawei.android.totemweather
I/HwLauncher( 3488): DynamicIcon onVisibilityChanged 4 - com.android.deskclock
I/HwLauncher( 3488): DynamicIcon onVisibilityChanged 4 - com.huawei.android.totemweather
I/HwLauncher( 3488): DynamicIcon onWindowVisibilityChanged 8 - com.android.deskclock
I/HwLauncher( 3488): DynamicIcon onWindowVisibilityChanged 8 - com.huawei.android.totemweather
E/QueryController( 2544): Got null root node from accessibility - Retrying...
E/Parcel  ( 3065): Reading a NULL string not supported here.
I/ActivityManager( 3065): Displayed com.example.monkneytest/.MainActivity: +417ms
E/Parcel  ( 3065): Reading a NULL string not supported here.
I/HwSystemManager( 3720): HoldService:preHoldShow start!
I/HwSystemManager( 3720): HoldService:The prePermissionType is: 1
I/HwSystemManager( 3720): HoldService:preHoldShow start!
I/HwSystemManager( 3720): HoldService:The prePermissionType is: 1
I/K3V3CpuGovernorPolicy( 3446): close previously scene Hmp policy : 300 , 150
I/QueryController( 2544): Matched selector: UiSelector[INSTANCE=0, RESOURCE_ID=com.example.monkneytest:id/btn1] <<==>> [android.view.accessibility.AccessibilityNodeInfo@8571; boundsInParent: Rect(0, 0 - 200, 200); boundsInScreen: Rect(0, 219 - 200, 419); packageName: com.example.monkneytest; className: android.widget.Button; text: ; contentDescription: null; viewIdResName: com.example.monkneytest:id/btn1; checkable: false; checked: false; focusable: true; focused: false; selected: false; clickable: true; longClickable: false; enabled: true; password: false; scrollable: false; [ACTION_FOCUS, ACTION_SELECT, ACTION_CLEAR_SELECTION, ACTION_CLICK, ACTION_ACCESSIBILITY_FOCUS, ACTION_NEXT_AT_MOVEMENT_GRANULARITY, ACTION_PREVIOUS_AT_MOVEMENT_GRANULARITY, ACTION_SET_SELECTION]]
I/QueryController( 2544): Matched selector: UiSelector[INSTANCE=0, RESOURCE_ID=com.example.monkneytest:id/btn1] <<==>> [android.view.accessibility.AccessibilityNodeInfo@8571; boundsInParent: Rect(0, 0 - 200, 200); boundsInScreen: Rect(0, 219 - 200, 419); packageName: com.example.monkneytest; className: android.widget.Button; text: ; contentDescription: null; viewIdResName: com.example.monkneytest:id/btn1; checkable: false; checked: false; focusable: true; focused: false; selected: false; clickable: true; longClickable: false; enabled: true; password: false; scrollable: false; [ACTION_FOCUS, ACTION_SELECT, ACTION_CLEAR_SELECTION, ACTION_CLICK, ACTION_ACCESSIBILITY_FOCUS, ACTION_NEXT_AT_MOVEMENT_GRANULARITY, ACTION_PREVIOUS_AT_MOVEMENT_GRANULARITY, ACTION_SET_SELECTION]]
E/Legacy PowerHAL( 3065): Error writing to /sys/devices/system/cpu/cpu0/cpufreq/interactive/boostpulse: No such device
E/Legacy PowerHAL( 3065): Error writing to /sys/devices/system/cpu/cpu0/cpufreq/interactive/boostpulse: No such device
E/Legacy PowerHAL( 3065): Error writing to /sys/devices/system/cpu/cpu0/cpufreq/interactive/boostpulse: No such device
E/Legacy PowerHAL( 3065): Error writing to /sys/devices/system/cpu/cpu0/cpufreq/interactive/boostpulse: No such device
W/dalvikvm( 2580): threadid=1: thread exiting with uncaught exception (group=0x416fac50)
E/AudioFlinger( 2425): setLppDtsGeq():invalid keyValue of dts geq.
E/AudioFlinger( 2425): setLppDtsGeq():invalid keyValue of dts geq.
E/AudioFlinger( 2425): setLppDtsGeq():invalid keyValue of dts geq.
I/logserver( 2433): Object Path:/data/system/dropbox/, mask=0x00000080
I/logserver( 2433): event->len=48, name=data_app_crash@1474449415991.txt
I/logserver( 2433): find_first_match: find match, plogs(type=1, pfile=/data/system/dropbox/, match=app_crash)
I/audio_hw_primary( 2425): start_output_stream : mode=0, devices=2
I/logserver( 2433): move_dir:src_path=/data/log/dbox/appdbg/logcache
I/logserver( 2433): move_dir:dst_path=/data/log/logcache/33400608/
I/logserver( 2433): is_all_ready, any file is ready in non-keyfile exception.
I/logserver( 2433): extract_appname, forward search, appname=com.example.monkneytest
I/logserver( 2433): archive_and_send, pos=0, type=crash, output=20160921171656_crash
I/logserver( 2433): ---copy_match_files enter!!--
I/logserver( 2433): [copy_match_files,829]: copy [/data/system/dropbox/data_app_crash@1474449415991.txt] to [/data/log/logcache/33400608/data_app_crash@1474449415991.txt]
I/logserver( 2433): internal_archive, argc=7
I/logserver( 2433): get_fault_appname, appname=com.example.monkneytest
I/logserver( 2433): handle_archive_exception, argc=7
I/logserver( 2433): get alarm time = 17376 (sec.)!
I/logserver( 2433): log_apr_add_record open file:/data/log/apr/H60-L02_V100R001CHNC00B316_DU2TAN15AJ049163_20160830182502_statistics
I/logserver( 2433): move_input_files, create dir [/data/log/unzip/H60-L02_V100R001CHNC00B316_DU2TAN15AJ049163_20160921171656_crash]
I/logserver( 2433): copy_file_to_dir, /data/log/logcache/33400608/data_app_crash@1474449415991.txt -> /data/log/unzip/H60-L02_V100R001CHNC00B316_DU2TAN15AJ049163_20160921171656_crash
I/logserver( 2433): copy_file_to_dir, /data/log/logcache/33400608/finger.txt -> /data/log/unzip/H60-L02_V100R001CHNC00B316_DU2TAN15AJ049163_20160921171656_crash
I/logserver( 2433): init_notify_fifo, before change /data/log/logcontrol owner
I/logserver( 2433): Process 2655 opening FIFO for O_WRONLY
I/logserver( 2433): Process 2655 opened fifo(19)
I/logserver( 2433): notify_logcontrol, 2655 sent /data/log/unzip/H60-L02_V100R001CHNC00B316_DU2TAN15AJ049163_20160921171656_crash 
I/logserver( 2433): thread_logcontrol, select ret = 1
I/logserver( 2433): handle_notify_event, read res = 324, client pid = 2655, data=/data/log/unzip/H60-L02_V100R001CHNC00B316_DU2TAN15AJ049163_20160921171656_crash
I/logserver( 2433): build_notify_string,ModuleName = com.example.monkneytest
I/logserver( 2433): build_notify_string,product name = H60-L02
I/logserver( 2433): handle_notify_event, send msg [submit:trigger=0,bugtype=2,modulename=com.example.monkneytest,level=1,testtype=NORMAL,path=/data/log/unzip/H60-L02_V100R001CHNC00B316_DU2TAN15AJ049163_20160921171656_crash;]
I/logserver( 2433): send_to_client, send to (18) res = 172
I/logserver( 2433): check_dir_size, dir[/data/log/coredump/] doesn't exist
I/logserver( 2433): clean_cur_cache:962, system(rm -r /data/log/logcache/33400608/* > /dev/null 2>&1)
E/SubmitMessage( 3397): Submit string: submit:trigger=0,bugtype=2,modulename=com.example.monkneytest,level=1,testtype=NORMAL,path=/data/log/unzip/H60-L02_V100R001CHNC00B316_DU2TAN15AJ049163_20160921171656_crash
I/logserver( 2433): Object Path:/data/log/apr/, mask=0x00000008
I/logserver( 2433): event->len=80, name=H60-L02_V100R001CHNC00B316_DU2TAN15AJ049163_20160830182502_statistics
I/logserver( 2433): process_one_event, can not find this event(H60-L02_V100R001CHNC00B316_DU2TAN15AJ049163_20160830182502_statistics)
I/logserver( 2433): clean_cur_cache:962, system(rm -r /data/log/logcache/33400608/* > /dev/null 2>&1)
I/LogServiceSetting( 3397): checkMemorydumpByPath: filePath is /storage/emulated/legacy/bugreports/ramdump
I/LogServiceSetting( 3397): CheckMemorydumpByPath: /storage/emulated/legacy/bugreports/ramdumpis not exist.
I/LogServiceSetting( 3397): checkMemorydumpByPath: filePath is /storage/sdcard1/bugreports/ramdump
I/LogServiceSetting( 3397): CheckMemorydumpByPath: /storage/sdcard1/bugreports/ramdumpis not exist.
I/LogCollectService( 3397): getUploadingFiles, file: /splash2/log/LogService/uploading/H60-L02_V100R001CHNC00B316_ibgZsLcTwUwjRUfS$bGYj62+s7PQIV7+$RXAj5TCoig=_20160510234552428__ALL_COMMERCIAL.zip
I/LogCollectService( 3397): getUploadingFiles, file: /splash2/log/LogService/uploading/failed
I/LogCollectService( 3397): getUploadingFiles, file: /splash2/log/LogService/uploading/H60-L02_V100R001CHNC00B316_ibgZsLcTwUwjRUfS$bGYj62+s7PQIV7+$RXAj5TCoig=_20160915112655300__ALL_COMMERCIAL.zip
I/PackageLogInfoManager( 3397): checkPackageLogState
E/Thermal-daemon( 2431): [ap] temp_new :40  temp_old :39
E/Thermal-daemon( 2431): Report temperature: [ap] temp :40  report_threshold:1
I/HwLauncher( 3488): DynamicIcon onWindowVisibilityChanged 4 - com.android.deskclock
I/HwLauncher( 3488): DynamicIcon onWindowVisibilityChanged 4 - com.huawei.android.totemweather
I/HwLauncher( 3488): Launcher onStart()
I/HwLauncher( 3488): Launcher dynamicIconsRegister
I/HwLauncher( 3488): DynamicUpdater registerReceiver
I/HwLauncher( 3488): DynamicUpdater call updateFolder
I/HwLauncher( 3488): DynamicIcon onResume  isvisible = false   mAttachedToWindow:true    mWindowVisible:falsecom.android.deskclock
I/HwLauncher( 3488): DynamicUpdater registerReceiver
I/HwLauncher( 3488): DynamicUpdater call updateFolder
I/HwLauncher( 3488): DynamicIcon onResume  isvisible = true   mAttachedToWindow:false    mWindowVisible:falsecom.android.calendar
I/HwLauncher( 3488): DynamicUpdater registerReceiver
I/HwLauncher( 3488): DynamicUpdater call updateFolder
I/HwLauncher( 3488): DynamicIcon onResume  isvisible = false   mAttachedToWindow:true    mWindowVisible:falsecom.huawei.android.totemweather
I/HwLauncher( 3488): WeatherDynamicUpdaterpositiveUpdate at WeatherDynamicUpdater
I/HwLauncher( 3488): Launcher onResume()
I/HwLauncher( 3488): Launcher doResumeWork()
W/MotionDetectionManager( 3488): startMotionAppsReco motionApps: 402 disabled
W/HwLauncher( 3488): Launcher.MotionManager failed to start TYPE_SHAKE_CHANGE_WALLPAPER
I/HwLauncher( 3488): Launcher.MotionManager startShakeMotion mIsShakeInHome=true
W/MotionDetectionManager( 3488): startMotionAppsReco motionApps: 404 disabled
W/HwLauncher( 3488): Launcher.MotionManager failed to start TYPE_SHAKE_START_PRIVACY
I/HwLauncher( 3488): Launcher changeNaviBarStatus
W/HwLauncher( 3488): Launcher  updateMarginLayoutParamsForView:the target view is null.
I/HwLauncher( 3488): Launcher  onResume mIsToUninstallApp = false
I/HwLauncher( 3488): DynamicIcon onVisibilityChanged 0 - com.android.deskclock
I/HwLauncher( 3488): DynamicIcon onVisibilityChanged 0 - com.huawei.android.totemweather
I/HwLauncher( 3488): DynamicIcon onWindowVisibilityChanged 0 - com.android.deskclock
I/HwLauncher( 3488): DynamicIcon onWindowVisibilityChanged 0 - com.huawei.android.totemweather
I/HwLauncher( 3488): WeatherDynamicUpdaterreceive action = com.huawei.android.action.launcher_weather_icon_change
I/HwLauncher( 3488): WeatherDynamicUpdaterreceiver data is int[] = [0, 0]
I/HwLauncher( 3488):  stringArray[] [unknown]
I/PhoneStatusBar( 3238): hw_status_bar_operators = true, setSystemUIVisibily(SHOW_OPERATOR = false)
W/IdleConnectionHandler( 2287): Removing a connection that never existed!
E/Legacy PowerHAL( 3065): Error writing to /sys/devices/system/cpu/cpu0/cpufreq/interactive/boostpulse: No such device
E/Legacy PowerHAL( 3065): Error writing to /sys/devices/system/cpu/cpu0/cpufreq/interactive/boostpulse: No such device
E/Legacy PowerHAL( 3065): Error writing to /sys/devices/system/cpu/cpu0/cpufreq/interactive/boostpulse: No such device
E/Legacy PowerHAL( 3065): Error writing to /sys/devices/system/cpu/cpu0/cpufreq/interactive/boostpulse: No such device
E/AudioFlinger( 2425): setLppDtsGeq():invalid keyValue of dts geq.
E/AudioFlinger( 2425): setLppDtsGeq():invalid keyValue of dts geq.
E/AudioFlinger( 2425): setLppDtsGeq():invalid keyValue of dts geq.
I/Process ( 2580): Sending signal. PID: 2580 SIG: 9
W/View    ( 3238): requestLayout() improperly called by com.android.systemui.statusbar.phone.IconMerger{433afb20 V.E..... ......I. 0,0-270,75 #7f0a0067 app:id/notificationIcons} during layout: running second layout pass
I/PhoneStatusBar( 3238): hw_status_bar_operators = true, setSystemUIVisibily(SHOW_OPERATOR = false)
W/View    ( 3238): requestLayout() improperly called by com.android.systemui.statusbar.phone.IconMerger{433afb20 V.E..... ......I. 0,0-270,75 #7f0a0067 app:id/notificationIcons} during layout: running second layout pass
W/View    ( 3238): requestLayout() improperly called by com.android.systemui.statusbar.phone.IconMerger{433afb20 V.E..... ........ 0,0-270,75 #7f0a0067 app:id/notificationIcons} during second layout pass: posting in next frame
W/View    ( 3238): requestLayout() improperly called by com.android.systemui.statusbar.phone.IconMerger{433afb20 V.E..... ......I. 0,0-270,75 #7f0a0067 app:id/notificationIcons} during second layout pass: posting in next frame
W/InteractionController( 2544): runAndwaitForEvent timedout waiting for events
W/View    ( 3238): requestLayout() improperly called by com.android.systemui.statusbar.phone.IconMerger{433afb20 V.E..... ......I. 0,0-270,75 #7f0a0067 app:id/notificationIcons} during layout: running second layout pass
W/View    ( 3238): requestLayout() improperly called by com.android.systemui.statusbar.phone.IconMerger{433afb20 V.E..... ......I. 0,0-270,75 #7f0a0067 app:id/notificationIcons} during layout: running second layout pass
W/View    ( 3238): requestLayout() improperly called by com.android.systemui.statusbar.phone.IconMerger{433afb20 V.E..... ........ 0,0-270,75 #7f0a0067 app:id/notificationIcons} during second layout pass: posting in next frame
E/Parcel  ( 3065): Reading a NULL string not supported here.
W/View    ( 3238): requestLayout() improperly called by com.android.systemui.statusbar.phone.IconMerger{433afb20 V.E..... ......I. 0,0-270,75 #7f0a0067 app:id/notificationIcons} during second layout pass: posting in next frame
I/HwLauncher( 3488): ClockDynamicUpdater date changed!!!!!!
I/HwLauncher( 3488): DynamicIconData , getDrawableForDynamic begin, pkg = com.android.deskclock, picName = deskclock_bg
I/HwLauncher( 3488): DynamicIconData , getDrawableForDynamic end, pkg = com.android.deskclock, picName = deskclock_bg
I/HwLauncher( 3488): DynamicIconData , getDrawableForDynamic begin, pkg = com.android.deskclock, picName = deskclock_bg
I/HwLauncher( 3488): DynamicIconData , getDrawableForDynamic end, pkg = com.android.deskclock, picName = deskclock_bg
I/HwLauncher( 3488): Launcher.Utilities createIconBitmap sourceWidth = 180sourceHeight = 180
I/HwLauncher( 3488): ClockDynamicUpdater calender update folder at CalenderDynamicUpdater
I/HwLauncher( 3488): DynamicUpdater call updateFolder
I/HwLauncher( 3488): ClockDynamicUpdater Calender update and call updateFolder
I/HwLauncher( 3488): CalenderDynamicUpdater date changed!!!!!!
I/HwLauncher( 3488): CalenderDynamicUpdater Calender update and call updateFolder
E/QueryController( 2544): Got null root node from accessibility - Retrying...
W/ResourceType( 3488): No known package when getting name for resource number 0x9b000000
W/ResourceType( 3488): No known package when getting name for resource number 0x9b010100
W/ResourceType( 3488): No known package when getting name for resource number 0x9b020200
W/ResourceType( 3488): No known package when getting name for resource number 0x9b030300
W/ResourceType( 3488): No known package when getting name for resource number 0x9b040400
W/ResourceType( 3488): No known package when getting name for resource number 0x9c020000
W/ResourceType( 3488): No known package when getting name for resource number 0x9c020100
W/ResourceType( 3488): No known package when getting name for resource number 0x9c020200
W/ResourceType( 3488): No known package when getting name for resource number 0x9c020300
W/ResourceType( 3488): No known package when getting name for resource number 0x9c020001
W/ResourceType( 3488): No known package when getting name for resource number 0x9c020101
W/ResourceType( 3488): No known package when getting name for resource number 0x9c020201
W/ResourceType( 3488): No known package when getting name for resource number 0x9c020301
W/ResourceType( 3488): No known package when getting name for resource number 0x9c020002
W/ResourceType( 3488): No known package when getting name for resource number 0x9c020202
W/ResourceType( 3488): No known package when getting name for resource number 0x9c020202
W/ResourceType( 3488): No known package when getting name for resource number 0x9c010000
W/ResourceType( 3488): No known package when getting name for resource number 0x9c010100
W/ResourceType( 3488): No known package when getting name for resource number 0x9c010200
W/ResourceType( 3488): No known package when getting name for resource number 0x9c010300
W/ResourceType( 3488): No known package when getting name for resource number 0x9c010001
W/ResourceType( 3488): No known package when getting name for resource number 0x9c010101
W/ResourceType( 3488): No known package when getting name for resource number 0x9c010201
W/ResourceType( 3488): No known package when getting name for resource number 0x9c010301
W/ResourceType( 3488): No known package when getting name for resource number 0x9c010002
W/ResourceType( 3488): No known package when getting name for resource number 0x9c010102
W/ResourceType( 3488): No known package when getting name for resource number 0x9c010202
W/ResourceType( 3488): No known package when getting name for resource number 0x9c010302
W/ResourceType( 3488): No known package when getting name for resource number 0x9c010003
W/ResourceType( 3488): No known package when getting name for resource number 0x9c010103
W/ResourceType( 3488): No known package when getting name for resource number 0x9c000000
W/ResourceType( 3488): No known package when getting name for resource number 0x9c000002
W/ResourceType( 3488): No known package when getting name for resource number 0x9c000102
W/ResourceType( 3488): No known package when getting name for resource number 0x9c000202
W/ResourceType( 3488): No known package when getting name for resource number 0x9c000302
W/ResourceType( 3488): No known package when getting name for resource number 0x9c000003
W/ResourceType( 3488): No known package when getting name for resource number 0x9c000103
W/ResourceType( 3488): No known package when getting name for resource number 0x9c000203
W/ResourceType( 3488): No known package when getting name for resource number 0x9c000303
W/ResourceType( 3488): No known package when getting name for resource number 0x9c000004
W/ResourceType( 3488): No known package when getting name for resource number 0x9c000104
W/ResourceType( 3488): No known package when getting name for resource number 0x9c000204
W/ResourceType( 3488): No known package when getting name for resource number 0x9c000304
W/ResourceType( 3488): No known package when getting name for resource number 0x9b000000
W/ResourceType( 3488): No known package when getting name for resource number 0x9b010100
W/ResourceType( 3488): No known package when getting name for resource number 0x9b020200
W/ResourceType( 3488): No known package when getting name for resource number 0x9b030300
W/ResourceType( 3488): No known package when getting name for resource number 0x9b040400
W/ResourceType( 3488): No known package when getting name for resource number 0x9c020000
W/ResourceType( 3488): No known package when getting name for resource number 0x9c020100
W/ResourceType( 3488): No known package when getting name for resource number 0x9c020200
W/ResourceType( 3488): No known package when getting name for resource number 0x9c020300
W/ResourceType( 3488): No known package when getting name for resource number 0x9c020001
W/ResourceType( 3488): No known package when getting name for resource number 0x9c020101
W/ResourceType( 3488): No known package when getting name for resource number 0x9c020201
W/ResourceType( 3488): No known package when getting name for resource number 0x9c020301
W/ResourceType( 3488): No known package when getting name for resource number 0x9c020002
W/ResourceType( 3488): No known package when getting name for resource number 0x9c020202
W/ResourceType( 3488): No known package when getting name for resource number 0x9c020202
W/ResourceType( 3488): No known package when getting name for resource number 0x9c010000
W/ResourceType( 3488): No known package when getting name for resource number 0x9c010100
W/ResourceType( 3488): No known package when getting name for resource number 0x9c010200
W/ResourceType( 3488): No known package when getting name for resource number 0x9c010300
W/ResourceType( 3488): No known package when getting name for resource number 0x9c010001
W/ResourceType( 3488): No known package when getting name for resource number 0x9c010101
W/ResourceType( 3488): No known package when getting name for resource number 0x9c010201
W/ResourceType( 3488): No known package when getting name for resource number 0x9c010301
W/ResourceType( 3488): No known package when getting name for resource number 0x9c010002
W/ResourceType( 3488): No known package when getting name for resource number 0x9c010102
W/ResourceType( 3488): No known package when getting name for resource number 0x9c010202
W/ResourceType( 3488): No known package when getting name for resource number 0x9c010302
W/ResourceType( 3488): No known package when getting name for resource number 0x9c010003
W/ResourceType( 3488): No known package when getting name for resource number 0x9c010103
W/ResourceType( 3488): No known package when getting name for resource number 0x9c000000
W/ResourceType( 3488): No known package when getting name for resource number 0x9c000002
W/ResourceType( 3488): No known package when getting name for resource number 0x9c000102
W/ResourceType( 3488): No known package when getting name for resource number 0x9c000202
W/ResourceType( 3488): No known package when getting name for resource number 0x9c000302
W/ResourceType( 3488): No known package when getting name for resource number 0x9c000003
W/ResourceType( 3488): No known package when getting name for resource number 0x9c000103
W/ResourceType( 3488): No known package when getting name for resource number 0x9c000203
W/ResourceType( 3488): No known package when getting name for resource number 0x9c000303
W/ResourceType( 3488): No known package when getting name for resource number 0x9c000004
W/ResourceType( 3488): No known package when getting name for resource number 0x9c000104
W/ResourceType( 3488): No known package when getting name for resource number 0x9c000204
W/ResourceType( 3488): No known package when getting name for resource number 0x9c000304
W/ResourceType( 3488): No known package when getting name for resource number 0x9c020202
W/ResourceType( 3488): No known package when getting name for resource number 0x9b000000
W/ResourceType( 3488): No known package when getting name for resource number 0x9b010100
W/ResourceType( 3488): No known package when getting name for resource number 0x9b020200
W/ResourceType( 3488): No known package when getting name for resource number 0x9b030300
W/ResourceType( 3488): No known package when getting name for resource number 0x9b040400
W/ResourceType( 3488): No known package when getting name for resource number 0x9c020000
W/ResourceType( 3488): No known package when getting name for resource number 0x9c020100
W/ResourceType( 3488): No known package when getting name for resource number 0x9c020200
W/ResourceType( 3488): No known package when getting name for resource number 0x9c020300
W/ResourceType( 3488): No known package when getting name for resource number 0x9c020001
W/ResourceType( 3488): No known package when getting name for resource number 0x9c020101
W/ResourceType( 3488): No known package when getting name for resource number 0x9c020201
W/ResourceType( 3488): No known package when getting name for resource number 0x9c020301
W/ResourceType( 3488): No known package when getting name for resource number 0x9c020002
W/ResourceType( 3488): No known package when getting name for resource number 0x9c020202
W/ResourceType( 3488): No known package when getting name for resource number 0x9c020202
W/ResourceType( 3488): No known package when getting name for resource number 0x9c010000
W/ResourceType( 3488): No known package when getting name for resource number 0x9c010100
W/ResourceType( 3488): No known package when getting name for resource number 0x9c010200
W/ResourceType( 3488): No known package when getting name for resource number 0x9c010300
W/ResourceType( 3488): No known package when getting name for resource number 0x9c010001
W/ResourceType( 3488): No known package when getting name for resource number 0x9c010101
W/ResourceType( 3488): No known package when getting name for resource number 0x9c010201
W/ResourceType( 3488): No known package when getting name for resource number 0x9c010301
W/ResourceType( 3488): No known package when getting name for resource number 0x9c010002
W/ResourceType( 3488): No known package when getting name for resource number 0x9c010102
W/ResourceType( 3488): No known package when getting name for resource number 0x9c010202
W/ResourceType( 3488): No known package when getting name for resource number 0x9c010302
W/ResourceType( 3488): No known package when getting name for resource number 0x9c010003
W/ResourceType( 3488): No known package when getting name for resource number 0x9c010103
W/ResourceType( 3488): No known package when getting name for resource number 0x9b000000
W/ResourceType( 3488): No known package when getting name for resource number 0x9b010100
W/ResourceType( 3488): No known package when getting name for resource number 0x9b020200
W/ResourceType( 3488): No known package when getting name for resource number 0x9b030300
W/ResourceType( 3488): No known package when getting name for resource number 0x9b040400
W/ResourceType( 3488): No known package when getting name for resource number 0x9c020000
W/ResourceType( 3488): No known package when getting name for resource number 0x9c020100
W/ResourceType( 3488): No known package when getting name for resource number 0x9c020200
W/ResourceType( 3488): No known package when getting name for resource number 0x9c020300
W/ResourceType( 3488): No known package when getting name for resource number 0x9c020001
W/ResourceType( 3488): No known package when getting name for resource number 0x9c020101
W/ResourceType( 3488): No known package when getting name for resource number 0x9c020201
W/ResourceType( 3488): No known package when getting name for resource number 0x9c020301
W/ResourceType( 3488): No known package when getting name for resource number 0x9c020002
W/ResourceType( 3488): No known package when getting name for resource number 0x9c020202
W/ResourceType( 3488): No known package when getting name for resource number 0x9c020202
W/ResourceType( 3488): No known package when getting name for resource number 0x9c010000
W/ResourceType( 3488): No known package when getting name for resource number 0x9c010100
W/ResourceType( 3488): No known package when getting name for resource number 0x9c010200
W/ResourceType( 3488): No known package when getting name for resource number 0x9c010300
W/ResourceType( 3488): No known package when getting name for resource number 0x9c010001
W/ResourceType( 3488): No known package when getting name for resource number 0x9c010101
W/ResourceType( 3488): No known package when getting name for resource number 0x9c010201
W/ResourceType( 3488): No known package when getting name for resource number 0x9c010301
W/ResourceType( 3488): No known package when getting name for resource number 0x9c010002
W/ResourceType( 3488): No known package when getting name for resource number 0x9c010102
W/ResourceType( 3488): No known package when getting name for resource number 0x9c010202
W/ResourceType( 3488): No known package when getting name for resource number 0x9c010302
W/ResourceType( 3488): No known package when getting name for resource number 0x9c010003
W/ResourceType( 3488): No known package when getting name for resource number 0x9c010103
W/ResourceType( 3488): No known package when getting name for resource number 0x9c020202
W/ResourceType( 3488): No known package when getting name for resource number 0x9b000000
W/ResourceType( 3488): No known package when getting name for resource number 0x9b010100
W/ResourceType( 3488): No known package when getting name for resource number 0x9b020200
W/ResourceType( 3488): No known package when getting name for resource number 0x9b030300
W/ResourceType( 3488): No known package when getting name for resource number 0x9b040400
