W/View    ( 3238): requestLayout() improperly called by com.android.systemui.statusbar.phone.IconMerger{433afb20 V.E..... ........ 0,0-270,75 #7f0a0067 app:id/notificationIcons} during second layout pass: posting in next frame
W/View    ( 3238): requestLayout() improperly called by com.android.systemui.statusbar.phone.IconMerger{433afb20 V.E..... ......I. 0,0-270,75 #7f0a0067 app:id/notificationIcons} during second layout pass: posting in next frame
W/View    ( 3238): requestLayout() improperly called by com.android.systemui.statusbar.phone.IconMerger{433afb20 V.E..... ......I. 0,0-270,75 #7f0a0067 app:id/notificationIcons} during layout: running second layout pass
E/Parcel  ( 3065): Reading a NULL string not supported here.
W/View    ( 3238): requestLayout() improperly called by com.android.systemui.statusbar.phone.IconMerger{433afb20 V.E..... ......I. 0,0-270,75 #7f0a0067 app:id/notificationIcons} during layout: running second layout pass
W/View    ( 3238): requestLayout() improperly called by com.android.systemui.statusbar.phone.IconMerger{433afb20 V.E..... ........ 0,0-270,75 #7f0a0067 app:id/notificationIcons} during second layout pass: posting in next frame
W/View    ( 3238): requestLayout() improperly called by com.android.systemui.statusbar.phone.IconMerger{433afb20 V.E..... ......I. 0,0-270,75 #7f0a0067 app:id/notificationIcons} during second layout pass: posting in next frame
W/View    ( 3238): requestLayout() improperly called by com.android.systemui.statusbar.phone.IconMerger{433afb20 V.E..... ......I. 0,0-270,75 #7f0a0067 app:id/notificationIcons} during layout: running second layout pass
I/HwSystemManager( 3720): HoldService:preHoldShow start!
I/HwSystemManager( 3720): HoldService:The prePermissionType is: 1
I/HwSystemManager( 3720): HoldService:preHoldShow start!
I/HwSystemManager( 3720): HoldService:The prePermissionType is: 1
W/View    ( 3238): requestLayout() improperly called by com.android.systemui.statusbar.phone.IconMerger{433afb20 V.E..... ......I. 0,0-270,75 #7f0a0067 app:id/notificationIcons} during layout: running second layout pass
W/View    ( 3238): requestLayout() improperly called by com.android.systemui.statusbar.phone.IconMerger{433afb20 V.E..... ........ 0,0-270,75 #7f0a0067 app:id/notificationIcons} during second layout pass: posting in next frame
W/View    ( 3238): requestLayout() improperly called by com.android.systemui.statusbar.phone.IconMerger{433afb20 V.E..... ......I. 0,0-270,75 #7f0a0067 app:id/notificationIcons} during second layout pass: posting in next frame
I/HwSystemManager( 3720): HoldService:preHoldShow start!
I/HwSystemManager( 3720): HoldService:The prePermissionType is: 1
W/View    ( 3238): requestLayout() improperly called by com.android.systemui.statusbar.phone.IconMerger{433afb20 V.E..... ......I. 0,0-270,75 #7f0a0067 app:id/notificationIcons} during layout: running second layout pass
W/View    ( 3238): requestLayout() improperly called by com.android.systemui.statusbar.phone.IconMerger{433afb20 V.E..... ......I. 0,0-270,75 #7f0a0067 app:id/notificationIcons} during layout: running second layout pass
W/View    ( 3238): requestLayout() improperly called by com.android.systemui.statusbar.phone.IconMerger{433afb20 V.E..... ........ 0,0-270,75 #7f0a0067 app:id/notificationIcons} during second layout pass: posting in next frame
W/View    ( 3238): requestLayout() improperly called by com.android.systemui.statusbar.phone.IconMerger{433afb20 V.E..... ......I. 0,0-270,75 #7f0a0067 app:id/notificationIcons} during second layout pass: posting in next frame
W/View    ( 3238): requestLayout() improperly called by com.android.systemui.statusbar.phone.IconMerger{433afb20 V.E..... ......I. 0,0-270,75 #7f0a0067 app:id/notificationIcons} during layout: running second layout pass
E/Parcel  ( 3065): Reading a NULL string not supported here.
W/View    ( 3238): requestLayout() improperly called by com.android.systemui.statusbar.phone.IconMerger{433afb20 V.E..... ......I. 0,0-270,75 #7f0a0067 app:id/notificationIcons} during layout: running second layout pass
W/View    ( 3238): requestLayout() improperly called by com.android.systemui.statusbar.phone.IconMerger{433afb20 V.E..... ........ 0,0-270,75 #7f0a0067 app:id/notificationIcons} during second layout pass: posting in next frame
W/View    ( 3238): requestLayout() improperly called by com.android.systemui.statusbar.phone.IconMerger{433afb20 V.E..... ......I. 0,0-270,75 #7f0a0067 app:id/notificationIcons} during second layout pass: posting in next frame
I/HwLauncher( 3488): Launcher.LauncherProvider  begin check permission at checkPermission 
W/System.err( 3488): java.lang.SecurityException: Permission Denial: reading com.huawei.android.launcher.LauncherProvider from pid=11956, uid=10079 requires com.huawei.android.launcher.permission.WRITE_SETTINGS: uid 10079 does not have com.huawei.android.launcher.permission.WRITE_SETTINGS.
W/System.err( 3488): 	at android.app.ContextImpl.enforce(ContextImpl.java:1775)
W/System.err( 3488): 	at android.app.ContextImpl.enforcePermission(ContextImpl.java:1787)
W/System.err( 3488): 	at android.content.ContextWrapper.enforcePermission(ContextWrapper.java:561)
W/System.err( 3488): 	at com.huawei.android.launcher.LauncherProvider.checkPermission(LauncherProvider.java:560)
W/System.err( 3488): 	at com.huawei.android.launcher.LauncherProvider.call(LauncherProvider.java:575)
W/System.err( 3488): 	at android.content.ContentProvider$Transport.call(ContentProvider.java:325)
W/System.err( 3488): 	at android.content.ContentProviderNative.onTransact(ContentProviderNative.java:284)
W/System.err( 3488): 	at android.os.Binder.execTransact(Binder.java:404)
W/System.err( 3488): 	at dalvik.system.NativeStart.run(Native Method)
E/DatabaseUtils( 3488): Writing exception to parcel
E/DatabaseUtils( 3488): java.lang.SecurityException: Permission Denial: reading com.huawei.android.launcher.LauncherProvider from pid=11956, uid=10079 requires com.huawei.android.launcher.permission.WRITE_SETTINGS: uid 10079 does not have com.huawei.android.launcher.permission.WRITE_SETTINGS.
E/DatabaseUtils( 3488): 	at android.app.ContextImpl.enforce(ContextImpl.java:1775)
E/DatabaseUtils( 3488): 	at android.app.ContextImpl.enforcePermission(ContextImpl.java:1787)
E/DatabaseUtils( 3488): 	at android.content.ContextWrapper.enforcePermission(ContextWrapper.java:561)
E/DatabaseUtils( 3488): 	at com.huawei.android.launcher.LauncherProvider.checkPermission(LauncherProvider.java:560)
E/DatabaseUtils( 3488): 	at com.huawei.android.launcher.LauncherProvider.call(LauncherProvider.java:575)
E/DatabaseUtils( 3488): 	at android.content.ContentProvider$Transport.call(ContentProvider.java:325)
E/DatabaseUtils( 3488): 	at android.content.ContentProviderNative.onTransact(ContentProviderNative.java:284)
E/DatabaseUtils( 3488): 	at android.os.Binder.execTransact(Binder.java:404)
E/DatabaseUtils( 3488): 	at dalvik.system.NativeStart.run(Native Method)
W/View    ( 3238): requestLayout() improperly called by com.android.systemui.statusbar.phone.IconMerger{433afb20 V.E..... ......I. 0,0-270,75 #7f0a0067 app:id/notificationIcons} during layout: running second layout pass
I/HwSystemManager( 3720): HoldService:preHoldShow start!
I/HwSystemManager( 3720): HoldService:The prePermissionType is: 1
I/HwSystemManager( 3720): HoldService:preHoldShow start!
I/HwSystemManager( 3720): HoldService:The prePermissionType is: 1
E/Thermal-daemon( 2431): [pa_0] temp_new :37  temp_old :38
E/Thermal-daemon( 2431): Report temperature: [pa_0] temp :37  report_threshold:1
I/HwLauncher( 3488): Launcher onPause()
W/HwLauncher( 3488): Launcher.MotionManager failed to stop TYPE_SHAKE_CHANGE_WALLPAPER
W/HwLauncher( 3488): Launcher.MotionManager failed to stop TYPE_SHAKE_START_PRIVACY
I/HwLauncher( 3488): Launcher onStop()
E/HwLauncher( 3488): Launcher dialog dismiss failed : java.lang.IllegalArgumentException: no dialog with id 1 was ever shown via Activity#showDialog
I/HwLauncher( 3488): Launcher dynamicIconsUnregister
I/HwLauncher( 3488): DynamicUpdater unregisterReceiver
I/HwLauncher( 3488): DynamicIcon onPause  isvisible = true   mAttachedToWindow:true    mWindowVisible:truecom.android.deskclock
I/HwLauncher( 3488): DynamicUpdater unregisterReceiver
I/HwLauncher( 3488): DynamicIcon onPause  isvisible = true   mAttachedToWindow:false    mWindowVisible:falsecom.android.calendar
I/HwLauncher( 3488): DynamicUpdater unregisterReceiver
I/HwLauncher( 3488): DynamicIcon onPause  isvisible = true   mAttachedToWindow:true    mWindowVisible:truecom.huawei.android.totemweather
E/AudioFlinger( 2425): setLppDtsGeq():invalid keyValue of dts geq.
I/HwLauncher( 3488): Launcher receiver screen off broadcast sendmessage true
W/Parcel  (13153): Attempt to read object from Parcel 0x7c1ef8d8 at offset 68 that is not in the object list
E/Parcel  ( 3065): Reading a NULL string not supported here.
I/K3V3CpuGovernorPolicy( 3446): set scene Hmp policy : 300 , 150
W/View    ( 3238): requestLayout() improperly called by com.android.systemui.statusbar.phone.IconMerger{433afb20 V.E..... ........ 0,0-270,75 #7f0a0067 app:id/notificationIcons} during second layout pass: posting in next frame
I/PhoneStatusBar( 3238): hw_status_bar_operators = true, setSystemUIVisibily(SHOW_OPERATOR = false)
I/HwLauncher( 3488): DynamicIcon onWindowVisibilityChanged 8 - com.android.deskclock
I/HwLauncher( 3488): DynamicIcon onWindowVisibilityChanged 8 - com.huawei.android.totemweather
W/Parcel  (13153): Attempt to read object from Parcel 0x7abdfc20 at offset 68 that is not in the object list
E/Parcel  ( 3065): Reading a NULL string not supported here.
W/IInputConnectionWrapper( 9299): showStatusIcon on inactive InputConnection
I/HwLauncher( 3488): DynamicIcon onVisibilityChanged 4 - com.android.deskclock
I/HwLauncher( 3488): DynamicIcon onVisibilityChanged 4 - com.huawei.android.totemweather
I/HwLauncher( 3488): Launcher onStart()
I/HwLauncher( 3488): Launcher dynamicIconsRegister
I/HwLauncher( 3488): DynamicUpdater registerReceiver
I/ActivityManager( 3065): Displayed cn.etouch.ecalendar/.keeplive.KeepLiveActivity: +345ms (total +356ms)
I/HwLauncher( 3488): DynamicUpdater call updateFolder
I/HwLauncher( 3488): DynamicIcon onResume  isvisible = false   mAttachedToWindow:true    mWindowVisible:falsecom.android.deskclock
I/HwLauncher( 3488): DynamicUpdater registerReceiver
I/HwLauncher( 3488): DynamicUpdater call updateFolder
I/HwLauncher( 3488): DynamicIcon onResume  isvisible = true   mAttachedToWindow:false    mWindowVisible:falsecom.android.calendar
I/HwLauncher( 3488): DynamicUpdater registerReceiver
I/HwLauncher( 3488): DynamicUpdater call updateFolder
I/HwLauncher( 3488): DynamicIcon onResume  isvisible = false   mAttachedToWindow:true    mWindowVisible:falsecom.huawei.android.totemweather
I/HwLauncher( 3488): WeatherDynamicUpdaterpositiveUpdate at WeatherDynamicUpdater
I/HwLauncher( 3488): DynamicIcon onVisibilityChanged 0 - com.android.deskclock
I/HwLauncher( 3488): DynamicIcon onVisibilityChanged 0 - com.huawei.android.totemweather
I/HwLauncher( 3488): DynamicIcon onWindowVisibilityChanged 0 - com.android.deskclock
I/HwLauncher( 3488): DynamicIcon onWindowVisibilityChanged 0 - com.huawei.android.totemweather
I/HwLauncher( 3488): Launcher onStop()
E/HwLauncher( 3488): Launcher dialog dismiss failed : java.lang.IllegalArgumentException: no dialog with id 1 was ever shown via Activity#showDialog
I/HwLauncher( 3488): Launcher dynamicIconsUnregister
I/HwLauncher( 3488): DynamicUpdater unregisterReceiver
I/HwLauncher( 3488): DynamicIcon onPause  isvisible = true   mAttachedToWindow:true    mWindowVisible:truecom.android.deskclock
I/HwLauncher( 3488): DynamicUpdater unregisterReceiver
I/HwLauncher( 3488): DynamicIcon onPause  isvisible = true   mAttachedToWindow:false    mWindowVisible:falsecom.android.calendar
I/HwLauncher( 3488): DynamicUpdater unregisterReceiver
I/HwLauncher( 3488): DynamicIcon onPause  isvisible = true   mAttachedToWindow:true    mWindowVisible:truecom.huawei.android.totemweather
I/HwLauncher( 3488): DynamicIcon onVisibilityChanged 4 - com.android.deskclock
I/HwLauncher( 3488): DynamicIcon onVisibilityChanged 4 - com.huawei.android.totemweather
I/HwLauncher( 3488): DynamicIcon onWindowVisibilityChanged 8 - com.android.deskclock
I/HwLauncher( 3488): DynamicIcon onWindowVisibilityChanged 8 - com.huawei.android.totemweather
W/IInputConnectionWrapper(10830): showStatusIcon on inactive InputConnection
I/ActivityManager( 3065): Displayed com.tencent.news/.push.alive.offactivity.OffActivity: +95ms
I/FreezeProcess( 3446): handle Stop Freezer
I/logserver( 2433): Object Path:/data/system/dropbox/, mask=0x00000080
I/logserver( 2433): event->len=48, name=system_server_wtf@1474449290714.txt
I/logserver( 2433): find_first_match: find match, plogs(type=2, pfile=/data/system/dropbox/, match=_wtf)
I/logserver( 2433): move_dir:src_path=/data/log/dbox/appdbg/logcache
I/logserver( 2433): move_dir:dst_path=/data/log/logcache/33400608/
I/logserver( 2433): is_all_ready, all key files were ready.
I/logserver( 2433): find_fault_appname, 1433, type is not ANR/FC/VMREBOOT.
I/logserver( 2433): is_only_tombstone, not force close type, return.
I/logserver( 2433): archive_and_send, pos=3, type=wtf, output=20160921171450_wtf
I/logserver( 2433): get alarm time = 17250 (sec.)!
I/logserver( 2433): log_apr_add_record open file:/data/log/apr/H60-L02_V100R001CHNC00B316_DU2TAN15AJ049163_20160830182502_statistics
I/logserver( 2433): archive_and_send, don't tar and send (wtf)
I/logserver( 2433): clean_cur_cache:962, system(rm -r /data/log/logcache/33400608/* > /dev/null 2>&1)
I/logserver( 2433): Object Path:/data/log/apr/, mask=0x00000008
I/logserver( 2433): event->len=80, name=H60-L02_V100R001CHNC00B316_DU2TAN15AJ049163_20160830182502_statistics
I/logserver( 2433): process_one_event, can not find this event(H60-L02_V100R001CHNC00B316_DU2TAN15AJ049163_20160830182502_statistics)
I/logserver( 2433): clean_cur_cache:962, system(rm -r /data/log/logcache/33400608/* > /dev/null 2>&1)
I/logserver( 2433): Object Path:/data/system/dropbox/, mask=0x00000080
I/logserver( 2433): event->len=48, name=system_server_wtf@1474449290733.txt
I/logserver( 2433): find_first_match: find match, plogs(type=2, pfile=/data/system/dropbox/, match=_wtf)
I/AppsCleanUp( 3446): Clean Apps Num:3, clean type is 1
I/PGFreezeAdapter( 3446): Not freeze the holding a wakelock app:com.tencent.news
I/logserver( 2433): move_dir:src_path=/data/log/dbox/appdbg/logcache
I/logserver( 2433): move_dir:dst_path=/data/log/logcache/33400608/
I/logserver( 2433): is_all_ready, all key files were ready.
I/logserver( 2433): find_fault_appname, 1433, type is not ANR/FC/VMREBOOT.
I/logserver( 2433): is_only_tombstone, not force close type, return.
I/logserver( 2433): archive_and_send, pos=3, type=wtf, output=20160921171450_wtf
I/logserver( 2433): get alarm time = 17251 (sec.)!
I/logserver( 2433): log_apr_add_record open file:/data/log/apr/H60-L02_V100R001CHNC00B316_DU2TAN15AJ049163_20160830182502_statistics
I/logserver( 2433): archive_and_send, don't tar and send (wtf)
I/logserver( 2433): clean_cur_cache:962, system(rm -r /data/log/logcache/33400608/* > /dev/null 2>&1)
I/logserver( 2433): Object Path:/data/log/apr/, mask=0x00000008
I/logserver( 2433): event->len=80, name=H60-L02_V100R001CHNC00B316_DU2TAN15AJ049163_20160830182502_statistics
I/logserver( 2433): process_one_event, can not find this event(H60-L02_V100R001CHNC00B316_DU2TAN15AJ049163_20160830182502_statistics)
I/logserver( 2433): clean_cur_cache:962, system(rm -r /data/log/logcache/33400608/* > /dev/null 2>&1)
I/PGFreezeAdapter( 3446): setAlarmsPending [true] -> [[com.sohu.newsclient, com.ifeng.news2, com.palmtrends.rmrb, com.netease.newsreader.activity, com.mx.browser, com.apc.browser, com.dolphin.browser.xf, com.baidu.browser.apps, com.tiantianmini.android.browser, com.skyfire.browser, org.mozilla.firefox, sogou.mobile.explorer, com.oupeng.mini.android, com.tiantian.android.player, com.qiyi.video, com.kascend.video, com.qvod.player, tv.pps.mobile, com.baidu.video, com.youku.phone, dopool.player, com.tudou.android, com.pplive.androidphone, com.duowan.mobile, com.tencent.research.drop, com.storm.smart, com.kandian.vodapp, com.lectek.android.sfreader, com.nd.android.pandareader, com.shuqi.controller, com.snda.cloudary, com.kiloo.subwaysurf, com.popcap.pvz2cthdbddk, com.taobao.taobao, com.youdao.dict, com.infinit.wostore.ui, com.meitu.mtxx.huawei, cn.wps.moffice, com.intsig.BizCardReader, com.neusoft.td.android.wo116114]]
I/AppsCleanUp( 3446): success pending alarm state:true
I/PacketsControl( 3446): not 3G net type. do nothing.
I/KeyguardViewManager( 3210):     wallpaper = android.graphics.drawable.BitmapDrawable@433261a8, mIsWallpaperClamp = false
I/KeyguardViewManager( 3210): updateShowWallpaper = false
E/KeyguardHostView( 3210): KeyguardHostView()
I/KeyguardHostView( 3210): initFingerprintView
E/AuthenticationManager( 3210): AuthenticationManager open failed: the AuthenticationService is null
W/FpUtils ( 3210): AuthenticationManager open return null
I/KeyguardHostView( 3210): Fingerprint unlock is not enabled
I/KeyguardHostView( 3210): Fingerprint validation is not enabled
I/HwLockScreenImpl( 3210): HwLockScreenImpl construct
I/LockScreenCallbackImpl( 3210): LockScreenCallbackImpl init
I/LockScreenCallbackImpl( 3210): initDoubleCard .. mIsMultiSimEnabled :true
I/HwLockScreenImpl( 3210): init
I/HwLockScreenImpl( 3210): loadMagazine
W/Settings( 3210): Setting airplane_mode_on has moved from android.provider.Settings.System to android.provider.Settings.Global, returning read-only value.
E/AbsClockView( 3210): In setFactory...
E/HwClockView( 3210): In HwClockView...
W/ResourceType( 3210): No known package when getting value for resource number 0xffffffff
W/ResourceType( 3210): No known package when getting value for resource number 0xffffffff
E/AbsClockView( 3210): In setFactory...
E/HwClockView( 3210): In HwClockView...
W/Settings( 3210): Setting airplane_mode_on has moved from android.provider.Settings.System to android.provider.Settings.Global, returning read-only value.
W/ResourceType( 3210): No known package when getting value for resource number 0xffffffff
W/ResourceType( 3210): No known package when getting value for resource number 0xffffffff
I/HwLockScreenImpl( 3210): keyguard transparent = true
E/AbsClockView( 3210): In setFactory...
E/HwClockView( 3210): In HwClockView...
W/Settings( 3210): Setting airplane_mode_on has moved from android.provider.Settings.System to android.provider.Settings.Global, returning read-only value.
W/ResourceType( 3210): No known package when getting value for resource number 0xffffffff
W/ResourceType( 3210): No known package when getting value for resource number 0xffffffff
I/HwLockScreenImpl( 3210): onResume: 2
I/HwLockScreenImpl( 3210): Do not need screenshot
I/LockScreenCallbackImpl( 3210): refreshLockScreenInfo
I/LockScreenCallbackImpl( 3210): getSimState
I/LockScreenCallbackImpl( 3210): traverseCardStatus : mUpdateMonitor.getSimState(0)=READY
I/LockScreenCallbackImpl( 3210): getCurrentStatus simState=READY
I/LockScreenCallbackImpl( 3210): getTelephonyPlmn double card
I/LockScreenCallbackImpl( 3210): getTelephonySpn double card
I/LockScreenCallbackImpl( 3210): getSimState
I/LockScreenCallbackImpl( 3210): traverseCardStatus : mUpdateMonitor.getSimState(1)=READY
I/LockScreenCallbackImpl( 3210): getCurrentStatus simState=READY
I/LockScreenCallbackImpl( 3210): getTelephonyPlmn double card
I/LockScreenCallbackImpl( 3210): getTelephonySpn double card
W/ResourceType( 3210): No known package when getting value for resource number 0xffffffff
W/Settings( 3210): Setting airplane_mode_on has moved from android.provider.Settings.System to android.provider.Settings.Global, returning read-only value.
W/Settings( 3210): Setting airplane_mode_on has moved from android.provider.Settings.System to android.provider.Settings.Global, returning read-only value.
W/Settings( 3210): Setting airplane_mode_on has moved from android.provider.Settings.System to android.provider.Settings.Global, returning read-only value.
I/HwLockScreenImpl( 3210): onAttachedToWindow
I/HwLockScreenImpl( 3210): setLayoutHeight hide widget
I/LockScreenCallbackImpl( 3210): onTimeChanged
I/LockScreenCallbackImpl( 3210): on phone state changed :0
I/LockScreenCallbackImpl( 3210): onRefreshCarrierInfo double plmn = spn=nullcard=0
I/LockScreenCallbackImpl( 3210): .double card.onRefreshCarrierInfo..: 
I/LockScreenCallbackImpl( 3210): onSimStateChanged single simState=READYcardId=0
I/LockScreenCallbackImpl( 3210): getCurrentStatus simState=READY
I/LockScreenCallbackImpl( 3210): double card.onSimStateChanged.start.SimState.:READY SimStaatus:..Normal
I/LockScreenCallbackImpl( 3210): getTelephonyPlmn double card
I/LockScreenCallbackImpl( 3210): getTelephonySpn double card
I/LockScreenCallbackImpl( 3210): double card.onSimStateChanged..0 text : 
I/LockScreenCallbackImpl( 3210): onRefreshCarrierInfo double plmn = spn=nullcard=1
I/LockScreenCallbackImpl( 3210): .double card.onRefreshCarrierInfo..: 
I/LockScreenCallbackImpl( 3210): onSimStateChanged single simState=READYcardId=1
I/LockScreenCallbackImpl( 3210): getCurrentStatus simState=READY
I/LockScreenCallbackImpl( 3210): double card.onSimStateChanged.start.SimState.:READY SimStaatus:..Normal
I/LockScreenCallbackImpl( 3210): getTelephonyPlmn double card
I/LockScreenCallbackImpl( 3210): getTelephonySpn double card
I/LockScreenCallbackImpl( 3210): double card.onSimStateChanged..1 text : 
I/KeyguardUpdateMonitor( 3210): keyguard blur, dispatch set blur background : bitmap = android.graphics.Bitmap@43d50028
I/HwMusicManager( 3210): registerMusicObserver context=com.android.keyguard.KeyguardService@43307510
I/HwUpdateMonitor( 3210): registerCallback com.android.huawei.hwlockscreen.utils.EventNotifyView$1@4331b370, callback size = 0
I/EventNotifyView( 3210): onNewMessageChange info is null - no change happened
I/EventNotifyView( 3210): onCalllogChange info is null - no change happened
I/HwUpdateMonitor( 3210): registerMonitor
W/Settings( 3210): Setting airplane_mode_on has moved from android.provider.Settings.System to android.provider.Settings.Global, returning read-only value.
W/Settings( 3210): Setting airplane_mode_on has moved from android.provider.Settings.System to android.provider.Settings.Global, returning read-only value.
W/Settings( 3210): Setting airplane_mode_on has moved from android.provider.Settings.System to android.provider.Settings.Global, returning read-only value.
W/ResourceType( 3210): No known package when getting value for resource number 0xffffffff
W/KeyguardStatusViewEx( 3210): refreshSmallMusicView res is null mEmergencyView=null
W/ResourceType( 3210): No known package when getting value for resource number 0xffffffff
W/KeyguardStatusViewEx( 3210): refreshSmallMusicView res is null mEmergencyView=com.android.keyguard.EmergencyCarrierArea{46c2c7e8 V.E...C. ......I. 0,0-0,0 #7f0d00a0 app:id/keyguard_selector_fade_container}
W/Settings( 3210): Setting airplane_mode_on has moved from android.provider.Settings.System to android.provider.Settings.Global, returning read-only value.
W/Settings( 3210): Setting airplane_mode_on has moved from android.provider.Settings.System to android.provider.Settings.Global, returning read-only value.
W/Settings( 3210): Setting airplane_mode_on has moved from android.provider.Settings.System to android.provider.Settings.Global, returning read-only value.
I/CameraLayout( 3210): onAttachedToWindow
I/UnderLayer( 3210): UnderLayer view
I/MonteGrayView( 3210): keyguard blur, on set blur background : bitmap = android.graphics.Bitmap@43d50028, visibility = 0, mDrawableBlur = android.graphics.drawable.BitmapDrawable@460e3e18
I/HwUpdateMonitor( 3210): registerCallback com.android.huawei.hwlockscreen.infocenter.InfoCenterView$1@46b96708, callback size = 1
E/HwLauncher( 3488): Launcher dialog dismiss failed : java.lang.IllegalArgumentException: no dialog with id 1 was ever shown via Activity#showDialog
I/PhoneStatusBar( 3238): hw_status_bar_operators = true, setSystemUIVisibily(SHOW_OPERATOR = true)
W/ResourceType( 3210): No known package when getting value for resource number 0xffffffff
W/ResourceType( 3210): No known package when getting value for resource number 0xffffffff
W/ResourceType( 3210): No known package when getting value for resource number 0xffffffff
W/View    ( 3238): requestLayout() improperly called by com.android.systemui.statusbar.phone.IconMerger{433afb20 V.E..... ......I. 0,0-270,75 #7f0a0067 app:id/notificationIcons} during layout: running second layout pass
W/View    ( 3238): requestLayout() improperly called by com.android.systemui.statusbar.phone.IconMerger{433afb20 V.E..... ......I. 0,0-270,75 #7f0a0067 app:id/notificationIcons} during second layout pass: posting in next frame
W/Settings( 8773): Setting airplane_mode_on has moved from android.provider.Settings.System to android.provider.Settings.Global, returning read-only value.
W/ResourceType( 3210): No known package when getting value for resource number 0xffffffff
W/ResourceType( 3210): No known package when getting value for resource number 0xffffffff
W/ResourceType( 3210): No known package when getting value for resource number 0xffffffff
I/HwLauncher( 3488): DynamicIcon onWindowVisibilityChanged 4 - com.android.deskclock
I/HwLauncher( 3488): DynamicIcon onWindowVisibilityChanged 4 - com.huawei.android.totemweather
I/HwLauncher( 3488): Launcher onStart()
I/HwLauncher( 3488): Launcher dynamicIconsRegister
I/HwLauncher( 3488): DynamicUpdater registerReceiver
I/HwLauncher( 3488): DynamicUpdater call updateFolder
I/HwLauncher( 3488): DynamicIcon onResume  isvisible = false   mAttachedToWindow:true    mWindowVisible:falsecom.android.deskclock
I/HwLauncher( 3488): DynamicUpdater registerReceiver
I/HwLauncher( 3488): DynamicUpdater call updateFolder
I/HwLauncher( 3488): DynamicIcon onResume  isvisible = true   mAttachedToWindow:false    mWindowVisible:falsecom.android.calendar
I/HwLauncher( 3488): DynamicUpdater registerReceiver
I/HwLauncher( 3488): DynamicUpdater call updateFolder
I/HwLauncher( 3488): WeatherDynamicUpdaterpositiveUpdate at WeatherDynamicUpdater
I/HwLauncher( 3488): DynamicIcon onResume  isvisible = false   mAttachedToWindow:true    mWindowVisible:falsecom.huawei.android.totemweather
I/HwLauncher( 3488): DynamicIcon onVisibilityChanged 0 - com.android.deskclock
I/HwLauncher( 3488): DynamicIcon onVisibilityChanged 0 - com.huawei.android.totemweather
I/HwLauncher( 3488): DynamicIcon onWindowVisibilityChanged 0 - com.android.deskclock
I/HwLauncher( 3488): DynamicIcon onWindowVisibilityChanged 0 - com.huawei.android.totemweather
I/HwLauncher( 3488): WeatherDynamicUpdaterreceive action = com.huawei.android.action.launcher_weather_icon_change
I/HwLauncher( 3488): WeatherDynamicUpdaterreceiver data is int[] = [0, 0]
I/HwLauncher( 3488):  stringArray[] [unknown]
I/HwSystemManager( 3720): HoldService:preHoldShow start!
I/HwSystemManager( 3720): HoldService:The prePermissionType is: 1
I/HwSystemManager( 3720): HoldService:preHoldShow start!
I/HwSystemManager( 3720): HoldService:The prePermissionType is: 1
W/dalvikvm( 1563): No implementation found for native Lcom/tencent/feedback/eup/jni/NativeExceptionUpload;.registNativeExceptionHandler2:(Ljava/lang/String;Ljava/lang/String;II)Ljava/lang/String;
I/native_eup( 1563): Java_com_tencent_feedback_eup_jni_NativeExceptionUpload_registNativeExceptionHandler start
I/native_eup( 1563): found native exception upload!
I/native_eup( 1563): found native exception handler!
I/native_eup( 1563): regist handler start procType 1 , level 19 , tombDir:/data/data/com.tencent.qqpim/app_tomb
I/native_eup( 1563): registSignal start
I/native_eup( 1563): registSignal end
I/native_eup( 1563): regist handler end
I/native_eup( 1563): Java_com_tencent_feedback_eup_jni_NativeExceptionUpload_registNativeExceptionHandler end
I/native_eup( 1563): Java_com_tencent_feedback_eup_jni_NativeExceptionUpload_enableHandler start
I/native_eup( 1563): Java_com_tencent_feedback_eup_jni_NativeExceptionUpload_enableHandler end
I/native_eup( 1563): setLogMode 5 current 4
E/Parcel  ( 3065): Reading a NULL string not supported here.
I/HwSystemManager( 3720): HoldService:preHoldShow start!
I/HwSystemManager( 3720): HoldService:The prePermissionType is: 1
W/dalvikvm( 1563): Unable to resolve superclass of Lcom/tencent/qqpim/apps/softlock/server/SoftwareLockJobService; (344)
W/dalvikvm( 1563): Link of class 'Lcom/tencent/qqpim/apps/softlock/server/SoftwareLockJobService;' failed
I/dalvikvm( 1563): Could not find method com.tencent.qqpim.apps.softlock.server.SoftwareLockJobService.a, referenced from method com.tencent.qqpim.apps.softlock.a.a.a
W/dalvikvm( 1563): VFY: unable to resolve static method 17260: Lcom/tencent/qqpim/apps/softlock/server/SoftwareLockJobService;.a (Landroid/content/Context;)V
W/dalvikvm( 1563): Unable to resolve superclass of Lcom/tencent/qqpim/apps/softlock/server/SoftwareLockJobService; (344)
W/dalvikvm( 1563): Link of class 'Lcom/tencent/qqpim/apps/softlock/server/SoftwareLockJobService;' failed
I/dalvikvm( 1563): Could not find method com.tencent.qqpim.apps.softlock.server.SoftwareLockJobService.b, referenced from method com.tencent.qqpim.apps.softlock.a.a.b
W/dalvikvm( 1563): VFY: unable to resolve static method 17261: Lcom/tencent/qqpim/apps/softlock/server/SoftwareLockJobService;.b (Landroid/content/Context;)V
W/AccountManagerService( 3065): insertAccountIntoDatabase: Account {name=, type=com.tencent.qqpim.syncaccount.type.admin}, skipping since the account already exists
I/HwSystemManager( 3720): HoldService:preHoldShow start!
I/HwSystemManager( 3720): HoldService:preHoldShow start!
I/HwSystemManager( 3720): HoldService:The prePermissionType is: 1
I/HwSystemManager( 3720): HoldService:The prePermissionType is: 1
I/HwSystemManager( 3720): HoldService:preHoldShow start!
I/HwSystemManager( 3720): HoldService:The prePermissionType is: 1
E/beacon  ( 1563): Read file /sys/class/net/eth0/address failed.
E/Parcel  ( 3065): Reading a NULL string not supported here.
E/Parcel  ( 3065): Reading a NULL string not supported here.
E/Parcel  ( 3065): Reading a NULL string not supported here.
I/HwSystemManager( 3720): HoldService:preHoldShow start!
I/HwSystemManager( 3720): HoldService:The prePermissionType is: 1
I/TrafficXtStats( 1563): /proc/net/xt_qtaguid/stats rule meets !
I/traffic_xml( 1563): last_connection_type is mobile
I/traffic_xml( 1563): refreshTrafficInfo(String[], boolean), new strategy!
I/TrafficXtStats( 1563): current iface is rmnet0 uid is 0
I/TrafficXtStats( 1563): /proc/net/xt_qtaguid/stats can read other uid ! myUid is 10103! another uid is 0
I/TrafficXtStats( 1563): current iface is rmnet0 uid is 0
I/TrafficXtStats( 1563): current iface is rmnet0 uid is 1000
I/TrafficXtStats( 1563): current iface is rmnet0 uid is 1000
I/TrafficXtStats( 1563): current iface is rmnet0 uid is 1001
I/TrafficXtStats( 1563): current iface is rmnet0 uid is 1001
I/TrafficXtStats( 1563): current iface is rmnet0 uid is 10024
I/TrafficXtStats( 1563): current iface is rmnet0 uid is 10024
I/TrafficXtStats( 1563): current iface is rmnet0 uid is 10031
I/TrafficXtStats( 1563): current iface is rmnet0 uid is 10031
I/TrafficXtStats( 1563): current iface is rmnet0 uid is 10049
I/TrafficXtStats( 1563): current iface is rmnet0 uid is 10049
I/TrafficXtStats( 1563): current iface is rmnet0 uid is 10079
I/TrafficXtStats( 1563): current iface is rmnet0 uid is 10079
I/TrafficXtStats( 1563): current iface is rmnet0 uid is 10080
I/TrafficXtStats( 1563): current iface is rmnet0 uid is 10080
I/TrafficXtStats( 1563): current iface is rmnet0 uid is 10081
I/TrafficXtStats( 1563): current iface is rmnet0 uid is 10081
I/TrafficXtStats( 1563): current iface is rmnet0 uid is 10083
I/TrafficXtStats( 1563): current iface is rmnet0 uid is 10083
I/TrafficXtStats( 1563): current iface is rmnet0 uid is 10084
I/TrafficXtStats( 1563): current iface is rmnet0 uid is 10084
I/TrafficXtStats( 1563): current iface is rmnet0 uid is 10092
I/TrafficXtStats( 1563): current iface is rmnet0 uid is 10092
I/TrafficXtStats( 1563): current iface is rmnet0 uid is 10096
I/TrafficXtStats( 1563): current iface is rmnet0 uid is 10096
I/TrafficXtStats( 1563): current iface is rmnet0 uid is 10098
I/TrafficXtStats( 1563): current iface is rmnet0 uid is 10098
I/TrafficXtStats( 1563): current iface is rmnet0 uid is 10103
I/TrafficXtStats( 1563): current iface is rmnet0 uid is 10103
I/TrafficXtStats( 1563): current iface is rmnet0 uid is 10104
I/TrafficXtStats( 1563): current iface is rmnet0 uid is 10104
I/TrafficXtStats( 1563): current iface is rmnet0 uid is 10105
I/TrafficXtStats( 1563): current iface is rmnet0 uid is 10105
I/TrafficXtStats( 1563): current iface is rmnet0 uid is 10107
I/TrafficXtStats( 1563): current iface is rmnet0 uid is 10107
I/TrafficXtStats( 1563): current iface is rmnet0 uid is 10109
I/TrafficXtStats( 1563): current iface is rmnet0 uid is 10109
I/TrafficXtStats( 1563): current iface is rmnet0 uid is 10129
I/TrafficXtStats( 1563): current iface is rmnet0 uid is 10129
I/TrafficXtStats( 1563): current iface is rmnet0 uid is 10130
I/TrafficXtStats( 1563): current iface is rmnet0 uid is 10130
I/TrafficXtStats( 1563): current iface is rmnet0 uid is 10142
I/TrafficXtStats( 1563): current iface is rmnet0 uid is 10142
I/TrafficXtStats( 1563): current iface is rmnet0 uid is 10150
I/TrafficXtStats( 1563): current iface is rmnet0 uid is 10150
I/TrafficXtStats( 1563): /proc/net/xt_qtaguid/stats read rx successfully!
I/TrafficXtStats( 1563): in TX mTrafficMobileMap builds successfully!size is 23
I/TrafficXtStats( 1563): mTrafficMobileMap contains the uid 10103
I/TrafficXtStats( 1563): TX  value is 0
I/TrafficXtStats( 1563): in RX mTrafficMobileMap exists!
I/TrafficXtStats( 1563): mTrafficMobileMap contains the uid 10103
I/TrafficXtStats( 1563): RX  value is 172359
I/traffic_xml( 1563): new trategy, count type mobile. uid: 10103
I/traffic_xml( 1563):  stored up: 0. stored down = 169266
I/traffic_xml( 1563): current up: 0. current down = 172359
I/traffic_xml( 1563): value add! up= 0 down = 3093
I/traffic_xml( 1563): mobile last! up= 0 down = 1350044
I/traffic_xml( 1563): mobile now and display ! up= 0 down = 1353137 all = 1321KB
I/TrafficXtStats( 1563): TrafficXtStats setStatusNULL!
I/traffic_xml( 1563): last_connection_type is mobile
I/traffic_xml( 1563): refreshTrafficInfo(String[], boolean), new strategy!
I/TrafficXtStats( 1563): current iface is rmnet0 uid is 0
I/TrafficXtStats( 1563): current iface is rmnet0 uid is 0
I/TrafficXtStats( 1563): current iface is rmnet0 uid is 1000
I/TrafficXtStats( 1563): current iface is rmnet0 uid is 1000
I/TrafficXtStats( 1563): current iface is rmnet0 uid is 1001
I/TrafficXtStats( 1563): current iface is rmnet0 uid is 1001
I/TrafficXtStats( 1563): current iface is rmnet0 uid is 10024
I/TrafficXtStats( 1563): current iface is rmnet0 uid is 10024
I/TrafficXtStats( 1563): current iface is rmnet0 uid is 10031
I/TrafficXtStats( 1563): current iface is rmnet0 uid is 10031
I/TrafficXtStats( 1563): current iface is rmnet0 uid is 10049
I/TrafficXtStats( 1563): current iface is rmnet0 uid is 10049
I/TrafficXtStats( 1563): current iface is rmnet0 uid is 10079
I/TrafficXtStats( 1563): current iface is rmnet0 uid is 10079
I/TrafficXtStats( 1563): current iface is rmnet0 uid is 10080
I/TrafficXtStats( 1563): current iface is rmnet0 uid is 10080
I/TrafficXtStats( 1563): current iface is rmnet0 uid is 10081
I/TrafficXtStats( 1563): current iface is rmnet0 uid is 10081
I/TrafficXtStats( 1563): current iface is rmnet0 uid is 10083
I/TrafficXtStats( 1563): current iface is rmnet0 uid is 10083
I/TrafficXtStats( 1563): current iface is rmnet0 uid is 10084
I/TrafficXtStats( 1563): current iface is rmnet0 uid is 10084
I/TrafficXtStats( 1563): current iface is rmnet0 uid is 10092
I/TrafficXtStats( 1563): current iface is rmnet0 uid is 10092
I/TrafficXtStats( 1563): current iface is rmnet0 uid is 10096
I/TrafficXtStats( 1563): current iface is rmnet0 uid is 10096
I/TrafficXtStats( 1563): current iface is rmnet0 uid is 10098
I/TrafficXtStats( 1563): current iface is rmnet0 uid is 10098
I/TrafficXtStats( 1563): current iface is rmnet0 uid is 10103
I/TrafficXtStats( 1563): current iface is rmnet0 uid is 10103
I/TrafficXtStats( 1563): current iface is rmnet0 uid is 10104
I/TrafficXtStats( 1563): current iface is rmnet0 uid is 10104
I/TrafficXtStats( 1563): current iface is rmnet0 uid is 10105
I/TrafficXtStats( 1563): current iface is rmnet0 uid is 10105
I/TrafficXtStats( 1563): current iface is rmnet0 uid is 10107
I/TrafficXtStats( 1563): current iface is rmnet0 uid is 10107
I/TrafficXtStats( 1563): current iface is rmnet0 uid is 10109
I/TrafficXtStats( 1563): current iface is rmnet0 uid is 10109
I/TrafficXtStats( 1563): current iface is rmnet0 uid is 10129
I/TrafficXtStats( 1563): current iface is rmnet0 uid is 10129
I/TrafficXtStats( 1563): current iface is rmnet0 uid is 10130
I/TrafficXtStats( 1563): current iface is rmnet0 uid is 10130
I/TrafficXtStats( 1563): current iface is rmnet0 uid is 10142
I/TrafficXtStats( 1563): current iface is rmnet0 uid is 10142
I/TrafficXtStats( 1563): current iface is rmnet0 uid is 10150
I/TrafficXtStats( 1563): current iface is rmnet0 uid is 10150
I/TrafficXtStats( 1563): /proc/net/xt_qtaguid/stats read rx successfully!
I/TrafficXtStats( 1563): in TX mTrafficMobileMap builds successfully!size is 23
I/TrafficXtStats( 1563): mTrafficMobileMap contains the uid 10103
I/TrafficXtStats( 1563): TX  value is 0
I/TrafficXtStats( 1563): in RX mTrafficMobileMap exists!
I/TrafficXtStats( 1563): mTrafficMobileMap contains the uid 10103
I/TrafficXtStats( 1563): RX  value is 173251
I/traffic_xml( 1563): new trategy, count type mobile. uid: 10103
I/traffic_xml( 1563):  stored up: 0. stored down = 172359
I/traffic_xml( 1563): current up: 0. current down = 173251
I/traffic_xml( 1563): value add! up= 0 down = 892
I/traffic_xml( 1563): mobile last! up= 0 down = 1353137
I/traffic_xml( 1563): mobile now and display ! up= 0 down = 1354029 all = 1322KB
I/TrafficXtStats( 1563): TrafficXtStats setStatusNULL!
I/traffic_xml( 1563): last_connection_type is mobile
I/traffic_xml( 1563): refreshTrafficInfo(String[], boolean), new strategy!
I/TrafficXtStats( 1563): current iface is rmnet0 uid is 0
I/TrafficXtStats( 1563): current iface is rmnet0 uid is 0
I/TrafficXtStats( 1563): current iface is rmnet0 uid is 1000
I/TrafficXtStats( 1563): current iface is rmnet0 uid is 1000
I/TrafficXtStats( 1563): current iface is rmnet0 uid is 1001
I/TrafficXtStats( 1563): current iface is rmnet0 uid is 1001
I/TrafficXtStats( 1563): current iface is rmnet0 uid is 10024
I/TrafficXtStats( 1563): current iface is rmnet0 uid is 10024
I/TrafficXtStats( 1563): current iface is rmnet0 uid is 10031
I/TrafficXtStats( 1563): current iface is rmnet0 uid is 10031
I/TrafficXtStats( 1563): current iface is rmnet0 uid is 10049
I/TrafficXtStats( 1563): current iface is rmnet0 uid is 10049
I/TrafficXtStats( 1563): current iface is rmnet0 uid is 10079
I/TrafficXtStats( 1563): current iface is rmnet0 uid is 10079
I/TrafficXtStats( 1563): current iface is rmnet0 uid is 10080
I/TrafficXtStats( 1563): current iface is rmnet0 uid is 10080
I/TrafficXtStats( 1563): current iface is rmnet0 uid is 10081
I/TrafficXtStats( 1563): current iface is rmnet0 uid is 10081
I/TrafficXtStats( 1563): current iface is rmnet0 uid is 10083
I/TrafficXtStats( 1563): current iface is rmnet0 uid is 10083
I/TrafficXtStats( 1563): current iface is rmnet0 uid is 10084
I/TrafficXtStats( 1563): current iface is rmnet0 uid is 10084
I/TrafficXtStats( 1563): current iface is rmnet0 uid is 10092
I/TrafficXtStats( 1563): current iface is rmnet0 uid is 10092
I/TrafficXtStats( 1563): current iface is rmnet0 uid is 10096
I/TrafficXtStats( 1563): current iface is rmnet0 uid is 10096
I/TrafficXtStats( 1563): current iface is rmnet0 uid is 10098
I/TrafficXtStats( 1563): current iface is rmnet0 uid is 10098
I/TrafficXtStats( 1563): current iface is rmnet0 uid is 10103
I/TrafficXtStats( 1563): current iface is rmnet0 uid is 10103
I/TrafficXtStats( 1563): current iface is rmnet0 uid is 10104
I/TrafficXtStats( 1563): current iface is rmnet0 uid is 10104
I/TrafficXtStats( 1563): current iface is rmnet0 uid is 10105
I/TrafficXtStats( 1563): current iface is rmnet0 uid is 10105
I/TrafficXtStats( 1563): current iface is rmnet0 uid is 10107
I/TrafficXtStats( 1563): current iface is rmnet0 uid is 10107
I/TrafficXtStats( 1563): current iface is rmnet0 uid is 10109
I/TrafficXtStats( 1563): current iface is rmnet0 uid is 10109
I/TrafficXtStats( 1563): current iface is rmnet0 uid is 10129
I/TrafficXtStats( 1563): current iface is rmnet0 uid is 10129
I/TrafficXtStats( 1563): current iface is rmnet0 uid is 10130
I/TrafficXtStats( 1563): current iface is rmnet0 uid is 10130
I/TrafficXtStats( 1563): current iface is rmnet0 uid is 10142
I/TrafficXtStats( 1563): current iface is rmnet0 uid is 10142
I/TrafficXtStats( 1563): current iface is rmnet0 uid is 10150
I/TrafficXtStats( 1563): current iface is rmnet0 uid is 10150
I/TrafficXtStats( 1563): /proc/net/xt_qtaguid/stats read rx successfully!
I/TrafficXtStats( 1563): in TX mTrafficMobileMap builds successfully!size is 23
I/TrafficXtStats( 1563): mTrafficMobileMap contains the uid 10103
I/TrafficXtStats( 1563): TX  value is 0
I/TrafficXtStats( 1563): in RX mTrafficMobileMap exists!
I/TrafficXtStats( 1563): mTrafficMobileMap contains the uid 10103
I/TrafficXtStats( 1563): RX  value is 173311
I/traffic_xml( 1563): new trategy, count type mobile. uid: 10103
I/traffic_xml( 1563):  stored up: 0. stored down = 173251
I/traffic_xml( 1563): current up: 0. current down = 173311
I/traffic_xml( 1563): value add! up= 0 down = 60
I/traffic_xml( 1563): mobile last! up= 0 down = 1354029
I/traffic_xml( 1563): mobile now and display ! up= 0 down = 1354089 all = 1322KB
I/TrafficXtStats( 1563): TrafficXtStats setStatusNULL!
I/AppsCleanUp( 3446): initWakelockApps->start
E/Parcel  ( 3065): Reading a NULL string not supported here.
E/Parcel  ( 3065): Reading a NULL string not supported here.
E/Parcel  ( 3065): Reading a NULL string not supported here.
E/Parcel  ( 3065): Reading a NULL string not supported here.
I/HwSystemManager( 3720): HoldService:preHoldShow start!
I/HwSystemManager( 3720): HoldService:The prePermissionType is: 1
I/HwSystemManager( 3720): HoldService:preHoldShow start!
I/HwSystemManager( 3720): HoldService:The prePermissionType is: 1
I/HwSystemManager( 3720): HoldService:preHoldShow start!
I/HwSystemManager( 3720): HoldService:The prePermissionType is: 1
I/CameraClient( 2425): Opening camera 0
I/CameraHardwareCore( 2425): CAMERA_HAL_VERSION: tag_K3V3C10B232_jazz_L09_150507,GIT_LOG:1fff8c7
I/        ( 2425): [CAMERA]enter open_camera_dev
I/CameraMsgQueue( 2425): [CAMERA_EVENT] thread [MsgQueueThread] started [thread id = 1665]
I/        ( 2425): [CAMERA]thread:cam_logu_poll_thd start
I/        ( 2425): [CAMERA]enter ispv3_base_init()
I/        ( 2425): [CAMERA]get_isp_node_name : model = hisi_config.
I/        ( 2425): 
I/        ( 2425): [CAMERA]get_isp_node_name : model = hisi_camera.
I/        ( 2425): 
I/        ( 2425): [CAMERA]get_isp_node_name: node_name=video0.
I/        ( 2425): 
I/        ( 2425): [CAMERA]ispv3_base_open : node = video0.
I/        ( 2425): 
I/        ( 2425): [CAMERA]get_isp_subdev_node_name : model = hisi_config.
I/        ( 2425): 
I/        ( 2425): [CAMERA]get_isp_subdev_node_name: node_name=v4l-subdev2.
I/        ( 2425): 
I/        ( 2425): [CAMERA]ispv3_subdev_open : node = v4l-subdev2.
I/        ( 2425): 
I/        ( 2425): [CAMERA]base: 0xe8400000, size: 0x100000
I/        ( 2425): [CAMERA]PTBA: 0x3f600000, PTVA: 0x40000000
I/        ( 2425): [CAMERA]enter ispv3_isr_start
I/        ( 2425): [CAMERA]enter k3_camdrv_open
I/        ( 2425): [CAMERA]new thread user_isr_proc
I/        ( 2425): [CAMERA]k3_sensor_get_name sensor name is imx214_sunny.
I/        ( 2425): 
I/        ( 2425): [CAMERA]k3_sensor_load dlopen libcamera_sensor.so ok.
I/        ( 2425): [CAMERA]k3_sensor_load sensor_init load ok
I/        ( 2425): [CAMERA]imx214_get_product_name product name is mogolia.
I/        ( 2425): 
I/        ( 2425): [CAMERA]product name: mogolia
I/        ( 2425): 
I/        ( 2425): [CAMERA]k3_sensor_attach name=imx214_sunny
I/        ( 2425): [CAMERA]k3_vcm_get_node_name : model = hisi_config.
I/        ( 2425): 
I/        ( 2425): [CAMERA]k3_vcm_get_node_name: node_name=v4l-subdev3.
I/        ( 2425): 
I/        ( 2425): [CAMERA]ispv3_vcm_open : node = v4l-subdev3.
I/        ( 2425): 
I/        ( 2425): [CAMERA]k3_vcm_get_name vcm name is dw9714.
I/        ( 2425): 
I/        ( 2425): [CAMERA]k3_flash_get_node_name : model = hisi_config.
I/        ( 2425): 
I/        ( 2425): [CAMERA]k3_flash_get_node_name: node_name=v4l-subdev4.
I/        ( 2425): 
I/        ( 2425): [CAMERA]k3_flash_open : node = v4l-subdev4.
I/        ( 2425): 
I/        ( 2425): [CAMERA]k3_flash_get_name flash name is tps61310.
I/        ( 2425): 
I/        ( 2425): [CAMERA]enter k3_buffer_init_queue
I/        ( 2425): [CAMERA]enter k3_buffer_init
I/        ( 2425): [CAMERA]enter k3_buffer_init_queue
I/        ( 2425): [CAMERA]enter k3_buffer_init
I/        ( 2425): [CAMERA]enter k3_buffer_init_queue
I/        ( 2425): [CAMERA]enter k3_buffer_init
I/        ( 2425): [CAMERA]enter k3_buffer_init_queue
I/        ( 2425): [CAMERA]enter k3_buffer_init
I/        ( 2425): [CAMERA]enter k3_buffer_init_queue
I/        ( 2425): [CAMERA]enter k3_buffer_init
I/        ( 2425): [CAMERA]enter k3_buffer_init_queue
I/        ( 2425): [CAMERA]enter k3_buffer_init
I/        ( 2425): [CAMERA]enter ispv3_ae_init
I/        ( 2425): [CAMERA]enter ispv3_metadata_prepare
I/        ( 2425): [CAMERA]exit ispv3_metadata_prepare
I/        ( 2425): [CAMERA]enter k3_isp_flow_init zsl_mode:0
I/        ( 2425): [CAMERA]k3isp_entity_load enter
I/        ( 2425): 
I/        ( 2425): [CAMERA]dw9714_get_vcm_otp vcm_start=0x86,vcm_end=0x19e
I/        ( 2425): [CAMERA]hwa_entity_get_awb_otp flow=0.
I/        ( 2425): [CAMERA]hwa_entity_get_product_name product name is mogolia.
I/        ( 2425): 
I/CameraHardwareCore( 2425): [CAMERA_EVENT] open camera device[0] OK
I/HwaInterfaceImpl( 2425): [HWA] enter initStaticMetadata()
I/HwAlgorithmicInformation( 2425): HwAlgorithmicInformation construction
I/HwAlgorithmicInformation( 2425): SMARTAE_HAL enter getDefAETargetFromDriver()
I/PPStrategy( 2425): CAMERA_HAL MODE PPStrategy status: PP=1, Davinci=1, Beauty=1, MultiDesnoise=1, Hdr=1, SuperZoom=1, Bestshot=1, Denoise=1, ColorEffect=1
I/ContinuousAutoFocusThread( 2425): [CAMERA_EVENT] thread [continuous-autofocus-thread] started [thread id = 1670]
I/SingleAutoFocusThread( 2425): [CAMERA_EVENT] thread [autofocus-thread] started [thread id = 1669]
I/PostBufferThread( 2425): [HWA] [getTotalMemory] total memory =3013MB
I/PostBufferThread( 2425): [HWA] thread [PostBufferThread] constructed
I/JpegEncoderThread( 2425): [CAMERA_EVENT] thread [JpegEncoderThread] started [thread id = 1671]
I/PostBufferThread( 2425): [HWA] thread [PostBufferThread] started [thread id = 1672]
E/CameraUtils( 2425): open file error /sys/kernel/debug/boardid/common/camera/faceIgnoreCount
E/IppThirdPartAlgo( 2425): load third part lib failed!
I/IppAlgoPopulator( 2425): register preview algo [hisi-anti-banding]
I/IppAlgoPopulator( 2425): register preview algo [hisi-video-stabilization-sw]
I/IppAlgoPopulator( 2425): register preview algo [hisi-color-effect]
I/IppAlgoPopulator( 2425): register preview algo [hw-omron-face-detect]
I/IppAlgoPopulator( 2425): register preview algo [hw-auto-scene-detect]
I/IppAlgoPopulator( 2425): register preview algo [hw-omron-face-smooth]
I/IppAlgoPopulator( 2425): register preview algo [hw-smart-ae]
I/IppAlgoPopulator( 2425): register preview algo [hw-alc-awb]
I/IppAlgoPopulator( 2425): register preview algo [auckland-target-tracking]
I/IppAlgoPopulator( 2425): register preview algo [hw-hdr-movie-ae]
I/IppAlgoPopulator( 2425): register preview algo [hw-face-mirror]
I/IppAlgoPopulator( 2425): register snapshot algo [hisi-color-effect]
E/        ( 2425): [CAMERA]k3_isp_enum_fmt stream 0 invalid parameters, index=4, max_index=4
I/CameraCapMisc( 2425): [CAMERA_PARAM] back sensor, software st is ready, so enable software videost
E/        ( 2425): [CAMERA]k3_isp_enum_fmt stream 1 invalid parameters, index=4, max_index=4
I/HwaInterfaceImpl( 2425): [HWA] getProductName: get product name[mogolia] successfully!
I/CameraCapZSL( 2425): queryCapability:camera.debug.zsl.enable = 1.
E/        ( 2425): [CAMERA]sensor_enum_frame_intervals out of MAX FRAMERATE.
E/        ( 2425): 
E/        ( 2425): [CAMERA]k3_camdrv_enum_fps enum_frameintervals index 31 failed!
I/CameraCapSceneMode( 2425): HWA value is not 0, size is 19
I/CameraCapSceneMode( 2425): HWA scene: auto,action,portrait,landscape,night,night-portrait,theatre,beach,snow,fireworks,candlelight,hdr,hwauto
I/HwaInterfaceImpl( 2425): [HWA] getVcmRange(), get vcm range: [128, 536], return: 0
I/CameraMagnifier( 2425): queryCapability(), vcm valid range: [128, 536]
I/HwaInterfaceImpl( 2425): [HWA] getVcmRange(), get vcm range: [128, 536], return: 0
I/CameraCapManualFocus( 2425): queryCapability(), vcm valid range: [128, 536]
