int logctl_get(): open '/dev/hwlog_switch' fail -1, 13. Permission denied

Note: log switch off, only log_main and log_events will have logs!
--------- beginning of /dev/log/main
W/ResourceType( 3488): No known package when getting name for resource number 0x9c010102
W/ResourceType( 3488): No known package when getting name for resource number 0x9c010202
W/ResourceType( 3488): No known package when getting name for resource number 0x9c010302
W/ResourceType( 3488): No known package when getting name for resource number 0x9c010003
W/ResourceType( 3488): No known package when getting name for resource number 0x9c010103
W/ResourceType( 3488): No known package when getting name for resource number 0x9b000000
W/ResourceType( 3488): No known package when getting name for resource number 0x9b010100
W/ResourceType( 3488): No known package when getting name for resource number 0x9b020200
W/ResourceType( 3488): No known package when getting name for resource number 0x9b030300
W/ResourceType( 3488): No known package when getting name for resource number 0x9b040400
W/ResourceType( 3488): No known package when getting name for resource number 0x9c020000
W/ResourceType( 3488): No known package when getting name for resource number 0x9c020100
W/ResourceType( 3488): No known package when getting name for resource number 0x9c020200
W/ResourceType( 3488): No known package when getting name for resource number 0x9c020300
W/ResourceType( 3488): No known package when getting name for resource number 0x9c020001
W/ResourceType( 3488): No known package when getting name for resource number 0x9c020101
W/ResourceType( 3488): No known package when getting name for resource number 0x9c020201
W/ResourceType( 3488): No known package when getting name for resource number 0x9c020301
W/ResourceType( 3488): No known package when getting name for resource number 0x9c020002
W/ResourceType( 3488): No known package when getting name for resource number 0x9c020202
W/ResourceType( 3488): No known package when getting name for resource number 0x9c020202
W/ResourceType( 3488): No known package when getting name for resource number 0x9c010000
W/ResourceType( 3488): No known package when getting name for resource number 0x9c010100
W/ResourceType( 3488): No known package when getting name for resource number 0x9c010200
W/ResourceType( 3488): No known package when getting name for resource number 0x9c010300
W/ResourceType( 3488): No known package when getting name for resource number 0x9c010001
W/ResourceType( 3488): No known package when getting name for resource number 0x9c010101
W/ResourceType( 3488): No known package when getting name for resource number 0x9c010201
W/ResourceType( 3488): No known package when getting name for resource number 0x9c010301
W/ResourceType( 3488): No known package when getting name for resource number 0x9c010002
W/ResourceType( 3488): No known package when getting name for resource number 0x9c010102
W/ResourceType( 3488): No known package when getting name for resource number 0x9c010202
W/ResourceType( 3488): No known package when getting name for resource number 0x9c010302
W/ResourceType( 3488): No known package when getting name for resource number 0x9c010003
W/ResourceType( 3488): No known package when getting name for resource number 0x9c010103
W/ResourceType( 3488): No known package when getting name for resource number 0x9b000000
W/ResourceType( 3488): No known package when getting name for resource number 0x9b010100
W/ResourceType( 3488): No known package when getting name for resource number 0x9b020200
W/ResourceType( 3488): No known package when getting name for resource number 0x9b030300
W/ResourceType( 3488): No known package when getting name for resource number 0x9b040400
W/ResourceType( 3488): No known package when getting name for resource number 0x9c020000
W/ResourceType( 3488): No known package when getting name for resource number 0x9c020100
W/ResourceType( 3488): No known package when getting name for resource number 0x9c020200
W/ResourceType( 3488): No known package when getting name for resource number 0x9c020300
W/ResourceType( 3488): No known package when getting name for resource number 0x9c020001
W/ResourceType( 3488): No known package when getting name for resource number 0x9c020101
W/ResourceType( 3488): No known package when getting name for resource number 0x9c020201
W/ResourceType( 3488): No known package when getting name for resource number 0x9c020301
W/ResourceType( 3488): No known package when getting name for resource number 0x9c020002
W/ResourceType( 3488): No known package when getting name for resource number 0x9c020202
W/ResourceType( 3488): No known package when getting name for resource number 0x9c020202
W/ResourceType( 3488): No known package when getting name for resource number 0x9c010000
W/ResourceType( 3488): No known package when getting name for resource number 0x9c010100
W/ResourceType( 3488): No known package when getting name for resource number 0x9c010200
W/ResourceType( 3488): No known package when getting name for resource number 0x9c010300
W/ResourceType( 3488): No known package when getting name for resource number 0x9c010001
W/ResourceType( 3488): No known package when getting name for resource number 0x9c010101
W/ResourceType( 3488): No known package when getting name for resource number 0x9c010201
W/ResourceType( 3488): No known package when getting name for resource number 0x9c010301
W/ResourceType( 3488): No known package when getting name for resource number 0x9c010002
W/ResourceType( 3488): No known package when getting name for resource number 0x9c010102
W/ResourceType( 3488): No known package when getting name for resource number 0x9c010202
W/ResourceType( 3488): No known package when getting name for resource number 0x9c010302
W/ResourceType( 3488): No known package when getting name for resource number 0x9c010003
W/ResourceType( 3488): No known package when getting name for resource number 0x9c010103
W/ResourceType( 3488): No known package when getting name for resource number 0x9b000000
W/ResourceType( 3488): No known package when getting name for resource number 0x9b010100
W/ResourceType( 3488): No known package when getting name for resource number 0x9b020200
W/ResourceType( 3488): No known package when getting name for resource number 0x9b030300
W/ResourceType( 3488): No known package when getting name for resource number 0x9b040400
W/ResourceType( 3488): No known package when getting name for resource number 0x9c020000
W/ResourceType( 3488): No known package when getting name for resource number 0x9c020100
W/ResourceType( 3488): No known package when getting name for resource number 0x9c020200
W/ResourceType( 3488): No known package when getting name for resource number 0x9c020300
W/ResourceType( 3488): No known package when getting name for resource number 0x9c020001
W/ResourceType( 3488): No known package when getting name for resource number 0x9c020101
W/ResourceType( 3488): No known package when getting name for resource number 0x9c020201
W/ResourceType( 3488): No known package when getting name for resource number 0x9c020301
W/ResourceType( 3488): No known package when getting name for resource number 0x9c020002
W/ResourceType( 3488): No known package when getting name for resource number 0x9c020202
W/ResourceType( 3488): No known package when getting name for resource number 0x9c020202
W/ResourceType( 3488): No known package when getting name for resource number 0x9c010000
W/ResourceType( 3488): No known package when getting name for resource number 0x9c010100
W/ResourceType( 3488): No known package when getting name for resource number 0x9c010200
W/ResourceType( 3488): No known package when getting name for resource number 0x9c010300
W/ResourceType( 3488): No known package when getting name for resource number 0x9c010001
W/ResourceType( 3488): No known package when getting name for resource number 0x9c010101
W/ResourceType( 3488): No known package when getting name for resource number 0x9c010201
W/ResourceType( 3488): No known package when getting name for resource number 0x9c010301
W/ResourceType( 3488): No known package when getting name for resource number 0x9c010002
W/ResourceType( 3488): No known package when getting name for resource number 0x9c010102
W/ResourceType( 3488): No known package when getting name for resource number 0x9c010202
W/ResourceType( 3488): No known package when getting name for resource number 0x9c010302
W/ResourceType( 3488): No known package when getting name for resource number 0x9c010003
W/ResourceType( 3488): No known package when getting name for resource number 0x9c010103
W/ResourceType( 3488): No known package when getting name for resource number 0x9b000000
W/ResourceType( 3488): No known package when getting name for resource number 0x9b010100
W/ResourceType( 3488): No known package when getting name for resource number 0x9b020200
W/ResourceType( 3488): No known package when getting name for resource number 0x9b030300
W/ResourceType( 3488): No known package when getting name for resource number 0x9b040400
W/ResourceType( 3488): No known package when getting name for resource number 0x9c020000
W/ResourceType( 3488): No known package when getting name for resource number 0x9c020100
W/ResourceType( 3488): No known package when getting name for resource number 0x9c020200
W/ResourceType( 3488): No known package when getting name for resource number 0x9c020300
W/ResourceType( 3488): No known package when getting name for resource number 0x9c020001
W/ResourceType( 3488): No known package when getting name for resource number 0x9c020101
W/ResourceType( 3488): No known package when getting name for resource number 0x9c020201
W/ResourceType( 3488): No known package when getting name for resource number 0x9c020301
W/ResourceType( 3488): No known package when getting name for resource number 0x9c020002
W/ResourceType( 3488): No known package when getting name for resource number 0x9c020202
W/ResourceType( 3488): No known package when getting name for resource number 0x9c020202
W/ResourceType( 3488): No known package when getting name for resource number 0x9c010000
W/ResourceType( 3488): No known package when getting name for resource number 0x9c010100
W/ResourceType( 3488): No known package when getting name for resource number 0x9c010200
W/ResourceType( 3488): No known package when getting name for resource number 0x9c010300
W/ResourceType( 3488): No known package when getting name for resource number 0x9c010001
W/ResourceType( 3488): No known package when getting name for resource number 0x9c010101
W/ResourceType( 3488): No known package when getting name for resource number 0x9c010201
W/ResourceType( 3488): No known package when getting name for resource number 0x9c010301
W/ResourceType( 3488): No known package when getting name for resource number 0x9c010002
W/ResourceType( 3488): No known package when getting name for resource number 0x9c010102
W/ResourceType( 3488): No known package when getting name for resource number 0x9c010202
W/ResourceType( 3488): No known package when getting name for resource number 0x9c010302
W/ResourceType( 3488): No known package when getting name for resource number 0x9c010003
W/ResourceType( 3488): No known package when getting name for resource number 0x9c010103
W/ResourceType( 3488): No known package when getting name for resource number 0x9b000000
W/ResourceType( 3488): No known package when getting name for resource number 0x9b010100
W/ResourceType( 3488): No known package when getting name for resource number 0x9b020200
W/ResourceType( 3488): No known package when getting name for resource number 0x9b030300
W/ResourceType( 3488): No known package when getting name for resource number 0x9b040400
W/ResourceType( 3488): No known package when getting name for resource number 0x9c020000
W/ResourceType( 3488): No known package when getting name for resource number 0x9c020100
W/ResourceType( 3488): No known package when getting name for resource number 0x9c020200
W/ResourceType( 3488): No known package when getting name for resource number 0x9c020300
W/ResourceType( 3488): No known package when getting name for resource number 0x9c020001
W/ResourceType( 3488): No known package when getting name for resource number 0x9c020101
W/ResourceType( 3488): No known package when getting name for resource number 0x9c020201
W/ResourceType( 3488): No known package when getting name for resource number 0x9c020301
W/ResourceType( 3488): No known package when getting name for resource number 0x9c020002
W/ResourceType( 3488): No known package when getting name for resource number 0x9c020202
W/ResourceType( 3488): No known package when getting name for resource number 0x9c020202
W/ResourceType( 3488): No known package when getting name for resource number 0x9c010000
W/ResourceType( 3488): No known package when getting name for resource number 0x9c010100
W/ResourceType( 3488): No known package when getting name for resource number 0x9c010200
W/ResourceType( 3488): No known package when getting name for resource number 0x9c010300
W/ResourceType( 3488): No known package when getting name for resource number 0x9c010001
W/ResourceType( 3488): No known package when getting name for resource number 0x9c010101
W/ResourceType( 3488): No known package when getting name for resource number 0x9c010201
W/ResourceType( 3488): No known package when getting name for resource number 0x9c010301
W/ResourceType( 3488): No known package when getting name for resource number 0x9c010002
W/ResourceType( 3488): No known package when getting name for resource number 0x9c010102
W/ResourceType( 3488): No known package when getting name for resource number 0x9c010202
W/ResourceType( 3488): No known package when getting name for resource number 0x9c010302
W/ResourceType( 3488): No known package when getting name for resource number 0x9c010003
W/ResourceType( 3488): No known package when getting name for resource number 0x9c010103
W/ResourceType( 3488): No known package when getting name for resource number 0x9b000000
W/ResourceType( 3488): No known package when getting name for resource number 0x9b010100
W/ResourceType( 3488): No known package when getting name for resource number 0x9b020200
W/ResourceType( 3488): No known package when getting name for resource number 0x9b030300
W/ResourceType( 3488): No known package when getting name for resource number 0x9b040400
W/ResourceType( 3488): No known package when getting name for resource number 0x9c020000
W/ResourceType( 3488): No known package when getting name for resource number 0x9c020100
W/ResourceType( 3488): No known package when getting name for resource number 0x9c020200
W/ResourceType( 3488): No known package when getting name for resource number 0x9c020300
W/ResourceType( 3488): No known package when getting name for resource number 0x9c020001
W/ResourceType( 3488): No known package when getting name for resource number 0x9c020101
W/ResourceType( 3488): No known package when getting name for resource number 0x9c020201
W/ResourceType( 3488): No known package when getting name for resource number 0x9c020301
W/ResourceType( 3488): No known package when getting name for resource number 0x9c020002
W/ResourceType( 3488): No known package when getting name for resource number 0x9c020202
W/ResourceType( 3488): No known package when getting name for resource number 0x9c020202
W/ResourceType( 3488): No known package when getting name for resource number 0x9c010000
W/ResourceType( 3488): No known package when getting name for resource number 0x9c010100
W/ResourceType( 3488): No known package when getting name for resource number 0x9c010200
W/ResourceType( 3488): No known package when getting name for resource number 0x9c010300
W/ResourceType( 3488): No known package when getting name for resource number 0x9c010001
W/ResourceType( 3488): No known package when getting name for resource number 0x9c010101
W/ResourceType( 3488): No known package when getting name for resource number 0x9c010201
W/ResourceType( 3488): No known package when getting name for resource number 0x9c010301
W/ResourceType( 3488): No known package when getting name for resource number 0x9c010002
W/ResourceType( 3488): No known package when getting name for resource number 0x9c010102
W/ResourceType( 3488): No known package when getting name for resource number 0x9c010202
W/ResourceType( 3488): No known package when getting name for resource number 0x9c010302
W/ResourceType( 3488): No known package when getting name for resource number 0x9c010003
W/ResourceType( 3488): No known package when getting name for resource number 0x9c010103
W/ResourceType( 3488): No known package when getting name for resource number 0x9b000000
W/ResourceType( 3488): No known package when getting name for resource number 0x9b010100
W/ResourceType( 3488): No known package when getting name for resource number 0x9b020200
W/ResourceType( 3488): No known package when getting name for resource number 0x9b030300
W/ResourceType( 3488): No known package when getting name for resource number 0x9b040400
W/ResourceType( 3488): No known package when getting name for resource number 0x9c020000
W/ResourceType( 3488): No known package when getting name for resource number 0x9c020100
W/ResourceType( 3488): No known package when getting name for resource number 0x9c020200
W/ResourceType( 3488): No known package when getting name for resource number 0x9c020300
W/ResourceType( 3488): No known package when getting name for resource number 0x9c020001
W/ResourceType( 3488): No known package when getting name for resource number 0x9c020101
W/ResourceType( 3488): No known package when getting name for resource number 0x9c020201
W/ResourceType( 3488): No known package when getting name for resource number 0x9c020301
W/ResourceType( 3488): No known package when getting name for resource number 0x9c020002
W/ResourceType( 3488): No known package when getting name for resource number 0x9c020202
W/ResourceType( 3488): No known package when getting name for resource number 0x9c020202
W/ResourceType( 3488): No known package when getting name for resource number 0x9c010000
W/ResourceType( 3488): No known package when getting name for resource number 0x9c010100
W/ResourceType( 3488): No known package when getting name for resource number 0x9c010200
W/ResourceType( 3488): No known package when getting name for resource number 0x9c010300
W/ResourceType( 3488): No known package when getting name for resource number 0x9c010001
W/ResourceType( 3488): No known package when getting name for resource number 0x9c010101
W/ResourceType( 3488): No known package when getting name for resource number 0x9c010201
W/ResourceType( 3488): No known package when getting name for resource number 0x9c010301
W/ResourceType( 3488): No known package when getting name for resource number 0x9c010002
W/ResourceType( 3488): No known package when getting name for resource number 0x9c010102
W/ResourceType( 3488): No known package when getting name for resource number 0x9c010202
W/ResourceType( 3488): No known package when getting name for resource number 0x9c010302
W/ResourceType( 3488): No known package when getting name for resource number 0x9c010003
W/ResourceType( 3488): No known package when getting name for resource number 0x9c010103
W/ResourceType( 3488): No known package when getting name for resource number 0x9b000000
W/ResourceType( 3488): No known package when getting name for resource number 0x9b010100
W/ResourceType( 3488): No known package when getting name for resource number 0x9b020200
W/ResourceType( 3488): No known package when getting name for resource number 0x9b030300
W/ResourceType( 3488): No known package when getting name for resource number 0x9b040400
W/ResourceType( 3488): No known package when getting name for resource number 0x9c020000
W/ResourceType( 3488): No known package when getting name for resource number 0x9c020100
W/ResourceType( 3488): No known package when getting name for resource number 0x9c020200
W/ResourceType( 3488): No known package when getting name for resource number 0x9c020300
W/ResourceType( 3488): No known package when getting name for resource number 0x9c020001
W/ResourceType( 3488): No known package when getting name for resource number 0x9c020101
W/ResourceType( 3488): No known package when getting name for resource number 0x9c020201
W/ResourceType( 3488): No known package when getting name for resource number 0x9c020301
W/ResourceType( 3488): No known package when getting name for resource number 0x9c020002
W/ResourceType( 3488): No known package when getting name for resource number 0x9c020202
W/ResourceType( 3488): No known package when getting name for resource number 0x9c020202
W/ResourceType( 3488): No known package when getting name for resource number 0x9c010000
W/ResourceType( 3488): No known package when getting name for resource number 0x9c010100
W/ResourceType( 3488): No known package when getting name for resource number 0x9c010200
W/ResourceType( 3488): No known package when getting name for resource number 0x9c010300
W/ResourceType( 3488): No known package when getting name for resource number 0x9c010001
W/ResourceType( 3488): No known package when getting name for resource number 0x9c010101
W/ResourceType( 3488): No known package when getting name for resource number 0x9c010201
W/ResourceType( 3488): No known package when getting name for resource number 0x9c010301
W/ResourceType( 3488): No known package when getting name for resource number 0x9c010002
W/ResourceType( 3488): No known package when getting name for resource number 0x9c010102
W/ResourceType( 3488): No known package when getting name for resource number 0x9c010202
W/ResourceType( 3488): No known package when getting name for resource number 0x9c010302
W/ResourceType( 3488): No known package when getting name for resource number 0x9c010003
W/ResourceType( 3488): No known package when getting name for resource number 0x9c010103
W/ResourceType( 3488): No known package when getting name for resource number 0x9b000000
W/ResourceType( 3488): No known package when getting name for resource number 0x9b010100
W/ResourceType( 3488): No known package when getting name for resource number 0x9b020200
W/ResourceType( 3488): No known package when getting name for resource number 0x9b030300
W/ResourceType( 3488): No known package when getting name for resource number 0x9b040400
W/ResourceType( 3488): No known package when getting name for resource number 0x9c020000
W/ResourceType( 3488): No known package when getting name for resource number 0x9c020100
W/ResourceType( 3488): No known package when getting name for resource number 0x9c020200
W/ResourceType( 3488): No known package when getting name for resource number 0x9c020300
W/ResourceType( 3488): No known package when getting name for resource number 0x9c020001
W/ResourceType( 3488): No known package when getting name for resource number 0x9c020101
W/ResourceType( 3488): No known package when getting name for resource number 0x9c020201
W/ResourceType( 3488): No known package when getting name for resource number 0x9c020301
W/ResourceType( 3488): No known package when getting name for resource number 0x9c020002
W/ResourceType( 3488): No known package when getting name for resource number 0x9c020202
W/ResourceType( 3488): No known package when getting name for resource number 0x9c020202
W/ResourceType( 3488): No known package when getting name for resource number 0x9c010000
W/ResourceType( 3488): No known package when getting name for resource number 0x9c010100
W/ResourceType( 3488): No known package when getting name for resource number 0x9c010200
W/ResourceType( 3488): No known package when getting name for resource number 0x9c010300
W/ResourceType( 3488): No known package when getting name for resource number 0x9c010001
W/ResourceType( 3488): No known package when getting name for resource number 0x9c010101
W/ResourceType( 3488): No known package when getting name for resource number 0x9c010201
W/ResourceType( 3488): No known package when getting name for resource number 0x9c010301
W/ResourceType( 3488): No known package when getting name for resource number 0x9c010002
W/ResourceType( 3488): No known package when getting name for resource number 0x9c010102
W/ResourceType( 3488): No known package when getting name for resource number 0x9c010202
W/ResourceType( 3488): No known package when getting name for resource number 0x9c010302
W/ResourceType( 3488): No known package when getting name for resource number 0x9c010003
W/ResourceType( 3488): No known package when getting name for resource number 0x9c010103
W/ResourceType( 3488): No known package when getting name for resource number 0x9b000000
W/ResourceType( 3488): No known package when getting name for resource number 0x9b010100
W/ResourceType( 3488): No known package when getting name for resource number 0x9b020200
W/ResourceType( 3488): No known package when getting name for resource number 0x9b030300
W/ResourceType( 3488): No known package when getting name for resource number 0x9b040400
W/ResourceType( 3488): No known package when getting name for resource number 0x9c020000
W/ResourceType( 3488): No known package when getting name for resource number 0x9c020100
W/ResourceType( 3488): No known package when getting name for resource number 0x9c020200
W/ResourceType( 3488): No known package when getting name for resource number 0x9c020300
W/ResourceType( 3488): No known package when getting name for resource number 0x9c020001
W/ResourceType( 3488): No known package when getting name for resource number 0x9c020101
W/ResourceType( 3488): No known package when getting name for resource number 0x9c020201
W/ResourceType( 3488): No known package when getting name for resource number 0x9c020301
W/ResourceType( 3488): No known package when getting name for resource number 0x9c020002
W/ResourceType( 3488): No known package when getting name for resource number 0x9c020202
W/ResourceType( 3488): No known package when getting name for resource number 0x9c020202
W/ResourceType( 3488): No known package when getting name for resource number 0x9c010000
W/ResourceType( 3488): No known package when getting name for resource number 0x9c010100
W/ResourceType( 3488): No known package when getting name for resource number 0x9c010200
W/ResourceType( 3488): No known package when getting name for resource number 0x9c010300
W/ResourceType( 3488): No known package when getting name for resource number 0x9c010001
W/ResourceType( 3488): No known package when getting name for resource number 0x9c010101
W/ResourceType( 3488): No known package when getting name for resource number 0x9c010201
W/ResourceType( 3488): No known package when getting name for resource number 0x9c010301
W/ResourceType( 3488): No known package when getting name for resource number 0x9c010002
W/ResourceType( 3488): No known package when getting name for resource number 0x9c010102
W/ResourceType( 3488): No known package when getting name for resource number 0x9c010202
W/ResourceType( 3488): No known package when getting name for resource number 0x9c010302
W/ResourceType( 3488): No known package when getting name for resource number 0x9c010003
W/ResourceType( 3488): No known package when getting name for resource number 0x9c010103
W/ResourceType( 3488): No known package when getting name for resource number 0x9b000000
W/ResourceType( 3488): No known package when getting name for resource number 0x9b010100
W/ResourceType( 3488): No known package when getting name for resource number 0x9b020200
W/ResourceType( 3488): No known package when getting name for resource number 0x9b030300
W/ResourceType( 3488): No known package when getting name for resource number 0x9b040400
E/android_hardware_fm.cpp( 1099): register_android_hardware_fm_fmradio
E/FM_HAL  ( 1099): [FM_HAL], fm_dynamic_lib is libbcmfm_if
E/FM_HAL  ( 1099): [FM_HAL], libname is libbcmfm_if
E/fm_if.c ( 1099): find the id:libbcmfm_if and begins to open the devices
E/android_hardware_fm.cpp( 1099): register_android_hardware_fm_fmradio, ret is 0
E/        ( 1099): ProtocolErrorLog wangkang test!!
W/ResourceType( 3488): No known package when getting name for resource number 0x9c020000
W/ResourceType( 3488): No known package when getting name for resource number 0x9c020100
W/ResourceType( 3488): No known package when getting name for resource number 0x9c020200
W/ResourceType( 3488): No known package when getting name for resource number 0x9c020300
W/ResourceType( 3488): No known package when getting name for resource number 0x9c020001
W/ResourceType( 3488): No known package when getting name for resource number 0x9c020101
W/ResourceType( 3488): No known package when getting name for resource number 0x9c020201
W/ResourceType( 3488): No known package when getting name for resource number 0x9c020301
W/ResourceType( 3488): No known package when getting name for resource number 0x9c020002
W/ResourceType( 3488): No known package when getting name for resource number 0x9c020202
W/ResourceType( 3488): No known package when getting name for resource number 0x9c020202
W/ResourceType( 3488): No known package when getting name for resource number 0x9c010000
W/ResourceType( 3488): No known package when getting name for resource number 0x9c010100
W/ResourceType( 3488): No known package when getting name for resource number 0x9c010200
W/ResourceType( 3488): No known package when getting name for resource number 0x9c010300
W/ResourceType( 3488): No known package when getting name for resource number 0x9c010001
W/ResourceType( 3488): No known package when getting name for resource number 0x9c010101
W/ResourceType( 3488): No known package when getting name for resource number 0x9c010201
W/ResourceType( 3488): No known package when getting name for resource number 0x9c010301
W/ResourceType( 3488): No known package when getting name for resource number 0x9c010002
W/ResourceType( 3488): No known package when getting name for resource number 0x9c010102
W/ResourceType( 3488): No known package when getting name for resource number 0x9c010202
W/ResourceType( 3488): No known package when getting name for resource number 0x9c010302
W/ResourceType( 3488): No known package when getting name for resource number 0x9c010003
W/ResourceType( 3488): No known package when getting name for resource number 0x9c010103
I/Input   ( 1099): injectKeyEvent: KeyEvent { action=ACTION_DOWN, keyCode=KEYCODE_HOME, scanCode=0, metaState=0, flags=0x0, repeatCount=0, eventTime=15908233, downTime=15908233, deviceId=-1, source=0x101 }
E/Legacy PowerHAL( 3065): Error writing to /sys/devices/system/cpu/cpu0/cpufreq/interactive/boostpulse: No such device
I/Input   ( 1099): injectKeyEvent: KeyEvent { action=ACTION_UP, keyCode=KEYCODE_HOME, scanCode=0, metaState=0, flags=0x0, repeatCount=0, eventTime=15908233, downTime=15908233, deviceId=-1, source=0x101 }
E/Legacy PowerHAL( 3065): Error writing to /sys/devices/system/cpu/cpu0/cpufreq/interactive/boostpulse: No such device
E/HwLauncher( 3488): Launcher dialog dismiss failed : java.lang.IllegalArgumentException: no dialog with id 1 was ever shown via Activity#showDialog
I/HwLauncher( 3488): Launcher onPause()
W/HwLauncher( 3488): Launcher.MotionManager failed to stop TYPE_SHAKE_CHANGE_WALLPAPER
W/HwLauncher( 3488): Launcher.MotionManager failed to stop TYPE_SHAKE_START_PRIVACY
I/HwLauncher( 3488): Launcher  onNewIntent mIsToUninstallApp = false
E/HwLauncher( 3488): Launcher dialog dismiss failed : java.lang.IllegalArgumentException: no dialog with id 1 was ever shown via Activity#showDialog
I/HwLauncher( 3488): PagedView snapToPage.getChildOffset(): 0
I/HwLauncher( 3488): PagedView snapToPage.getRelativeChildOffset(): 1080, 1080
W/HwLauncher( 3488): Launcher null folder is animating process
I/HwLauncher( 3488): Launcher onResume()
I/HwLauncher( 3488): Launcher doResumeWork()
W/View    ( 3238): requestLayout() improperly called by com.android.systemui.statusbar.phone.IconMerger{433afb20 V.E..... ........ 0,0-270,75 #7f0a0067 app:id/notificationIcons} during second layout pass: posting in next frame
W/MotionDetectionManager( 3488): startMotionAppsReco motionApps: 402 disabled
W/HwLauncher( 3488): Launcher.MotionManager failed to start TYPE_SHAKE_CHANGE_WALLPAPER
I/HwLauncher( 3488): Launcher.MotionManager startShakeMotion mIsShakeInHome=true
W/MotionDetectionManager( 3488): startMotionAppsReco motionApps: 404 disabled
W/HwLauncher( 3488): Launcher.MotionManager failed to start TYPE_SHAKE_START_PRIVACY
I/HwLauncher( 3488): Launcher changeNaviBarStatus
W/HwLauncher( 3488): Launcher  updateMarginLayoutParamsForView:the target view is null.
I/HwLauncher( 3488): Launcher  onResume mIsToUninstallApp = false
W/ResourceType( 3488): No known package when getting name for resource number 0x9b000000
W/ResourceType( 3488): No known package when getting name for resource number 0x9b010100
W/ResourceType( 3488): No known package when getting name for resource number 0x9b020200
W/ResourceType( 3488): No known package when getting name for resource number 0x9b030300
W/ResourceType( 3488): No known package when getting name for resource number 0x9b040400
W/ResourceType( 3488): No known package when getting name for resource number 0x9c020000
W/ResourceType( 3488): No known package when getting name for resource number 0x9c020100
W/ResourceType( 3488): No known package when getting name for resource number 0x9c020200
W/ResourceType( 3488): No known package when getting name for resource number 0x9c020300
W/ResourceType( 3488): No known package when getting name for resource number 0x9c020001
W/ResourceType( 3488): No known package when getting name for resource number 0x9c020101
W/ResourceType( 3488): No known package when getting name for resource number 0x9c020201
W/ResourceType( 3488): No known package when getting name for resource number 0x9c020301
W/ResourceType( 3488): No known package when getting name for resource number 0x9c020002
W/ResourceType( 3488): No known package when getting name for resource number 0x9c020202
W/ResourceType( 3488): No known package when getting name for resource number 0x9c020202
W/ResourceType( 3488): No known package when getting name for resource number 0x9c010000
W/ResourceType( 3488): No known package when getting name for resource number 0x9c010100
W/ResourceType( 3488): No known package when getting name for resource number 0x9c010200
W/ResourceType( 3488): No known package when getting name for resource number 0x9c010300
W/ResourceType( 3488): No known package when getting name for resource number 0x9c010001
W/ResourceType( 3488): No known package when getting name for resource number 0x9c010101
W/ResourceType( 3488): No known package when getting name for resource number 0x9c010201
W/ResourceType( 3488): No known package when getting name for resource number 0x9c010301
W/ResourceType( 3488): No known package when getting name for resource number 0x9c010002
W/ResourceType( 3488): No known package when getting name for resource number 0x9c010102
W/ResourceType( 3488): No known package when getting name for resource number 0x9c010202
W/ResourceType( 3488): No known package when getting name for resource number 0x9c010302
W/ResourceType( 3488): No known package when getting name for resource number 0x9c010003
W/ResourceType( 3488): No known package when getting name for resource number 0x9c010103
W/View    ( 3238): requestLayout() improperly called by com.android.systemui.statusbar.phone.IconMerger{433afb20 V.E..... ......I. 0,0-270,75 #7f0a0067 app:id/notificationIcons} during layout: running second layout pass
I/AndroidRuntime(  901): VM exiting with result code 0.
E/android_hardware_fm.cpp( 1120): register_android_hardware_fm_fmradio
E/FM_HAL  ( 1120): [FM_HAL], fm_dynamic_lib is libbcmfm_if
E/FM_HAL  ( 1120): [FM_HAL], libname is libbcmfm_if
E/fm_if.c ( 1120): find the id:libbcmfm_if and begins to open the devices
E/android_hardware_fm.cpp( 1120): register_android_hardware_fm_fmradio, ret is 0
E/        ( 1120): ProtocolErrorLog wangkang test!!
E/jdwp    ( 1120): Failed sending reply to debugger: Bad file number
W/View    ( 3238): requestLayout() improperly called by com.android.systemui.statusbar.phone.IconMerger{433afb20 V.E..... ......I. 0,0-270,75 #7f0a0067 app:id/notificationIcons} during layout: running second layout pass
W/View    ( 3238): requestLayout() improperly called by com.android.systemui.statusbar.phone.IconMerger{433afb20 V.E..... ........ 0,0-270,75 #7f0a0067 app:id/notificationIcons} during second layout pass: posting in next frame
W/View    ( 3238): requestLayout() improperly called by com.android.systemui.statusbar.phone.IconMerger{433afb20 V.E..... ......I. 0,0-270,75 #7f0a0067 app:id/notificationIcons} during second layout pass: posting in next frame
E/Thermal-daemon( 2431): [ap] temp_new :42  temp_old :41
E/Thermal-daemon( 2431): Report temperature: [ap] temp :42  report_threshold:1
I/ThermalStateManager( 3446): thermal action: cpu_a15 policy:1497600
W/View    ( 3238): requestLayout() improperly called by com.android.systemui.statusbar.phone.IconMerger{433afb20 V.E..... ......I. 0,0-270,75 #7f0a0067 app:id/notificationIcons} during layout: running second layout pass
W/View    ( 3238): requestLayout() improperly called by com.android.systemui.statusbar.phone.IconMerger{433afb20 V.E..... ......I. 0,0-270,75 #7f0a0067 app:id/notificationIcons} during layout: running second layout pass
W/View    ( 3238): requestLayout() improperly called by com.android.systemui.statusbar.phone.IconMerger{433afb20 V.E..... ........ 0,0-270,75 #7f0a0067 app:id/notificationIcons} during second layout pass: posting in next frame
W/View    ( 3238): requestLayout() improperly called by com.android.systemui.statusbar.phone.IconMerger{433afb20 V.E..... ......I. 0,0-270,75 #7f0a0067 app:id/notificationIcons} during second layout pass: posting in next frame
W/View    ( 3238): requestLayout() improperly called by com.android.systemui.statusbar.phone.IconMerger{433afb20 V.E..... ......I. 0,0-270,75 #7f0a0067 app:id/notificationIcons} during layout: running second layout pass
E/Parcel  ( 3065): Reading a NULL string not supported here.
I/HwSystemManager( 3720): HoldService:preHoldShow start!
I/HwSystemManager( 3720): HoldService:The prePermissionType is: 1
I/HwSystemManager( 3720): HoldService:preHoldShow start!
I/HwSystemManager( 3720): HoldService:The prePermissionType is: 1
I/HwLauncher( 3488): Launcher.LauncherProvider  begin check permission at checkPermission 
W/System.err( 3488): java.lang.SecurityException: Permission Denial: reading com.huawei.android.launcher.LauncherProvider from pid=11956, uid=10079 requires com.huawei.android.launcher.permission.WRITE_SETTINGS: uid 10079 does not have com.huawei.android.launcher.permission.WRITE_SETTINGS.
W/System.err( 3488): 	at android.app.ContextImpl.enforce(ContextImpl.java:1775)
W/System.err( 3488): 	at android.app.ContextImpl.enforcePermission(ContextImpl.java:1787)
W/System.err( 3488): 	at android.content.ContextWrapper.enforcePermission(ContextWrapper.java:561)
W/System.err( 3488): 	at com.huawei.android.launcher.LauncherProvider.checkPermission(LauncherProvider.java:560)
W/System.err( 3488): 	at com.huawei.android.launcher.LauncherProvider.call(LauncherProvider.java:575)
W/System.err( 3488): 	at android.content.ContentProvider$Transport.call(ContentProvider.java:325)
W/System.err( 3488): 	at android.content.ContentProviderNative.onTransact(ContentProviderNative.java:284)
W/System.err( 3488): 	at android.os.Binder.execTransact(Binder.java:404)
W/System.err( 3488): 	at dalvik.system.NativeStart.run(Native Method)
E/DatabaseUtils( 3488): Writing exception to parcel
E/DatabaseUtils( 3488): java.lang.SecurityException: Permission Denial: reading com.huawei.android.launcher.LauncherProvider from pid=11956, uid=10079 requires com.huawei.android.launcher.permission.WRITE_SETTINGS: uid 10079 does not have com.huawei.android.launcher.permission.WRITE_SETTINGS.
E/DatabaseUtils( 3488): 	at android.app.ContextImpl.enforce(ContextImpl.java:1775)
E/DatabaseUtils( 3488): 	at android.app.ContextImpl.enforcePermission(ContextImpl.java:1787)
E/DatabaseUtils( 3488): 	at android.content.ContextWrapper.enforcePermission(ContextWrapper.java:561)
E/DatabaseUtils( 3488): 	at com.huawei.android.launcher.LauncherProvider.checkPermission(LauncherProvider.java:560)
E/DatabaseUtils( 3488): 	at com.huawei.android.launcher.LauncherProvider.call(LauncherProvider.java:575)
E/DatabaseUtils( 3488): 	at android.content.ContentProvider$Transport.call(ContentProvider.java:325)
E/DatabaseUtils( 3488): 	at android.content.ContentProviderNative.onTransact(ContentProviderNative.java:284)
E/DatabaseUtils( 3488): 	at android.os.Binder.execTransact(Binder.java:404)
E/DatabaseUtils( 3488): 	at dalvik.system.NativeStart.run(Native Method)
E/Thermal-daemon( 2431): [ap] temp_new :41  temp_old :42
E/Thermal-daemon( 2431): Report temperature: [ap] temp :41  report_threshold:1
W/View    ( 3238): requestLayout() improperly called by com.android.systemui.statusbar.phone.IconMerger{433afb20 V.E..... ......I. 0,0-270,75 #7f0a0067 app:id/notificationIcons} during layout: running second layout pass
W/View    ( 3238): requestLayout() improperly called by com.android.systemui.statusbar.phone.IconMerger{433afb20 V.E..... ........ 0,0-270,75 #7f0a0067 app:id/notificationIcons} during second layout pass: posting in next frame
W/View    ( 3238): requestLayout() improperly called by com.android.systemui.statusbar.phone.IconMerger{433afb20 V.E..... ......I. 0,0-270,75 #7f0a0067 app:id/notificationIcons} during second layout pass: posting in next frame
I/CAPALiteReceiver( 3446): USER STATE: STATIONARY SUB STATE: UNKNOWN
W/View    ( 3238): requestLayout() improperly called by com.android.systemui.statusbar.phone.IconMerger{433afb20 V.E..... ......I. 0,0-270,75 #7f0a0067 app:id/notificationIcons} during layout: running second layout pass
E/Parcel  ( 3065): Reading a NULL string not supported here.
W/View    ( 3238): requestLayout() improperly called by com.android.systemui.statusbar.phone.IconMerger{433afb20 V.E..... ......I. 0,0-270,75 #7f0a0067 app:id/notificationIcons} during layout: running second layout pass
W/View    ( 3238): requestLayout() improperly called by com.android.systemui.statusbar.phone.IconMerger{433afb20 V.E..... ........ 0,0-270,75 #7f0a0067 app:id/notificationIcons} during second layout pass: posting in next frame
W/View    ( 3238): requestLayout() improperly called by com.android.systemui.statusbar.phone.IconMerger{433afb20 V.E..... ......I. 0,0-270,75 #7f0a0067 app:id/notificationIcons} during second layout pass: posting in next frame
I/HwLauncher( 3488): ClockDynamicUpdater date changed!!!!!!
I/HwLauncher( 3488): DynamicIconData , getDrawableForDynamic begin, pkg = com.android.deskclock, picName = deskclock_bg
I/HwLauncher( 3488): DynamicIconData , getDrawableForDynamic end, pkg = com.android.deskclock, picName = deskclock_bg
I/HwLauncher( 3488): DynamicIconData , getDrawableForDynamic begin, pkg = com.android.deskclock, picName = deskclock_bg
I/HwLauncher( 3488): DynamicIconData , getDrawableForDynamic end, pkg = com.android.deskclock, picName = deskclock_bg
I/HwLauncher( 3488): Launcher.Utilities createIconBitmap sourceWidth = 180sourceHeight = 180
I/HwLauncher( 3488): ClockDynamicUpdater calender update folder at CalenderDynamicUpdater
I/HwLauncher( 3488): DynamicUpdater call updateFolder
I/HwLauncher( 3488): ClockDynamicUpdater Calender update and call updateFolder
I/HwLauncher( 3488): CalenderDynamicUpdater date changed!!!!!!
I/HwLauncher( 3488): CalenderDynamicUpdater Calender update and call updateFolder
W/View    ( 3238): requestLayout() improperly called by com.android.systemui.statusbar.phone.IconMerger{433afb20 V.E..... ......I. 0,0-270,75 #7f0a0067 app:id/notificationIcons} during layout: running second layout pass
W/View    ( 3238): requestLayout() improperly called by com.android.systemui.statusbar.phone.IconMerger{433afb20 V.E..... ......I. 0,0-270,75 #7f0a0067 app:id/notificationIcons} during layout: running second layout pass
W/View    ( 3238): requestLayout() improperly called by com.android.systemui.statusbar.phone.IconMerger{433afb20 V.E..... ........ 0,0-270,75 #7f0a0067 app:id/notificationIcons} during second layout pass: posting in next frame
W/View    ( 3238): requestLayout() improperly called by com.android.systemui.statusbar.phone.IconMerger{433afb20 V.E..... ......I. 0,0-270,75 #7f0a0067 app:id/notificationIcons} during second layout pass: posting in next frame
E/Thermal-daemon( 2431): [ap] temp_new :40  temp_old :41
E/Thermal-daemon( 2431): Report temperature: [ap] temp :40  report_threshold:1
I/ThermalStateManager( 3446): thermal action: cpu_a15 policy:0
W/View    ( 3238): requestLayout() improperly called by com.android.systemui.statusbar.phone.IconMerger{433afb20 V.E..... ......I. 0,0-270,75 #7f0a0067 app:id/notificationIcons} during layout: running second layout pass
W/View    ( 3238): requestLayout() improperly called by com.android.systemui.statusbar.phone.IconMerger{433afb20 V.E..... ......I. 0,0-270,75 #7f0a0067 app:id/notificationIcons} during layout: running second layout pass
W/View    ( 3238): requestLayout() improperly called by com.android.systemui.statusbar.phone.IconMerger{433afb20 V.E..... ........ 0,0-270,75 #7f0a0067 app:id/notificationIcons} during second layout pass: posting in next frame
W/View    ( 3238): requestLayout() improperly called by com.android.systemui.statusbar.phone.IconMerger{433afb20 V.E..... ......I. 0,0-270,75 #7f0a0067 app:id/notificationIcons} during second layout pass: posting in next frame
W/View    ( 3238): requestLayout() improperly called by com.android.systemui.statusbar.phone.IconMerger{433afb20 V.E..... ......I. 0,0-270,75 #7f0a0067 app:id/notificationIcons} during layout: running second layout pass
I/HwSystemManager( 3720): HoldService:preHoldShow start!
I/HwSystemManager( 3720): HoldService:The prePermissionType is: 1
I/HwSystemManager( 3720): HoldService:preHoldShow start!
I/HwSystemManager( 3720): HoldService:The prePermissionType is: 1
W/View    ( 3238): requestLayout() improperly called by com.android.systemui.statusbar.phone.IconMerger{433afb20 V.E..... ......I. 0,0-270,75 #7f0a0067 app:id/notificationIcons} during layout: running second layout pass
W/View    ( 3238): requestLayout() improperly called by com.android.systemui.statusbar.phone.IconMerger{433afb20 V.E..... ........ 0,0-270,75 #7f0a0067 app:id/notificationIcons} during second layout pass: posting in next frame
W/View    ( 3238): requestLayout() improperly called by com.android.systemui.statusbar.phone.IconMerger{433afb20 V.E..... ......I. 0,0-270,75 #7f0a0067 app:id/notificationIcons} during second layout pass: posting in next frame
W/View    ( 3238): requestLayout() improperly called by com.android.systemui.statusbar.phone.IconMerger{433afb20 V.E..... ......I. 0,0-270,75 #7f0a0067 app:id/notificationIcons} during layout: running second layout pass
E/Thermal-daemon( 2431): [ap] temp_new :39  temp_old :40
E/Thermal-daemon( 2431): Report temperature: [ap] temp :39  report_threshold:1
W/View    ( 3238): requestLayout() improperly called by com.android.systemui.statusbar.phone.IconMerger{433afb20 V.E..... ......I. 0,0-270,75 #7f0a0067 app:id/notificationIcons} during layout: running second layout pass
W/View    ( 3238): requestLayout() improperly called by com.android.systemui.statusbar.phone.IconMerger{433afb20 V.E..... ........ 0,0-270,75 #7f0a0067 app:id/notificationIcons} during second layout pass: posting in next frame
W/View    ( 3238): requestLayout() improperly called by com.android.systemui.statusbar.phone.IconMerger{433afb20 V.E..... ......I. 0,0-270,75 #7f0a0067 app:id/notificationIcons} during second layout pass: posting in next frame
W/View    ( 3238): requestLayout() improperly called by com.android.systemui.statusbar.phone.IconMerger{433afb20 V.E..... ......I. 0,0-270,75 #7f0a0067 app:id/notificationIcons} during layout: running second layout pass
I/HwSystemManager( 3720): HoldService:preHoldShow start!
I/HwSystemManager( 3720): HoldService:The prePermissionType is: 1
W/View    ( 3238): requestLayout() improperly called by com.android.systemui.statusbar.phone.IconMerger{433afb20 V.E..... ......I. 0,0-270,75 #7f0a0067 app:id/notificationIcons} during layout: running second layout pass
W/View    ( 3238): requestLayout() improperly called by com.android.systemui.statusbar.phone.IconMerger{433afb20 V.E..... ........ 0,0-270,75 #7f0a0067 app:id/notificationIcons} during second layout pass: posting in next frame
W/View    ( 3238): requestLayout() improperly called by com.android.systemui.statusbar.phone.IconMerger{433afb20 V.E..... ......I. 0,0-270,75 #7f0a0067 app:id/notificationIcons} during second layout pass: posting in next frame
W/View    ( 3238): requestLayout() improperly called by com.android.systemui.statusbar.phone.IconMerger{433afb20 V.E..... ......I. 0,0-270,75 #7f0a0067 app:id/notificationIcons} during layout: running second layout pass
I/CAPALiteReceiver( 3446): USER STATE: STATIONARY SUB STATE: UNKNOWN
W/View    ( 3238): requestLayout() improperly called by com.android.systemui.statusbar.phone.IconMerger{433afb20 V.E..... ......I. 0,0-270,75 #7f0a0067 app:id/notificationIcons} during layout: running second layout pass
